Archive member included to satisfy reference by file (symbol)

/opt/st/stm32cubeide_1.19.0/plugins/com.st.stm32cube.ide.mcu.externaltools.gnu-tools-for-stm32.13.3.rel1.linux64_1.0.0.202410170706/tools/bin/../lib/gcc/arm-none-eabi/13.3.1/../../../../arm-none-eabi/lib/thumb/v6-m/nofp/libc_nano.a(libc_a-exit.o)
                              /opt/st/stm32cubeide_1.19.0/plugins/com.st.stm32cube.ide.mcu.externaltools.gnu-tools-for-stm32.13.3.rel1.linux64_1.0.0.202410170706/tools/bin/../lib/gcc/arm-none-eabi/13.3.1/../../../../arm-none-eabi/lib/thumb/v6-m/nofp/crt0.o (exit)
/opt/st/stm32cubeide_1.19.0/plugins/com.st.stm32cube.ide.mcu.externaltools.gnu-tools-for-stm32.13.3.rel1.linux64_1.0.0.202410170706/tools/bin/../lib/gcc/arm-none-eabi/13.3.1/../../../../arm-none-eabi/lib/thumb/v6-m/nofp/libc_nano.a(libc_a-findfp.o)
                              /opt/st/stm32cubeide_1.19.0/plugins/com.st.stm32cube.ide.mcu.externaltools.gnu-tools-for-stm32.13.3.rel1.linux64_1.0.0.202410170706/tools/bin/../lib/gcc/arm-none-eabi/13.3.1/../../../../arm-none-eabi/lib/thumb/v6-m/nofp/libc_nano.a(libc_a-exit.o) (__stdio_exit_handler)
/opt/st/stm32cubeide_1.19.0/plugins/com.st.stm32cube.ide.mcu.externaltools.gnu-tools-for-stm32.13.3.rel1.linux64_1.0.0.202410170706/tools/bin/../lib/gcc/arm-none-eabi/13.3.1/../../../../arm-none-eabi/lib/thumb/v6-m/nofp/libc_nano.a(libc_a-fwalk.o)
                              /opt/st/stm32cubeide_1.19.0/plugins/com.st.stm32cube.ide.mcu.externaltools.gnu-tools-for-stm32.13.3.rel1.linux64_1.0.0.202410170706/tools/bin/../lib/gcc/arm-none-eabi/13.3.1/../../../../arm-none-eabi/lib/thumb/v6-m/nofp/libc_nano.a(libc_a-findfp.o) (_fwalk_sglue)
/opt/st/stm32cubeide_1.19.0/plugins/com.st.stm32cube.ide.mcu.externaltools.gnu-tools-for-stm32.13.3.rel1.linux64_1.0.0.202410170706/tools/bin/../lib/gcc/arm-none-eabi/13.3.1/../../../../arm-none-eabi/lib/thumb/v6-m/nofp/libc_nano.a(libc_a-printf.o)
                              ./Core/Src/ms58.o (printf)
/opt/st/stm32cubeide_1.19.0/plugins/com.st.stm32cube.ide.mcu.externaltools.gnu-tools-for-stm32.13.3.rel1.linux64_1.0.0.202410170706/tools/bin/../lib/gcc/arm-none-eabi/13.3.1/../../../../arm-none-eabi/lib/thumb/v6-m/nofp/libc_nano.a(libc_a-puts.o)
                              ./Core/Src/ms58.o (puts)
/opt/st/stm32cubeide_1.19.0/plugins/com.st.stm32cube.ide.mcu.externaltools.gnu-tools-for-stm32.13.3.rel1.linux64_1.0.0.202410170706/tools/bin/../lib/gcc/arm-none-eabi/13.3.1/../../../../arm-none-eabi/lib/thumb/v6-m/nofp/libc_nano.a(libc_a-stdio.o)
                              /opt/st/stm32cubeide_1.19.0/plugins/com.st.stm32cube.ide.mcu.externaltools.gnu-tools-for-stm32.13.3.rel1.linux64_1.0.0.202410170706/tools/bin/../lib/gcc/arm-none-eabi/13.3.1/../../../../arm-none-eabi/lib/thumb/v6-m/nofp/libc_nano.a(libc_a-findfp.o) (__sread)
/opt/st/stm32cubeide_1.19.0/plugins/com.st.stm32cube.ide.mcu.externaltools.gnu-tools-for-stm32.13.3.rel1.linux64_1.0.0.202410170706/tools/bin/../lib/gcc/arm-none-eabi/13.3.1/../../../../arm-none-eabi/lib/thumb/v6-m/nofp/libc_nano.a(libc_a-wbuf.o)
                              /opt/st/stm32cubeide_1.19.0/plugins/com.st.stm32cube.ide.mcu.externaltools.gnu-tools-for-stm32.13.3.rel1.linux64_1.0.0.202410170706/tools/bin/../lib/gcc/arm-none-eabi/13.3.1/../../../../arm-none-eabi/lib/thumb/v6-m/nofp/libc_nano.a(libc_a-puts.o) (__swbuf_r)
/opt/st/stm32cubeide_1.19.0/plugins/com.st.stm32cube.ide.mcu.externaltools.gnu-tools-for-stm32.13.3.rel1.linux64_1.0.0.202410170706/tools/bin/../lib/gcc/arm-none-eabi/13.3.1/../../../../arm-none-eabi/lib/thumb/v6-m/nofp/libc_nano.a(libc_a-wsetup.o)
                              /opt/st/stm32cubeide_1.19.0/plugins/com.st.stm32cube.ide.mcu.externaltools.gnu-tools-for-stm32.13.3.rel1.linux64_1.0.0.202410170706/tools/bin/../lib/gcc/arm-none-eabi/13.3.1/../../../../arm-none-eabi/lib/thumb/v6-m/nofp/libc_nano.a(libc_a-puts.o) (__swsetup_r)
/opt/st/stm32cubeide_1.19.0/plugins/com.st.stm32cube.ide.mcu.externaltools.gnu-tools-for-stm32.13.3.rel1.linux64_1.0.0.202410170706/tools/bin/../lib/gcc/arm-none-eabi/13.3.1/../../../../arm-none-eabi/lib/thumb/v6-m/nofp/libc_nano.a(libc_a-memset.o)
                              /opt/st/stm32cubeide_1.19.0/plugins/com.st.stm32cube.ide.mcu.externaltools.gnu-tools-for-stm32.13.3.rel1.linux64_1.0.0.202410170706/tools/bin/../lib/gcc/arm-none-eabi/13.3.1/../../../../arm-none-eabi/lib/thumb/v6-m/nofp/crt0.o (memset)
/opt/st/stm32cubeide_1.19.0/plugins/com.st.stm32cube.ide.mcu.externaltools.gnu-tools-for-stm32.13.3.rel1.linux64_1.0.0.202410170706/tools/bin/../lib/gcc/arm-none-eabi/13.3.1/../../../../arm-none-eabi/lib/thumb/v6-m/nofp/libc_nano.a(libc_a-closer.o)
                              /opt/st/stm32cubeide_1.19.0/plugins/com.st.stm32cube.ide.mcu.externaltools.gnu-tools-for-stm32.13.3.rel1.linux64_1.0.0.202410170706/tools/bin/../lib/gcc/arm-none-eabi/13.3.1/../../../../arm-none-eabi/lib/thumb/v6-m/nofp/libc_nano.a(libc_a-stdio.o) (_close_r)
[...]
Memory Configuration

Name             Origin             Length             Attributes
RAM              0x20000000         0x00005000         xrw
FLASH            0x08000000         0x00020000         xr
*default*        0x00000000         0xffffffff

Linker script and memory map

LOAD /opt/st/stm32cubeide_1.19.0/plugins/com.st.stm32cube.ide.mcu.externaltools.gnu-tools-for-stm32.13.3.rel1.linux64_1.0.0.202410170706/tools/bin/../lib/gcc/arm-none-eabi/13.3.1/thumb/v6-m/nofp/crti.o
LOAD /opt/st/stm32cubeide_1.19.0/plugins/com.st.stm32cube.ide.mcu.externaltools.gnu-tools-for-stm32.13.3.rel1.linux64_1.0.0.202410170706/tools/bin/../lib/gcc/arm-none-eabi/13.3.1/thumb/v6-m/nofp/crtbegin.o
LOAD /opt/st/stm32cubeide_1.19.0/plugins/com.st.stm32cube.ide.mcu.externaltools.gnu-tools-for-stm32.13.3.rel1.linux64_1.0.0.202410170706/tools/bin/../lib/gcc/arm-none-eabi/13.3.1/../../../../arm-none-eabi/lib/thumb/v6-m/nofp/crt0.o
LOAD ./Core/Src/main.o
LOAD ./Core/Src/ms58.o
LOAD ./Core/Src/ms5837_hal.o
LOAD ./Core/Src/stm32l0xx_hal_msp.o
LOAD ./Core/Src/stm32l0xx_it.o
LOAD ./Core/Src/syscalls.o
LOAD ./Core/Src/sysmem.o
LOAD ./Core/Src/system_stm32l0xx.o
LOAD ./Core/Startup/startup_stm32l072cbtx.o
LOAD ./Drivers/STM32L0xx_HAL_Driver/stm32l0xx_hal.o
LOAD ./Drivers/STM32L0xx_HAL_Driver/stm32l0xx_hal_cortex.o
LOAD ./Drivers/STM32L0xx_HAL_Driver/stm32l0xx_hal_dac.o
LOAD ./Drivers/STM32L0xx_HAL_Driver/stm32l0xx_hal_dac_ex.o
LOAD ./Drivers/STM32L0xx_HAL_Driver/stm32l0xx_hal_dma.o
LOAD ./Drivers/STM32L0xx_HAL_Driver/stm32l0xx_hal_exti.o
LOAD ./Drivers/STM32L0xx_HAL_Driver/stm32l0xx_hal_flash.o
LOAD ./Drivers/STM32L0xx_HAL_Driver/stm32l0xx_hal_flash_ex.o
LOAD ./Drivers/STM32L0xx_HAL_Driver/stm32l0xx_hal_flash_ramfunc.o
LOAD ./Drivers/STM32L0xx_HAL_Driver/stm32l0xx_hal_gpio.o
LOAD ./Drivers/STM32L0xx_HAL_Driver/stm32l0xx_hal_i2c.o
LOAD ./Drivers/STM32L0xx_HAL_Driver/stm32l0xx_hal_i2c_ex.o
LOAD ./Drivers/STM32L0xx_HAL_Driver/stm32l0xx_hal_pwr.o
LOAD ./Drivers/STM32L0xx_HAL_Driver/stm32l0xx_hal_pwr_ex.o
LOAD ./Drivers/STM32L0xx_HAL_Driver/stm32l0xx_hal_rcc.o
LOAD ./Drivers/STM32L0xx_HAL_Driver/stm32l0xx_hal_rcc_ex.o
LOAD ./Drivers/STM32L0xx_HAL_Driver/stm32l0xx_hal_tim.o
LOAD ./Drivers/STM32L0xx_HAL_Driver/stm32l0xx_hal_tim_ex.o
START GROUP
LOAD /opt/st/stm32cubeide_1.19.0/plugins/com.st.stm32cube.ide.mcu.externaltools.gnu-tools-for-stm32.13.3.rel1.linux64_1.0.0.202410170706/tools/bin/../lib/gcc/arm-none-eabi/13.3.1/../../../../arm-none-eabi/lib/thumb/v6-m/nofp/libc_nano.a
LOAD /opt/st/stm32cubeide_1.19.0/plugins/com.st.stm32cube.ide.mcu.externaltools.gnu-tools-for-stm32.13.3.rel1.linux64_1.0.0.202410170706/tools/bin/../lib/gcc/arm-none-eabi/13.3.1/../../../../arm-none-eabi/lib/thumb/v6-m/nofp/libm.a
END GROUP
START GROUP
LOAD /opt/st/stm32cubeide_1.19.0/plugins/com.st.stm32cube.ide.mcu.externaltools.gnu-tools-for-stm32.13.3.rel1.linux64_1.0.0.202410170706/tools/bin/../lib/gcc/arm-none-eabi/13.3.1/thumb/v6-m/nofp/libgcc.a
LOAD /opt/st/stm32cubeide_1.19.0/plugins/com.st.stm32cube.ide.mcu.externaltools.gnu-tools-for-stm32.13.3.rel1.linux64_1.0.0.202410170706/tools/bin/../lib/gcc/arm-none-eabi/13.3.1/../../../../arm-none-eabi/lib/thumb/v6-m/nofp/libc_nano.a
END GROUP
START GROUP
LOAD /opt/st/stm32cubeide_1.19.0/plugins/com.st.stm32cube.ide.mcu.externaltools.gnu-tools-for-stm32.13.3.rel1.linux64_1.0.0.202410170706/tools/bin/../lib/gcc/arm-none-eabi/13.3.1/thumb/v6-m/nofp/libgcc.a
LOAD /opt/st/stm32cubeide_1.19.0/plugins/com.st.stm32cube.ide.mcu.externaltools.gnu-tools-for-stm32.13.3.rel1.linux64_1.0.0.202410170706/tools/bin/../lib/gcc/arm-none-eabi/13.3.1/../../../../arm-none-eabi/lib/thumb/v6-m/nofp/libc_nano.a
LOAD /opt/st/stm32cubeide_1.19.0/plugins/com.st.stm32cube.ide.mcu.externaltools.gnu-tools-for-stm32.13.3.rel1.linux64_1.0.0.202410170706/tools/bin/../lib/gcc/arm-none-eabi/13.3.1/../../../../arm-none-eabi/lib/thumb/v6-m/nofp/libnosys.a
END GROUP
START GROUP
LOAD /opt/st/stm32cubeide_1.19.0/plugins/com.st.stm32cube.ide.mcu.externaltools.gnu-tools-for-stm32.13.3.rel1.linux64_1.0.0.202410170706/tools/bin/../lib/gcc/arm-none-eabi/13.3.1/thumb/v6-m/nofp/libgcc.a
LOAD /opt/st/stm32cubeide_1.19.0/plugins/com.st.stm32cube.ide.mcu.externaltools.gnu-tools-for-stm32.13.3.rel1.linux64_1.0.0.202410170706/tools/bin/../lib/gcc/arm-none-eabi/13.3.1/../../../../arm-none-eabi/lib/thumb/v6-m/nofp/libc_nano.a
LOAD /opt/st/stm32cubeide_1.19.0/plugins/com.st.stm32cube.ide.mcu.externaltools.gnu-tools-for-stm32.13.3.rel1.linux64_1.0.0.202410170706/tools/bin/../lib/gcc/arm-none-eabi/13.3.1/../../../../arm-none-eabi/lib/thumb/v6-m/nofp/libnosys.a
END GROUP
LOAD /opt/st/stm32cubeide_1.19.0/plugins/com.st.stm32cube.ide.mcu.externaltools.gnu-tools-for-stm32.13.3.rel1.linux64_1.0.0.202410170706/tools/bin/../lib/gcc/arm-none-eabi/13.3.1/thumb/v6-m/nofp/crtend.o
LOAD /opt/st/stm32cubeide_1.19.0/plugins/com.st.stm32cube.ide.mcu.externaltools.gnu-tools-for-stm32.13.3.rel1.linux64_1.0.0.202410170706/tools/bin/../lib/gcc/arm-none-eabi/13.3.1/thumb/v6-m/nofp/crtn.o
                0x20005000                        _estack = (ORIGIN (RAM) + LENGTH (RAM))
                0x00000200                        _Min_Heap_Size = 0x200
                0x00000400                        _Min_Stack_Size = 0x400

.isr_vector     0x08000000       0xc0
                0x08000000                        . = ALIGN (0x4)
 *(.isr_vector)
 .isr_vector    0x08000000       0xc0 ./Core/Startup/startup_stm32l072cbtx.o
                0x08000000                g_pfnVectors
                0x080000c0                        . = ALIGN (0x4)

.text           0x080000c0     0x5420
                0x080000c0                        . = ALIGN (0x4)
 *(.text)
 .text          0x080000c0       0x48 /opt/st/stm32cubeide_1.19.0/plugins/com.st.stm32cube.ide.mcu.externaltools.gnu-tools-for-stm32.13.3.rel1.linux64_1.0.0.202410170706/tools/bin/../lib/gcc/arm-none-eabi/13.3.1/thumb/v6-m/nofp/crtbegin.o
 .text          0x08000108       0x14 /opt/st/stm32cubeide_1.19.0/plugins/com.st.stm32cube.ide.mcu.externaltools.gnu-tools-for-stm32.13.3.rel1.linux64_1.0.0.202410170706/tools/bin/../lib/gcc/arm-none-eabi/13.3.1/thumb/v6-m/nofp/libgcc.a(_thumb1_case_shi.o)
                0x08000108                __gnu_thumb1_case_shi
 .text          0x0800011c      0x114 /opt/st/stm32cubeide_1.19.0/plugins/com.st.stm32cube.ide.mcu.externaltools.gnu-tools-for-stm32.13.3.rel1.linux64_1.0.0.202410170706/tools/bin/../lib/gcc/arm-none-eabi/13.3.1/thumb/v6-m/nofp/libgcc.a(_udivsi3.o)
                0x0800011c                __udivsi3
                0x0800011c                __aeabi_uidiv
                0x08000228                __aeabi_uidivmod
 .text          0x08000230        0x4 /opt/st/stm32cubeide_1.19.0/plugins/com.st.stm32cube.ide.mcu.externaltools.gnu-tools-for-stm32.13.3.rel1.linux64_1.0.0.202410170706/tools/bin/../lib/gcc/arm-none-eabi/13.3.1/thumb/v6-m/nofp/libgcc.a(_dvmd_tls.o)
                0x08000230                __aeabi_ldiv0
                0x08000230                __aeabi_idiv0
 .text          0x08000234       0x5c /opt/st/stm32cubeide_1.19.0/plugins/com.st.stm32cube.ide.mcu.externaltools.gnu-tools-for-stm32.13.3.rel1.linux64_1.0.0.202410170706/tools/bin/../lib/gcc/arm-none-eabi/13.3.1/thumb/v6-m/nofp/libgcc.a(_muldi3.o)
                0x08000234                __aeabi_lmul
                0x08000234                __muldi3
 *(.text*)
 .text.sensor_init_once
                0x08000290       0x40 ./Core/Src/main.o
 .text.sensor_do_blocking_read
                0x080002d0       0x70 ./Core/Src/main.o
 .text.main     0x08000340       0x74 ./Core/Src/main.o
                0x08000340                main
 .text.SystemClock_Config
                0x080003b4       0xe4 ./Core/Src/main.o
                0x080003b4                SystemClock_Config
 .text.MX_DAC_Init
                0x08000498       0x70 ./Core/Src/main.o
 .text.MX_I2C1_Init
                0x08000508       0x80 ./Core/Src/main.o
 .text.MX_I2C2_Init
                0x08000588       0x80 ./Core/Src/main.o
 .text.MX_TIM2_Init
                0x08000608       0xa8 ./Core/Src/main.o
 .text.MX_GPIO_Init
                0x080006b0       0x5c ./Core/Src/main.o
 .text.Error_Handler
                0x0800070c        0xc ./Core/Src/main.o
                0x0800070c                Error_Handler
 .text.ms5837_reset
                0x08000718       0x38 ./Core/Src/ms58.o
                0x08000718                ms5837_reset
 .text.ms5837_read_prom
                0x08000750       0xf8 ./Core/Src/ms58.o
                0x08000750                ms5837_read_prom
 .text.ms5837_read_adc
                0x08000848       0x70 ./Core/Src/ms58.o
                0x08000848                ms5837_read_adc
 .text.ms5837_start_conversion
                0x080008b8       0x24 ./Core/Src/ms58.o
                0x080008b8                ms5837_start_conversion
 .text.ms5837_read_temperature_and_pressure
                0x080008dc      0x350 ./Core/Src/ms58.o
                0x080008dc                ms5837_read_temperature_and_pressure
 .text.hal_write_cmd
                0x08000c2c       0x40 ./Core/Src/ms5837_hal.o
 .text.hal_read_data
                0x08000c6c       0x40 ./Core/Src/ms5837_hal.o
 .text.hal_delay
                0x08000cac       0x1e ./Core/Src/ms5837_hal.o
 *fill*         0x08000cca        0x2 
 .text.ms5837_hal_handle_init
                0x08000ccc       0x30 ./Core/Src/ms5837_hal.o
                0x08000ccc                ms5837_hal_handle_init
 .text.HAL_MspInit
                0x08000cfc       0x28 ./Core/Src/stm32l0xx_hal_msp.o
                0x08000cfc                HAL_MspInit
 .text.HAL_DAC_MspInit
                0x08000d24       0x78 ./Core/Src/stm32l0xx_hal_msp.o
                0x08000d24                HAL_DAC_MspInit
 .text.HAL_I2C_MspInit
                0x08000d9c      0x110 ./Core/Src/stm32l0xx_hal_msp.o
                0x08000d9c                HAL_I2C_MspInit
 .text.HAL_TIM_Base_MspInit
                0x08000eac       0x2c ./Core/Src/stm32l0xx_hal_msp.o
                0x08000eac                HAL_TIM_Base_MspInit
 .text.NMI_Handler
                0x08000ed8        0x8 ./Core/Src/stm32l0xx_it.o
                0x08000ed8                NMI_Handler
 .text.HardFault_Handler
                0x08000ee0        0x8 ./Core/Src/stm32l0xx_it.o
                0x08000ee0                HardFault_Handler
 .text.SVC_Handler
                0x08000ee8        0xa ./Core/Src/stm32l0xx_it.o
                0x08000ee8                SVC_Handler
 .text.PendSV_Handler
                0x08000ef2        0xa ./Core/Src/stm32l0xx_it.o
                0x08000ef2                PendSV_Handler
 .text.SysTick_Handler
                0x08000efc        0xe ./Core/Src/stm32l0xx_it.o
                0x08000efc                SysTick_Handler
 *fill*         0x08000f0a        0x2 
 .text.I2C1_IRQHandler
                0x08000f0c       0x30 ./Core/Src/stm32l0xx_it.o
                0x08000f0c                I2C1_IRQHandler
 .text.I2C2_IRQHandler
                0x08000f3c       0x30 ./Core/Src/stm32l0xx_it.o
                0x08000f3c                I2C2_IRQHandler
 .text._read    0x08000f6c       0x3a ./Core/Src/syscalls.o
                0x08000f6c                _read
 .text._write   0x08000fa6       0x38 ./Core/Src/syscalls.o
                0x08000fa6                _write
 .text._close   0x08000fde       0x14 ./Core/Src/syscalls.o
                0x08000fde                _close
 .text._fstat   0x08000ff2       0x1c ./Core/Src/syscalls.o
                0x08000ff2                _fstat
 .text._isatty  0x0800100e       0x12 ./Core/Src/syscalls.o
                0x0800100e                _isatty
 .text._lseek   0x08001020       0x16 ./Core/Src/syscalls.o
                0x08001020                _lseek
 *fill*         0x08001036        0x2 
 .text._sbrk    0x08001038       0x6c ./Core/Src/sysmem.o
                0x08001038                _sbrk
 .text.SystemInit
                0x080010a4        0xa ./Core/Src/system_stm32l0xx.o
                0x080010a4                SystemInit
 *fill*         0x080010ae        0x2 
 .text.Reset_Handler
                0x080010b0       0x50 ./Core/Startup/startup_stm32l072cbtx.o
                0x080010b0                Reset_Handler
 .text.Default_Handler
                0x08001100        0x2 ./Core/Startup/startup_stm32l072cbtx.o
                0x08001100                TSC_IRQHandler
                0x08001100                ADC1_COMP_IRQHandler
                0x08001100                PVD_IRQHandler
                0x08001100                RCC_CRS_IRQHandler
                0x08001100                SPI1_IRQHandler
                0x08001100                TIM6_DAC_IRQHandler
                0x08001100                EXTI2_3_IRQHandler
                0x08001100                RTC_IRQHandler
                0x08001100                DMA1_Channel4_5_6_7_IRQHandler
                0x08001100                TIM3_IRQHandler
                0x08001100                EXTI4_15_IRQHandler
                0x08001100                DMA1_Channel1_IRQHandler
                0x08001100                USART4_5_IRQHandler
                0x08001100                Default_Handler
                0x08001100                TIM22_IRQHandler
                0x08001100                TIM7_IRQHandler
                0x08001100                EXTI0_1_IRQHandler
                0x08001100                USB_IRQHandler
                0x08001100                I2C3_IRQHandler
                0x08001100                SPI2_IRQHandler
                0x08001100                TIM21_IRQHandler
                0x08001100                WWDG_IRQHandler
                0x08001100                TIM2_IRQHandler
                0x08001100                DMA1_Channel2_3_IRQHandler
                0x08001100                USART2_IRQHandler
                0x08001100                FLASH_IRQHandler
                0x08001100                USART1_IRQHandler
                0x08001100                RNG_LPUART1_IRQHandler
                0x08001100                LPTIM1_IRQHandler
 *fill*         0x08001102        0x2 
 .text.HAL_Init
                0x08001104       0x40 ./Drivers/STM32L0xx_HAL_Driver/stm32l0xx_hal.o
                0x08001104                HAL_Init
 .text.HAL_InitTick
                0x08001144       0x68 ./Drivers/STM32L0xx_HAL_Driver/stm32l0xx_hal.o
                0x08001144                HAL_InitTick
 .text.HAL_IncTick
                0x080011ac       0x24 ./Drivers/STM32L0xx_HAL_Driver/stm32l0xx_hal.o
                0x080011ac                HAL_IncTick
 .text.HAL_GetTick
                0x080011d0       0x14 ./Drivers/STM32L0xx_HAL_Driver/stm32l0xx_hal.o
                0x080011d0                HAL_GetTick
 .text.HAL_Delay
                0x080011e4       0x48 ./Drivers/STM32L0xx_HAL_Driver/stm32l0xx_hal.o
                0x080011e4                HAL_Delay
 .text.__NVIC_EnableIRQ
                0x0800122c       0x34 ./Drivers/STM32L0xx_HAL_Driver/stm32l0xx_hal_cortex.o
 .text.__NVIC_SetPriority
                0x08001260       0xdc ./Drivers/STM32L0xx_HAL_Driver/stm32l0xx_hal_cortex.o
 .text.SysTick_Config
                0x0800133c       0x48 ./Drivers/STM32L0xx_HAL_Driver/stm32l0xx_hal_cortex.o
 .text.HAL_NVIC_SetPriority
                0x08001384       0x2a ./Drivers/STM32L0xx_HAL_Driver/stm32l0xx_hal_cortex.o
                0x08001384                HAL_NVIC_SetPriority
 .text.HAL_NVIC_EnableIRQ
                0x080013ae       0x20 ./Drivers/STM32L0xx_HAL_Driver/stm32l0xx_hal_cortex.o
                0x080013ae                HAL_NVIC_EnableIRQ
 .text.HAL_SYSTICK_Config
                0x080013ce       0x1a ./Drivers/STM32L0xx_HAL_Driver/stm32l0xx_hal_cortex.o
                0x080013ce                HAL_SYSTICK_Config
 .text.HAL_DAC_Init
                0x080013e8       0x46 ./Drivers/STM32L0xx_HAL_Driver/stm32l0xx_hal_dac.o
                0x080013e8                HAL_DAC_Init
 *fill*         0x0800142e        0x2 
 .text.HAL_DAC_ConfigChannel
                0x08001430       0x98 ./Drivers/STM32L0xx_HAL_Driver/stm32l0xx_hal_dac.o
                0x08001430                HAL_DAC_ConfigChannel
 .text.HAL_DMA_Abort_IT
                0x080014c8       0x8e ./Drivers/STM32L0xx_HAL_Driver/stm32l0xx_hal_dma.o
                0x080014c8                HAL_DMA_Abort_IT
 .text.HAL_DMA_GetState
                0x08001556       0x18 ./Drivers/STM32L0xx_HAL_Driver/stm32l0xx_hal_dma.o
                0x08001556                HAL_DMA_GetState
 *fill*         0x0800156e        0x2 
 .text.HAL_GPIO_Init
                0x08001570      0x2fc ./Drivers/STM32L0xx_HAL_Driver/stm32l0xx_hal_gpio.o
                0x08001570                HAL_GPIO_Init
 .text.HAL_I2C_Init
                0x0800186c      0x14c ./Drivers/STM32L0xx_HAL_Driver/stm32l0xx_hal_i2c.o
                0x0800186c                HAL_I2C_Init
 .text.HAL_I2C_Master_Transmit
                0x080019b8      0x254 ./Drivers/STM32L0xx_HAL_Driver/stm32l0xx_hal_i2c.o
                0x080019b8                HAL_I2C_Master_Transmit
 .text.HAL_I2C_Master_Receive
                0x08001c0c      0x210 ./Drivers/STM32L0xx_HAL_Driver/stm32l0xx_hal_i2c.o
                0x08001c0c                HAL_I2C_Master_Receive
 .text.HAL_I2C_EV_IRQHandler
                0x08001e1c       0x34 ./Drivers/STM32L0xx_HAL_Driver/stm32l0xx_hal_i2c.o
                0x08001e1c                HAL_I2C_EV_IRQHandler
 .text.HAL_I2C_ER_IRQHandler
                0x08001e50       0xc4 ./Drivers/STM32L0xx_HAL_Driver/stm32l0xx_hal_i2c.o
                0x08001e50                HAL_I2C_ER_IRQHandler
 .text.HAL_I2C_SlaveTxCpltCallback
                0x08001f14       0x10 ./Drivers/STM32L0xx_HAL_Driver/stm32l0xx_hal_i2c.o
                0x08001f14                HAL_I2C_SlaveTxCpltCallback
 .text.HAL_I2C_SlaveRxCpltCallback
                0x08001f24       0x10 ./Drivers/STM32L0xx_HAL_Driver/stm32l0xx_hal_i2c.o
                0x08001f24                HAL_I2C_SlaveRxCpltCallback
 .text.HAL_I2C_AddrCallback
                0x08001f34       0x20 ./Drivers/STM32L0xx_HAL_Driver/stm32l0xx_hal_i2c.o
                0x08001f34                HAL_I2C_AddrCallback
 .text.HAL_I2C_ListenCpltCallback
                0x08001f54       0x10 ./Drivers/STM32L0xx_HAL_Driver/stm32l0xx_hal_i2c.o
                0x08001f54                HAL_I2C_ListenCpltCallback
 .text.HAL_I2C_ErrorCallback
                0x08001f64       0x10 ./Drivers/STM32L0xx_HAL_Driver/stm32l0xx_hal_i2c.o
                0x08001f64                HAL_I2C_ErrorCallback
 .text.HAL_I2C_AbortCpltCallback
                0x08001f74       0x10 ./Drivers/STM32L0xx_HAL_Driver/stm32l0xx_hal_i2c.o
                0x08001f74                HAL_I2C_AbortCpltCallback
 .text.I2C_Slave_ISR_IT
                0x08001f84      0x228 ./Drivers/STM32L0xx_HAL_Driver/stm32l0xx_hal_i2c.o
 .text.I2C_ITAddrCplt
                0x080021ac      0x148 ./Drivers/STM32L0xx_HAL_Driver/stm32l0xx_hal_i2c.o
 .text.I2C_ITSlaveSeqCplt
                0x080022f4       0xcc ./Drivers/STM32L0xx_HAL_Driver/stm32l0xx_hal_i2c.o
 .text.I2C_ITSlaveCplt
                0x080023c0      0x320 ./Drivers/STM32L0xx_HAL_Driver/stm32l0xx_hal_i2c.o
 .text.I2C_ITListenCplt
                0x080026e0       0xb4 ./Drivers/STM32L0xx_HAL_Driver/stm32l0xx_hal_i2c.o
 .text.I2C_ITError
                0x08002794      0x204 ./Drivers/STM32L0xx_HAL_Driver/stm32l0xx_hal_i2c.o
 .text.I2C_TreatErrorCallback
                0x08002998       0x52 ./Drivers/STM32L0xx_HAL_Driver/stm32l0xx_hal_i2c.o
 .text.I2C_Flush_TXDR
                0x080029ea       0x44 ./Drivers/STM32L0xx_HAL_Driver/stm32l0xx_hal_i2c.o
 .text.I2C_DMAAbort
                0x08002a2e       0x3e ./Drivers/STM32L0xx_HAL_Driver/stm32l0xx_hal_i2c.o
 .text.I2C_WaitOnFlagUntilTimeout
                0x08002a6c       0xb0 ./Drivers/STM32L0xx_HAL_Driver/stm32l0xx_hal_i2c.o
 .text.I2C_WaitOnTXISFlagUntilTimeout
                0x08002b1c       0x8c ./Drivers/STM32L0xx_HAL_Driver/stm32l0xx_hal_i2c.o
 .text.I2C_WaitOnSTOPFlagUntilTimeout
                0x08002ba8       0x86 ./Drivers/STM32L0xx_HAL_Driver/stm32l0xx_hal_i2c.o
 *fill*         0x08002c2e        0x2 
 .text.I2C_WaitOnRXNEFlagUntilTimeout
                0x08002c30      0x13c ./Drivers/STM32L0xx_HAL_Driver/stm32l0xx_hal_i2c.o
 .text.I2C_IsErrorOccurred
                0x08002d6c      0x1f0 ./Drivers/STM32L0xx_HAL_Driver/stm32l0xx_hal_i2c.o
 .text.I2C_TransferConfig
                0x08002f5c       0x74 ./Drivers/STM32L0xx_HAL_Driver/stm32l0xx_hal_i2c.o
 .text.I2C_Disable_IRQ
                0x08002fd0       0xc6 ./Drivers/STM32L0xx_HAL_Driver/stm32l0xx_hal_i2c.o
 *fill*         0x08003096        0x2 
 .text.HAL_I2CEx_ConfigAnalogFilter
                0x08003098       0x98 ./Drivers/STM32L0xx_HAL_Driver/stm32l0xx_hal_i2c_ex.o
                0x08003098                HAL_I2CEx_ConfigAnalogFilter
 .text.HAL_I2CEx_ConfigDigitalFilter
                0x08003130       0x98 ./Drivers/STM32L0xx_HAL_Driver/stm32l0xx_hal_i2c_ex.o
                0x08003130                HAL_I2CEx_ConfigDigitalFilter
 .text.HAL_RCC_OscConfig
                0x080031c8      0x7a8 ./Drivers/STM32L0xx_HAL_Driver/stm32l0xx_hal_rcc.o
                0x080031c8                HAL_RCC_OscConfig
 .text.HAL_RCC_ClockConfig
                0x08003970      0x290 ./Drivers/STM32L0xx_HAL_Driver/stm32l0xx_hal_rcc.o
                0x08003970                HAL_RCC_ClockConfig
 .text.HAL_RCC_GetSysClockFreq
                0x08003c00      0x10c ./Drivers/STM32L0xx_HAL_Driver/stm32l0xx_hal_rcc.o
                0x08003c00                HAL_RCC_GetSysClockFreq
 .text.HAL_RCCEx_PeriphCLKConfig
                0x08003d0c      0x2b8 ./Drivers/STM32L0xx_HAL_Driver/stm32l0xx_hal_rcc_ex.o
                0x08003d0c                HAL_RCCEx_PeriphCLKConfig
 .text.HAL_TIM_Base_Init
                0x08003fc4       0x80 ./Drivers/STM32L0xx_HAL_Driver/stm32l0xx_hal_tim.o
                0x08003fc4                HAL_TIM_Base_Init
 .text.HAL_TIM_Base_Start_IT
                0x08004044       0xa4 ./Drivers/STM32L0xx_HAL_Driver/stm32l0xx_hal_tim.o
                0x08004044                HAL_TIM_Base_Start_IT
 .text.HAL_TIM_ConfigClockSource
                0x080040e8      0x1a8 ./Drivers/STM32L0xx_HAL_Driver/stm32l0xx_hal_tim.o
                0x080040e8                HAL_TIM_ConfigClockSource
 .text.TIM_Base_SetConfig
                0x08004290       0xc8 ./Drivers/STM32L0xx_HAL_Driver/stm32l0xx_hal_tim.o
 .text.TIM_TI1_ConfigInputStage
                0x08004358       0x5c ./Drivers/STM32L0xx_HAL_Driver/stm32l0xx_hal_tim.o
 .text.TIM_TI2_ConfigInputStage
                0x080043b4       0x64 ./Drivers/STM32L0xx_HAL_Driver/stm32l0xx_hal_tim.o
 .text.TIM_ITRx_SetConfig
                0x08004418       0x32 ./Drivers/STM32L0xx_HAL_Driver/stm32l0xx_hal_tim.o
 *fill*         0x0800444a        0x2 
 .text.TIM_ETR_SetConfig
                0x0800444c       0x40 ./Drivers/STM32L0xx_HAL_Driver/stm32l0xx_hal_tim.o
 .text.HAL_TIMEx_MasterConfigSynchronization
                0x0800448c       0xbc ./Drivers/STM32L0xx_HAL_Driver/stm32l0xx_hal_tim_ex.o
                0x0800448c                HAL_TIMEx_MasterConfigSynchronization
 .text.std      0x08004548       0x6c /opt/st/stm32cubeide_1.19.0/plugins/com.st.stm32cube.ide.mcu.externaltools.gnu-tools-for-stm32.13.3.rel1.linux64_1.0.0.202410170706/tools/bin/../lib/gcc/arm-none-eabi/13.3.1/../../../../arm-none-eabi/lib/thumb/v6-m/nofp/libc_nano.a(libc_a-findfp.o)
 .text.stdio_exit_handler
                0x080045b4       0x1c /opt/st/stm32cubeide_1.19.0/plugins/com.st.stm32cube.ide.mcu.externaltools.gnu-tools-for-stm32.13.3.rel1.linux64_1.0.0.202410170706/tools/bin/../lib/gcc/arm-none-eabi/13.3.1/../../../../arm-none-eabi/lib/thumb/v6-m/nofp/libc_nano.a(libc_a-findfp.o)
 .text.cleanup_stdio
                0x080045d0       0x3c /opt/st/stm32cubeide_1.19.0/plugins/com.st.stm32cube.ide.mcu.externaltools.gnu-tools-for-stm32.13.3.rel1.linux64_1.0.0.202410170706/tools/bin/../lib/gcc/arm-none-eabi/13.3.1/../../../../arm-none-eabi/lib/thumb/v6-m/nofp/libc_nano.a(libc_a-findfp.o)
 .text.global_stdio_init.part.0
                0x0800460c       0x3c /opt/st/stm32cubeide_1.19.0/plugins/com.st.stm32cube.ide.mcu.externaltools.gnu-tools-for-stm32.13.3.rel1.linux64_1.0.0.202410170706/tools/bin/../lib/gcc/arm-none-eabi/13.3.1/../../../../arm-none-eabi/lib/thumb/v6-m/nofp/libc_nano.a(libc_a-findfp.o)
 .text.__sfp_lock_acquire
                0x08004648       0x10 /opt/st/stm32cubeide_1.19.0/plugins/com.st.stm32cube.ide.mcu.externaltools.gnu-tools-for-stm32.13.3.rel1.linux64_1.0.0.202410170706/tools/bin/../lib/gcc/arm-none-eabi/13.3.1/../../../../arm-none-eabi/lib/thumb/v6-m/nofp/libc_nano.a(libc_a-findfp.o)
                0x08004648                __sfp_lock_acquire
 .text.__sfp_lock_release
                0x08004658       0x10 /opt/st/stm32cubeide_1.19.0/plugins/com.st.stm32cube.ide.mcu.externaltools.gnu-tools-for-stm32.13.3.rel1.linux64_1.0.0.202410170706/tools/bin/../lib/gcc/arm-none-eabi/13.3.1/../../../../arm-none-eabi/lib/thumb/v6-m/nofp/libc_nano.a(libc_a-findfp.o)
                0x08004658                __sfp_lock_release
 .text.__sinit  0x08004668       0x30 /opt/st/stm32cubeide_1.19.0/plugins/com.st.stm32cube.ide.mcu.externaltools.gnu-tools-for-stm32.13.3.rel1.linux64_1.0.0.202410170706/tools/bin/../lib/gcc/arm-none-eabi/13.3.1/../../../../arm-none-eabi/lib/thumb/v6-m/nofp/libc_nano.a(libc_a-findfp.o)
                0x08004668                __sinit
 .text._fwalk_sglue
                0x08004698       0x38 /opt/st/stm32cubeide_1.19.0/plugins/com.st.stm32cube.ide.mcu.externaltools.gnu-tools-for-stm32.13.3.rel1.linux64_1.0.0.202410170706/tools/bin/../lib/gcc/arm-none-eabi/13.3.1/../../../../arm-none-eabi/lib/thumb/v6-m/nofp/libc_nano.a(libc_a-fwalk.o)
                0x08004698                _fwalk_sglue
 .text.printf   0x080046d0       0x20 /opt/st/stm32cubeide_1.19.0/plugins/com.st.stm32cube.ide.mcu.externaltools.gnu-tools-for-stm32.13.3.rel1.linux64_1.0.0.202410170706/tools/bin/../lib/gcc/arm-none-eabi/13.3.1/../../../../arm-none-eabi/lib/thumb/v6-m/nofp/libc_nano.a(libc_a-printf.o)
                0x080046d0                printf
                0x080046d0                iprintf
 .text._puts_r  0x080046f0       0xac /opt/st/stm32cubeide_1.19.0/plugins/com.st.stm32cube.ide.mcu.externaltools.gnu-tools-for-stm32.13.3.rel1.linux64_1.0.0.202410170706/tools/bin/../lib/gcc/arm-none-eabi/13.3.1/../../../../arm-none-eabi/lib/thumb/v6-m/nofp/libc_nano.a(libc_a-puts.o)
                0x080046f0                _puts_r
 .text.puts     0x0800479c       0x14 /opt/st/stm32cubeide_1.19.0/plugins/com.st.stm32cube.ide.mcu.externaltools.gnu-tools-for-stm32.13.3.rel1.linux64_1.0.0.202410170706/tools/bin/../lib/gcc/arm-none-eabi/13.3.1/../../../../arm-none-eabi/lib/thumb/v6-m/nofp/libc_nano.a(libc_a-puts.o)
                0x0800479c                puts
 .text.__sread  0x080047b0       0x28 /opt/st/stm32cubeide_1.19.0/plugins/com.st.stm32cube.ide.mcu.externaltools.gnu-tools-for-stm32.13.3.rel1.linux64_1.0.0.202410170706/tools/bin/../lib/gcc/arm-none-eabi/13.3.1/../../../../arm-none-eabi/lib/thumb/v6-m/nofp/libc_nano.a(libc_a-stdio.o)
                0x080047b0                __sread
 .text.__swrite
                0x080047d8       0x38 /opt/st/stm32cubeide_1.19.0/plugins/com.st.stm32cube.ide.mcu.externaltools.gnu-tools-for-stm32.13.3.rel1.linux64_1.0.0.202410170706/tools/bin/../lib/gcc/arm-none-eabi/13.3.1/../../../../arm-none-eabi/lib/thumb/v6-m/nofp/libc_nano.a(libc_a-stdio.o)
                0x080047d8                __swrite
 .text.__sseek  0x08004810       0x2c /opt/st/stm32cubeide_1.19.0/plugins/com.st.stm32cube.ide.mcu.externaltools.gnu-tools-for-stm32.13.3.rel1.linux64_1.0.0.202410170706/tools/bin/../lib/gcc/arm-none-eabi/13.3.1/../../../../arm-none-eabi/lib/thumb/v6-m/nofp/libc_nano.a(libc_a-stdio.o)
                0x08004810                __sseek
 .text.__sclose
                0x0800483c        0xc /opt/st/stm32cubeide_1.19.0/plugins/com.st.stm32cube.ide.mcu.externaltools.gnu-tools-for-stm32.13.3.rel1.linux64_1.0.0.202410170706/tools/bin/../lib/gcc/arm-none-eabi/13.3.1/../../../../arm-none-eabi/lib/thumb/v6-m/nofp/libc_nano.a(libc_a-stdio.o)
                0x0800483c                __sclose
 .text.__swbuf_r
                0x08004848       0x84 /opt/st/stm32cubeide_1.19.0/plugins/com.st.stm32cube.ide.mcu.externaltools.gnu-tools-for-stm32.13.3.rel1.linux64_1.0.0.202410170706/tools/bin/../lib/gcc/arm-none-eabi/13.3.1/../../../../arm-none-eabi/lib/thumb/v6-m/nofp/libc_nano.a(libc_a-wbuf.o)
                0x08004848                __swbuf_r
 .text.__swsetup_r
                0x080048cc       0xbc /opt/st/stm32cubeide_1.19.0/plugins/com.st.stm32cube.ide.mcu.externaltools.gnu-tools-for-stm32.13.3.rel1.linux64_1.0.0.202410170706/tools/bin/../lib/gcc/arm-none-eabi/13.3.1/../../../../arm-none-eabi/lib/thumb/v6-m/nofp/libc_nano.a(libc_a-wsetup.o)
                0x080048cc                __swsetup_r
 .text.memset   0x08004988       0x10 /opt/st/stm32cubeide_1.19.0/plugins/com.st.stm32cube.ide.mcu.externaltools.gnu-tools-for-stm32.13.3.rel1.linux64_1.0.0.202410170706/tools/bin/../lib/gcc/arm-none-eabi/13.3.1/../../../../arm-none-eabi/lib/thumb/v6-m/nofp/libc_nano.a(libc_a-memset.o)
                0x08004988                memset
 .text._close_r
                0x08004998       0x24 /opt/st/stm32cubeide_1.19.0/plugins/com.st.stm32cube.ide.mcu.externaltools.gnu-tools-for-stm32.13.3.rel1.linux64_1.0.0.202410170706/tools/bin/../lib/gcc/arm-none-eabi/13.3.1/../../../../arm-none-eabi/lib/thumb/v6-m/nofp/libc_nano.a(libc_a-closer.o)
                0x08004998                _close_r
 .text._lseek_r
                0x080049bc       0x28 /opt/st/stm32cubeide_1.19.0/plugins/com.st.stm32cube.ide.mcu.externaltools.gnu-tools-for-stm32.13.3.rel1.linux64_1.0.0.202410170706/tools/bin/../lib/gcc/arm-none-eabi/13.3.1/../../../../arm-none-eabi/lib/thumb/v6-m/nofp/libc_nano.a(libc_a-lseekr.o)
                0x080049bc                _lseek_r
 .text._read_r  0x080049e4       0x28 /opt/st/stm32cubeide_1.19.0/plugins/com.st.stm32cube.ide.mcu.externaltools.gnu-tools-for-stm32.13.3.rel1.linux64_1.0.0.202410170706/tools/bin/../lib/gcc/arm-none-eabi/13.3.1/../../../../arm-none-eabi/lib/thumb/v6-m/nofp/libc_nano.a(libc_a-readr.o)
                0x080049e4                _read_r
 .text._write_r
                0x08004a0c       0x28 /opt/st/stm32cubeide_1.19.0/plugins/com.st.stm32cube.ide.mcu.externaltools.gnu-tools-for-stm32.13.3.rel1.linux64_1.0.0.202410170706/tools/bin/../lib/gcc/arm-none-eabi/13.3.1/../../../../arm-none-eabi/lib/thumb/v6-m/nofp/libc_nano.a(libc_a-writer.o)
                0x08004a0c                _write_r
 .text.__errno  0x08004a34        0xc /opt/st/stm32cubeide_1.19.0/plugins/com.st.stm32cube.ide.mcu.externaltools.gnu-tools-for-stm32.13.3.rel1.linux64_1.0.0.202410170706/tools/bin/../lib/gcc/arm-none-eabi/13.3.1/../../../../arm-none-eabi/lib/thumb/v6-m/nofp/libc_nano.a(libc_a-errno.o)
                0x08004a34                __errno
 .text.__libc_init_array
                0x08004a40       0x48 /opt/st/stm32cubeide_1.19.0/plugins/com.st.stm32cube.ide.mcu.externaltools.gnu-tools-for-stm32.13.3.rel1.linux64_1.0.0.202410170706/tools/bin/../lib/gcc/arm-none-eabi/13.3.1/../../../../arm-none-eabi/lib/thumb/v6-m/nofp/libc_nano.a(libc_a-init.o)
                0x08004a40                __libc_init_array
 .text.__retarget_lock_init_recursive
                0x08004a88        0x2 /opt/st/stm32cubeide_1.19.0/plugins/com.st.stm32cube.ide.mcu.externaltools.gnu-tools-for-stm32.13.3.rel1.linux64_1.0.0.202410170706/tools/bin/../lib/gcc/arm-none-eabi/13.3.1/../../../../arm-none-eabi/lib/thumb/v6-m/nofp/libc_nano.a(libc_a-lock.o)
                0x08004a88                __retarget_lock_init_recursive
 .text.__retarget_lock_acquire_recursive
                0x08004a8a        0x2 /opt/st/stm32cubeide_1.19.0/plugins/com.st.stm32cube.ide.mcu.externaltools.gnu-tools-for-stm32.13.3.rel1.linux64_1.0.0.202410170706/tools/bin/../lib/gcc/arm-none-eabi/13.3.1/../../../../arm-none-eabi/lib/thumb/v6-m/nofp/libc_nano.a(libc_a-lock.o)
                0x08004a8a                __retarget_lock_acquire_recursive
 .text.__retarget_lock_release_recursive
                0x08004a8c        0x2 /opt/st/stm32cubeide_1.19.0/plugins/com.st.stm32cube.ide.mcu.externaltools.gnu-tools-for-stm32.13.3.rel1.linux64_1.0.0.202410170706/tools/bin/../lib/gcc/arm-none-eabi/13.3.1/../../../../arm-none-eabi/lib/thumb/v6-m/nofp/libc_nano.a(libc_a-lock.o)
                0x08004a8c                __retarget_lock_release_recursive
 *fill*         0x08004a8e        0x2 
 .text._free_r  0x08004a90       0x94 /opt/st/stm32cubeide_1.19.0/plugins/com.st.stm32cube.ide.mcu.externaltools.gnu-tools-for-stm32.13.3.rel1.linux64_1.0.0.202410170706/tools/bin/../lib/gcc/arm-none-eabi/13.3.1/../../../../arm-none-eabi/lib/thumb/v6-m/nofp/libc_nano.a(libc_a-freer.o)
                0x08004a90                _free_r
 .text.sbrk_aligned
                0x08004b24       0x44 /opt/st/stm32cubeide_1.19.0/plugins/com.st.stm32cube.ide.mcu.externaltools.gnu-tools-for-stm32.13.3.rel1.linux64_1.0.0.202410170706/tools/bin/../lib/gcc/arm-none-eabi/13.3.1/../../../../arm-none-eabi/lib/thumb/v6-m/nofp/libc_nano.a(libc_a-mallocr.o)
 .text._malloc_r
                0x08004b68      0x100 /opt/st/stm32cubeide_1.19.0/plugins/com.st.stm32cube.ide.mcu.externaltools.gnu-tools-for-stm32.13.3.rel1.linux64_1.0.0.202410170706/tools/bin/../lib/gcc/arm-none-eabi/13.3.1/../../../../arm-none-eabi/lib/thumb/v6-m/nofp/libc_nano.a(libc_a-mallocr.o)
                0x08004b68                _malloc_r
 .text.__malloc_lock
                0x08004c68       0x10 /opt/st/stm32cubeide_1.19.0/plugins/com.st.stm32cube.ide.mcu.externaltools.gnu-tools-for-stm32.13.3.rel1.linux64_1.0.0.202410170706/tools/bin/../lib/gcc/arm-none-eabi/13.3.1/../../../../arm-none-eabi/lib/thumb/v6-m/nofp/libc_nano.a(libc_a-mlock.o)
                0x08004c68                __malloc_lock
 .text.__malloc_unlock
                0x08004c78       0x10 /opt/st/stm32cubeide_1.19.0/plugins/com.st.stm32cube.ide.mcu.externaltools.gnu-tools-for-stm32.13.3.rel1.linux64_1.0.0.202410170706/tools/bin/../lib/gcc/arm-none-eabi/13.3.1/../../../../arm-none-eabi/lib/thumb/v6-m/nofp/libc_nano.a(libc_a-mlock.o)
                0x08004c78                __malloc_unlock
 .text.__sfputc_r
                0x08004c88       0x2a /opt/st/stm32cubeide_1.19.0/plugins/com.st.stm32cube.ide.mcu.externaltools.gnu-tools-for-stm32.13.3.rel1.linux64_1.0.0.202410170706/tools/bin/../lib/gcc/arm-none-eabi/13.3.1/../../../../arm-none-eabi/lib/thumb/v6-m/nofp/libc_nano.a(libc_a-nano-vfprintf.o)
 .text.__sfputs_r
                0x08004cb2       0x24 /opt/st/stm32cubeide_1.19.0/plugins/com.st.stm32cube.ide.mcu.externaltools.gnu-tools-for-stm32.13.3.rel1.linux64_1.0.0.202410170706/tools/bin/../lib/gcc/arm-none-eabi/13.3.1/../../../../arm-none-eabi/lib/thumb/v6-m/nofp/libc_nano.a(libc_a-nano-vfprintf.o)
                0x08004cb2                __sfputs_r
 *fill*         0x08004cd6        0x2 
 .text._vfprintf_r
                0x08004cd8      0x238 /opt/st/stm32cubeide_1.19.0/plugins/com.st.stm32cube.ide.mcu.externaltools.gnu-tools-for-stm32.13.3.rel1.linux64_1.0.0.202410170706/tools/bin/../lib/gcc/arm-none-eabi/13.3.1/../../../../arm-none-eabi/lib/thumb/v6-m/nofp/libc_nano.a(libc_a-nano-vfprintf.o)
                0x08004cd8                _vfiprintf_r
                0x08004cd8                _vfprintf_r
 .text._printf_common
                0x08004f10       0xde /opt/st/stm32cubeide_1.19.0/plugins/com.st.stm32cube.ide.mcu.externaltools.gnu-tools-for-stm32.13.3.rel1.linux64_1.0.0.202410170706/tools/bin/../lib/gcc/arm-none-eabi/13.3.1/../../../../arm-none-eabi/lib/thumb/v6-m/nofp/libc_nano.a(libc_a-nano-vfprintf_i.o)
                0x08004f10                _printf_common
 *fill*         0x08004fee        0x2 
 .text._printf_i
                0x08004ff0      0x218 /opt/st/stm32cubeide_1.19.0/plugins/com.st.stm32cube.ide.mcu.externaltools.gnu-tools-for-stm32.13.3.rel1.linux64_1.0.0.202410170706/tools/bin/../lib/gcc/arm-none-eabi/13.3.1/../../../../arm-none-eabi/lib/thumb/v6-m/nofp/libc_nano.a(libc_a-nano-vfprintf_i.o)
                0x08004ff0                _printf_i
 .text.__sflush_r
                0x08005208      0x10c /opt/st/stm32cubeide_1.19.0/plugins/com.st.stm32cube.ide.mcu.externaltools.gnu-tools-for-stm32.13.3.rel1.linux64_1.0.0.202410170706/tools/bin/../lib/gcc/arm-none-eabi/13.3.1/../../../../arm-none-eabi/lib/thumb/v6-m/nofp/libc_nano.a(libc_a-fflush.o)
                0x08005208                __sflush_r
 .text._fflush_r
                0x08005314       0x56 /opt/st/stm32cubeide_1.19.0/plugins/com.st.stm32cube.ide.mcu.externaltools.gnu-tools-for-stm32.13.3.rel1.linux64_1.0.0.202410170706/tools/bin/../lib/gcc/arm-none-eabi/13.3.1/../../../../arm-none-eabi/lib/thumb/v6-m/nofp/libc_nano.a(libc_a-fflush.o)
                0x08005314                _fflush_r
 *fill*         0x0800536a        0x2 
 .text.__swhatbuf_r
                0x0800536c       0x54 /opt/st/stm32cubeide_1.19.0/plugins/com.st.stm32cube.ide.mcu.externaltools.gnu-tools-for-stm32.13.3.rel1.linux64_1.0.0.202410170706/tools/bin/../lib/gcc/arm-none-eabi/13.3.1/../../../../arm-none-eabi/lib/thumb/v6-m/nofp/libc_nano.a(libc_a-makebuf.o)
                0x0800536c                __swhatbuf_r
 .text.__smakebuf_r
                0x080053c0       0x82 /opt/st/stm32cubeide_1.19.0/plugins/com.st.stm32cube.ide.mcu.externaltools.gnu-tools-for-stm32.13.3.rel1.linux64_1.0.0.202410170706/tools/bin/../lib/gcc/arm-none-eabi/13.3.1/../../../../arm-none-eabi/lib/thumb/v6-m/nofp/libc_nano.a(libc_a-makebuf.o)
                0x080053c0                __smakebuf_r
 *fill*         0x08005442        0x2 
 .text._fstat_r
                0x08005444       0x24 /opt/st/stm32cubeide_1.19.0/plugins/com.st.stm32cube.ide.mcu.externaltools.gnu-tools-for-stm32.13.3.rel1.linux64_1.0.0.202410170706/tools/bin/../lib/gcc/arm-none-eabi/13.3.1/../../../../arm-none-eabi/lib/thumb/v6-m/nofp/libc_nano.a(libc_a-fstatr.o)
                0x08005444                _fstat_r
 .text._isatty_r
                0x08005468       0x24 /opt/st/stm32cubeide_1.19.0/plugins/com.st.stm32cube.ide.mcu.externaltools.gnu-tools-for-stm32.13.3.rel1.linux64_1.0.0.202410170706/tools/bin/../lib/gcc/arm-none-eabi/13.3.1/../../../../arm-none-eabi/lib/thumb/v6-m/nofp/libc_nano.a(libc_a-isattyr.o)
                0x08005468                _isatty_r
 .text._sbrk_r  0x0800548c       0x24 /opt/st/stm32cubeide_1.19.0/plugins/com.st.stm32cube.ide.mcu.externaltools.gnu-tools-for-stm32.13.3.rel1.linux64_1.0.0.202410170706/tools/bin/../lib/gcc/arm-none-eabi/13.3.1/../../../../arm-none-eabi/lib/thumb/v6-m/nofp/libc_nano.a(libc_a-sbrkr.o)
                0x0800548c                _sbrk_r
 .text.memchr   0x080054b0       0x16 /opt/st/stm32cubeide_1.19.0/plugins/com.st.stm32cube.ide.mcu.externaltools.gnu-tools-for-stm32.13.3.rel1.linux64_1.0.0.202410170706/tools/bin/../lib/gcc/arm-none-eabi/13.3.1/../../../../arm-none-eabi/lib/thumb/v6-m/nofp/libc_nano.a(libc_a-memchr-stub.o)
                0x080054b0                memchr
 *(.glue_7)
 .glue_7        0x080054c6        0x0 linker stubs
 *(.glue_7t)
 .glue_7t       0x080054c6        0x0 linker stubs
 *(.eh_frame)
 *fill*         0x080054c6        0x2 
 .eh_frame      0x080054c8        0x0 /opt/st/stm32cubeide_1.19.0/plugins/com.st.stm32cube.ide.mcu.externaltools.gnu-tools-for-stm32.13.3.rel1.linux64_1.0.0.202410170706/tools/bin/../lib/gcc/arm-none-eabi/13.3.1/thumb/v6-m/nofp/crtbegin.o
 *(.init)
 .init          0x080054c8        0x4 /opt/st/stm32cubeide_1.19.0/plugins/com.st.stm32cube.ide.mcu.externaltools.gnu-tools-for-stm32.13.3.rel1.linux64_1.0.0.202410170706/tools/bin/../lib/gcc/arm-none-eabi/13.3.1/thumb/v6-m/nofp/crti.o
                0x080054c8                _init
 .init          0x080054cc        0x8 /opt/st/stm32cubeide_1.19.0/plugins/com.st.stm32cube.ide.mcu.externaltools.gnu-tools-for-stm32.13.3.rel1.linux64_1.0.0.202410170706/tools/bin/../lib/gcc/arm-none-eabi/13.3.1/thumb/v6-m/nofp/crtn.o
 *(.fini)
 .fini          0x080054d4        0x4 /opt/st/stm32cubeide_1.19.0/plugins/com.st.stm32cube.ide.mcu.externaltools.gnu-tools-for-stm32.13.3.rel1.linux64_1.0.0.202410170706/tools/bin/../lib/gcc/arm-none-eabi/13.3.1/thumb/v6-m/nofp/crti.o
                0x080054d4                _fini
 .fini          0x080054d8        0x8 /opt/st/stm32cubeide_1.19.0/plugins/com.st.stm32cube.ide.mcu.externaltools.gnu-tools-for-stm32.13.3.rel1.linux64_1.0.0.202410170706/tools/bin/../lib/gcc/arm-none-eabi/13.3.1/thumb/v6-m/nofp/crtn.o
                0x080054e0                        . = ALIGN (0x4)
                0x080054e0                        _etext = .

.vfp11_veneer   0x080054e0        0x0
 .vfp11_veneer  0x080054e0        0x0 linker stubs

.v4_bx          0x080054e0        0x0
 .v4_bx         0x080054e0        0x0 linker stubs

.iplt           0x080054e0        0x0
 .iplt          0x080054e0        0x0 /opt/st/stm32cubeide_1.19.0/plugins/com.st.stm32cube.ide.mcu.externaltools.gnu-tools-for-stm32.13.3.rel1.linux64_1.0.0.202410170706/tools/bin/../lib/gcc/arm-none-eabi/13.3.1/thumb/v6-m/nofp/crtbegin.o

.rodata         0x080054e0      0x124
                0x080054e0                        . = ALIGN (0x4)
 *(.rodata)
 .rodata        0x080054e0       0xd8 ./Core/Src/ms58.o
 *(.rodata*)
 .rodata.AHBPrescTable
                0x080055b8       0x10 ./Core/Src/system_stm32l0xx.o
                0x080055b8                AHBPrescTable
 .rodata.PLLMulTable
                0x080055c8        0x9 ./Core/Src/system_stm32l0xx.o
                0x080055c8                PLLMulTable
 .rodata._vfprintf_r.str1.1
                0x080055d1       0x33 /opt/st/stm32cubeide_1.19.0/plugins/com.st.stm32cube.ide.mcu.externaltools.gnu-tools-for-stm32.13.3.rel1.linux64_1.0.0.202410170706/tools/bin/../lib/gcc/arm-none-eabi/13.3.1/../../../../arm-none-eabi/lib/thumb/v6-m/nofp/libc_nano.a(libc_a-nano-vfprintf.o)
                                 0x11 (size before relaxing)
 .rodata._printf_i.str1.1
                0x08005604       0x22 /opt/st/stm32cubeide_1.19.0/plugins/com.st.stm32cube.ide.mcu.externaltools.gnu-tools-for-stm32.13.3.rel1.linux64_1.0.0.202410170706/tools/bin/../lib/gcc/arm-none-eabi/13.3.1/../../../../arm-none-eabi/lib/thumb/v6-m/nofp/libc_nano.a(libc_a-nano-vfprintf_i.o)
                0x08005628                        . = ALIGN (0x4)

.ARM.extab      0x08005604        0x0
                0x08005604                        . = ALIGN (0x4)
 *(.ARM.extab* .gnu.linkonce.armextab.*)
                0x08005604                        . = ALIGN (0x4)

.ARM            0x08005604        0x0
                0x08005604                        . = ALIGN (0x4)
                0x08005604                        __exidx_start = .
 *(.ARM.exidx*)
                0x08005604                        __exidx_end = .
                0x08005604                        . = ALIGN (0x4)

.preinit_array  0x08005604        0x0
                0x08005604                        . = ALIGN (0x4)
                0x08005604                        PROVIDE (__preinit_array_start = .)
 *(.preinit_array*)
                0x08005604                        PROVIDE (__preinit_array_end = .)
                0x08005604                        . = ALIGN (0x4)

.init_array     0x08005604        0x4
                0x08005604                        . = ALIGN (0x4)
                0x08005604                        PROVIDE (__init_array_start = .)
 *(SORT_BY_NAME(.init_array.*))
 *(.init_array*)
 .init_array    0x08005604        0x4 /opt/st/stm32cubeide_1.19.0/plugins/com.st.stm32cube.ide.mcu.externaltools.gnu-tools-for-stm32.13.3.rel1.linux64_1.0.0.202410170706/tools/bin/../lib/gcc/arm-none-eabi/13.3.1/thumb/v6-m/nofp/crtbegin.o
                0x08005608                        PROVIDE (__init_array_end = .)
                0x08005608                        . = ALIGN (0x4)

.fini_array     0x08005608        0x4
                0x08005608                        . = ALIGN (0x4)
                [!provide]                        PROVIDE (__fini_array_start = .)
 *(SORT_BY_NAME(.fini_array.*))
 *(.fini_array*)
 .fini_array    0x08005608        0x4 /opt/st/stm32cubeide_1.19.0/plugins/com.st.stm32cube.ide.mcu.externaltools.gnu-tools-for-stm32.13.3.rel1.linux64_1.0.0.202410170706/tools/bin/../lib/gcc/arm-none-eabi/13.3.1/thumb/v6-m/nofp/crtbegin.o
                [!provide]                        PROVIDE (__fini_array_end = .)
                0x0800560c                        . = ALIGN (0x4)
                0x0800560c                        _sidata = LOADADDR (.data)

.rel.dyn        0x0800560c        0x0
 .rel.iplt      0x0800560c        0x0 /opt/st/stm32cubeide_1.19.0/plugins/com.st.stm32cube.ide.mcu.externaltools.gnu-tools-for-stm32.13.3.rel1.linux64_1.0.0.202410170706/tools/bin/../lib/gcc/arm-none-eabi/13.3.1/thumb/v6-m/nofp/crtbegin.o

.data           0x20000000       0x68 load address 0x0800560c
                0x20000000                        . = ALIGN (0x4)
                0x20000000                        _sdata = .
 *(.data)
 *(.data*)
 .data.SystemCoreClock
                0x20000000        0x4 ./Core/Src/system_stm32l0xx.o
                0x20000000                SystemCoreClock
 .data.uwTickPrio
                0x20000004        0x4 ./Drivers/STM32L0xx_HAL_Driver/stm32l0xx_hal.o
                0x20000004                uwTickPrio
 .data.uwTickFreq
                0x20000008        0x1 ./Drivers/STM32L0xx_HAL_Driver/stm32l0xx_hal.o
                0x20000008                uwTickFreq
 *fill*         0x20000009        0x3 
 .data.__sglue  0x2000000c        0xc /opt/st/stm32cubeide_1.19.0/plugins/com.st.stm32cube.ide.mcu.externaltools.gnu-tools-for-stm32.13.3.rel1.linux64_1.0.0.202410170706/tools/bin/../lib/gcc/arm-none-eabi/13.3.1/../../../../arm-none-eabi/lib/thumb/v6-m/nofp/libc_nano.a(libc_a-findfp.o)
                0x2000000c                __sglue
 .data._impure_ptr
                0x20000018        0x4 /opt/st/stm32cubeide_1.19.0/plugins/com.st.stm32cube.ide.mcu.externaltools.gnu-tools-for-stm32.13.3.rel1.linux64_1.0.0.202410170706/tools/bin/../lib/gcc/arm-none-eabi/13.3.1/../../../../arm-none-eabi/lib/thumb/v6-m/nofp/libc_nano.a(libc_a-impure.o)
                0x20000018                _impure_ptr
 .data._impure_data
                0x2000001c       0x4c /opt/st/stm32cubeide_1.19.0/plugins/com.st.stm32cube.ide.mcu.externaltools.gnu-tools-for-stm32.13.3.rel1.linux64_1.0.0.202410170706/tools/bin/../lib/gcc/arm-none-eabi/13.3.1/../../../../arm-none-eabi/lib/thumb/v6-m/nofp/libc_nano.a(libc_a-impure.o)
                0x2000001c                _impure_data
 *(.RamFunc)
 *(.RamFunc*)
                0x20000068                        . = ALIGN (0x4)
                0x20000068                        _edata = .

.igot.plt       0x20000068        0x0 load address 0x08005674
 .igot.plt      0x20000068        0x0 /opt/st/stm32cubeide_1.19.0/plugins/com.st.stm32cube.ide.mcu.externaltools.gnu-tools-for-stm32.13.3.rel1.linux64_1.0.0.202410170706/tools/bin/../lib/gcc/arm-none-eabi/13.3.1/thumb/v6-m/nofp/crtbegin.o
                0x20000068                        . = ALIGN (0x4)

.bss            0x20000068      0x294 load address 0x08005674
                0x20000068                        _sbss = .
                0x20000068                        __bss_start__ = _sbss
 *(.bss)
 .bss           0x20000068       0x1c /opt/st/stm32cubeide_1.19.0/plugins/com.st.stm32cube.ide.mcu.externaltools.gnu-tools-for-stm32.13.3.rel1.linux64_1.0.0.202410170706/tools/bin/../lib/gcc/arm-none-eabi/13.3.1/thumb/v6-m/nofp/crtbegin.o
 *(.bss*)
 .bss.hdac      0x20000084       0x14 ./Core/Src/main.o
                0x20000084                hdac
 .bss.hi2c1     0x20000098       0x54 ./Core/Src/main.o
                0x20000098                hi2c1
 .bss.hi2c2     0x200000ec       0x54 ./Core/Src/main.o
                0x200000ec                hi2c2
 .bss.htim2     0x20000140       0x40 ./Core/Src/main.o
                0x20000140                htim2
 .bss.ref       0x20000180        0xc ./Core/Src/main.o
                0x20000180                ref
 .bss.calibration
                0x2000018c       0x10 ./Core/Src/main.o
                0x2000018c                calibration
 .bss.pressure  0x2000019c        0x4 ./Core/Src/main.o
                0x2000019c                pressure
 .bss.temperature
                0x200001a0        0x4 ./Core/Src/main.o
                0x200001a0                temperature
 .bss.pressure_sample_requested
                0x200001a4        0x1 ./Core/Src/main.o
                0x200001a4                pressure_sample_requested
 .bss.pressure_read_in_progress
                0x200001a5        0x1 ./Core/Src/main.o
                0x200001a5                pressure_read_in_progress
 .bss.pressure_new_sample_ready
                0x200001a6        0x1 ./Core/Src/main.o
                0x200001a6                pressure_new_sample_ready
 *fill*         0x200001a7        0x1 
 .bss.__sbrk_heap_end
                0x200001a8        0x4 ./Core/Src/sysmem.o
 .bss.uwTick    0x200001ac        0x4 ./Drivers/STM32L0xx_HAL_Driver/stm32l0xx_hal.o
                0x200001ac                uwTick
 .bss.__sf      0x200001b0      0x138 /opt/st/stm32cubeide_1.19.0/plugins/com.st.stm32cube.ide.mcu.externaltools.gnu-tools-for-stm32.13.3.rel1.linux64_1.0.0.202410170706/tools/bin/../lib/gcc/arm-none-eabi/13.3.1/../../../../arm-none-eabi/lib/thumb/v6-m/nofp/libc_nano.a(libc_a-findfp.o)
                0x200001b0                __sf
 .bss.__stdio_exit_handler
                0x200002e8        0x4 /opt/st/stm32cubeide_1.19.0/plugins/com.st.stm32cube.ide.mcu.externaltools.gnu-tools-for-stm32.13.3.rel1.linux64_1.0.0.202410170706/tools/bin/../lib/gcc/arm-none-eabi/13.3.1/../../../../arm-none-eabi/lib/thumb/v6-m/nofp/libc_nano.a(libc_a-findfp.o)
                0x200002e8                __stdio_exit_handler
 .bss.errno     0x200002ec        0x4 /opt/st/stm32cubeide_1.19.0/plugins/com.st.stm32cube.ide.mcu.externaltools.gnu-tools-for-stm32.13.3.rel1.linux64_1.0.0.202410170706/tools/bin/../lib/gcc/arm-none-eabi/13.3.1/../../../../arm-none-eabi/lib/thumb/v6-m/nofp/libc_nano.a(libc_a-reent.o)
                0x200002ec                errno
 .bss.__lock___malloc_recursive_mutex
                0x200002f0        0x1 /opt/st/stm32cubeide_1.19.0/plugins/com.st.stm32cube.ide.mcu.externaltools.gnu-tools-for-stm32.13.3.rel1.linux64_1.0.0.202410170706/tools/bin/../lib/gcc/arm-none-eabi/13.3.1/../../../../arm-none-eabi/lib/thumb/v6-m/nofp/libc_nano.a(libc_a-lock.o)
                0x200002f0                __lock___malloc_recursive_mutex
 .bss.__lock___sfp_recursive_mutex
                0x200002f1        0x1 /opt/st/stm32cubeide_1.19.0/plugins/com.st.stm32cube.ide.mcu.externaltools.gnu-tools-for-stm32.13.3.rel1.linux64_1.0.0.202410170706/tools/bin/../lib/gcc/arm-none-eabi/13.3.1/../../../../arm-none-eabi/lib/thumb/v6-m/nofp/libc_nano.a(libc_a-lock.o)
                0x200002f1                __lock___sfp_recursive_mutex
 *fill*         0x200002f2        0x2 
 .bss.__malloc_sbrk_start
                0x200002f4        0x4 /opt/st/stm32cubeide_1.19.0/plugins/com.st.stm32cube.ide.mcu.externaltools.gnu-tools-for-stm32.13.3.rel1.linux64_1.0.0.202410170706/tools/bin/../lib/gcc/arm-none-eabi/13.3.1/../../../../arm-none-eabi/lib/thumb/v6-m/nofp/libc_nano.a(libc_a-mallocr.o)
                0x200002f4                __malloc_sbrk_start
 .bss.__malloc_free_list
                0x200002f8        0x4 /opt/st/stm32cubeide_1.19.0/plugins/com.st.stm32cube.ide.mcu.externaltools.gnu-tools-for-stm32.13.3.rel1.linux64_1.0.0.202410170706/tools/bin/../lib/gcc/arm-none-eabi/13.3.1/../../../../arm-none-eabi/lib/thumb/v6-m/nofp/libc_nano.a(libc_a-mallocr.o)
                0x200002f8                __malloc_free_list
 *(COMMON)
                0x200002fc                        . = ALIGN (0x4)
                0x200002fc                        _ebss = .
                0x200002fc                        __bss_end__ = _ebss

._user_heap_stack
                0x200002fc      0x604 load address 0x08005674
                0x20000300                        . = ALIGN (0x8)
 *fill*         0x200002fc        0x4 
                [!provide]                        PROVIDE (end = .)
                0x20000300                        PROVIDE (_end = .)
                0x20000500                        . = (. + _Min_Heap_Size)
 *fill*         0x20000300      0x200 
                0x20000900                        . = (. + _Min_Stack_Size)
 *fill*         0x20000500      0x400 
                0x20000900                        . = ALIGN (0x8)

/DISCARD/
 libc.a(*)
 libm.a(*)
 libgcc.a(*)

.ARM.attributes
                0x00000000       0x28
 *(.ARM.attributes)
 .ARM.attributes
                0x00000000       0x1e /opt/st/stm32cubeide_1.19.0/plugins/com.st.stm32cube.ide.mcu.externaltools.gnu-tools-for-stm32.13.3.rel1.linux64_1.0.0.202410170706/tools/bin/../lib/gcc/arm-none-eabi/13.3.1/thumb/v6-m/nofp/crti.o
 .ARM.attributes
                0x0000001e       0x2c /opt/st/stm32cubeide_1.19.0/plugins/com.st.stm32cube.ide.mcu.externaltools.gnu-tools-for-stm32.13.3.rel1.linux64_1.0.0.202410170706/tools/bin/../lib/gcc/arm-none-eabi/13.3.1/thumb/v6-m/nofp/crtbegin.o
 .ARM.attributes
                0x0000004a       0x2c ./Core/Src/main.o
 .ARM.attributes
                0x00000076       0x2c ./Core/Src/ms58.o
 .ARM.attributes
                0x000000a2       0x2c ./Core/Src/ms5837_hal.o
 .ARM.attributes
                0x000000ce       0x2c ./Core/Src/stm32l0xx_hal_msp.o
 .ARM.attributes
                0x000000fa       0x2c ./Core/Src/stm32l0xx_it.o
 .ARM.attributes
                0x00000126       0x2c ./Core/Src/syscalls.o
 .ARM.attributes
                0x00000152       0x2c ./Core/Src/sysmem.o
 .ARM.attributes
                0x0000017e       0x2c ./Core/Src/system_stm32l0xx.o
 .ARM.attributes
                0x000001aa       0x22 ./Core/Startup/startup_stm32l072cbtx.o
 .ARM.attributes
                0x000001cc       0x2c ./Drivers/STM32L0xx_HAL_Driver/stm32l0xx_hal.o
 .ARM.attributes
                0x000001f8       0x2c ./Drivers/STM32L0xx_HAL_Driver/stm32l0xx_hal_cortex.o
 .ARM.attributes
                0x00000224       0x2c ./Drivers/STM32L0xx_HAL_Driver/stm32l0xx_hal_dac.o
 .ARM.attributes
                0x00000250       0x2c ./Drivers/STM32L0xx_HAL_Driver/stm32l0xx_hal_dma.o
 .ARM.attributes
                0x0000027c       0x2c ./Drivers/STM32L0xx_HAL_Driver/stm32l0xx_hal_gpio.o
 .ARM.attributes
                0x000002a8       0x2c ./Drivers/STM32L0xx_HAL_Driver/stm32l0xx_hal_i2c.o
 .ARM.attributes
                0x000002d4       0x2c ./Drivers/STM32L0xx_HAL_Driver/stm32l0xx_hal_i2c_ex.o
 .ARM.attributes
                0x00000300       0x2c ./Drivers/STM32L0xx_HAL_Driver/stm32l0xx_hal_rcc.o
 .ARM.attributes
                0x0000032c       0x2c ./Drivers/STM32L0xx_HAL_Driver/stm32l0xx_hal_rcc_ex.o
 .ARM.attributes
                0x00000358       0x2c ./Drivers/STM32L0xx_HAL_Driver/stm32l0xx_hal_tim.o
 .ARM.attributes
                0x00000384       0x2c ./Drivers/STM32L0xx_HAL_Driver/stm32l0xx_hal_tim_ex.o
 .ARM.attributes
                0x000003b0       0x2c /opt/st/stm32cubeide_1.19.0/plugins/com.st.stm32cube.ide.mcu.externaltools.gnu-tools-for-stm32.13.3.rel1.linux64_1.0.0.202410170706/tools/bin/../lib/gcc/arm-none-eabi/13.3.1/../../../../arm-none-eabi/lib/thumb/v6-m/nofp/libc_nano.a(libc_a-findfp.o)
 .ARM.attributes
                0x000003dc       0x2c /opt/st/stm32cubeide_1.19.0/plugins/com.st.stm32cube.ide.mcu.externaltools.gnu-tools-for-stm32.13.3.rel1.linux64_1.0.0.202410170706/tools/bin/../lib/gcc/arm-none-eabi/13.3.1/../../../../arm-none-eabi/lib/thumb/v6-m/nofp/libc_nano.a(libc_a-fwalk.o)
 .ARM.attributes
                0x00000408       0x2c /opt/st/stm32cubeide_1.19.0/plugins/com.st.stm32cube.ide.mcu.externaltools.gnu-tools-for-stm32.13.3.rel1.linux64_1.0.0.202410170706/tools/bin/../lib/gcc/arm-none-eabi/13.3.1/../../../../arm-none-eabi/lib/thumb/v6-m/nofp/libc_nano.a(libc_a-printf.o)
 .ARM.attributes
                0x00000434       0x2c /opt/st/stm32cubeide_1.19.0/plugins/com.st.stm32cube.ide.mcu.externaltools.gnu-tools-for-stm32.13.3.rel1.linux64_1.0.0.202410170706/tools/bin/../lib/gcc/arm-none-eabi/13.3.1/../../../../arm-none-eabi/lib/thumb/v6-m/nofp/libc_nano.a(libc_a-puts.o)
 .ARM.attributes
                0x00000460       0x2c /opt/st/stm32cubeide_1.19.0/plugins/com.st.stm32cube.ide.mcu.externaltools.gnu-tools-for-stm32.13.3.rel1.linux64_1.0.0.202410170706/tools/bin/../lib/gcc/arm-none-eabi/13.3.1/../../../../arm-none-eabi/lib/thumb/v6-m/nofp/libc_nano.a(libc_a-stdio.o)
 .ARM.attributes
                0x0000048c       0x2c /opt/st/stm32cubeide_1.19.0/plugins/com.st.stm32cube.ide.mcu.externaltools.gnu-tools-for-stm32.13.3.rel1.linux64_1.0.0.202410170706/tools/bin/../lib/gcc/arm-none-eabi/13.3.1/../../../../arm-none-eabi/lib/thumb/v6-m/nofp/libc_nano.a(libc_a-wbuf.o)
 .ARM.attributes
                0x000004b8       0x2c /opt/st/stm32cubeide_1.19.0/plugins/com.st.stm32cube.ide.mcu.externaltools.gnu-tools-for-stm32.13.3.rel1.linux64_1.0.0.202410170706/tools/bin/../lib/gcc/arm-none-eabi/13.3.1/../../../../arm-none-eabi/lib/thumb/v6-m/nofp/libc_nano.a(libc_a-wsetup.o)
 .ARM.attributes
                0x000004e4       0x2c /opt/st/stm32cubeide_1.19.0/plugins/com.st.stm32cube.ide.mcu.externaltools.gnu-tools-for-stm32.13.3.rel1.linux64_1.0.0.202410170706/tools/bin/../lib/gcc/arm-none-eabi/13.3.1/../../../../arm-none-eabi/lib/thumb/v6-m/nofp/libc_nano.a(libc_a-memset.o)
 .ARM.attributes
                0x00000510       0x2c /opt/st/stm32cubeide_1.19.0/plugins/com.st.stm32cube.ide.mcu.externaltools.gnu-tools-for-stm32.13.3.rel1.linux64_1.0.0.202410170706/tools/bin/../lib/gcc/arm-none-eabi/13.3.1/../../../../arm-none-eabi/lib/thumb/v6-m/nofp/libc_nano.a(libc_a-closer.o)
 .ARM.attributes
                0x0000053c       0x2c /opt/st/stm32cubeide_1.19.0/plugins/com.st.stm32cube.ide.mcu.externaltools.gnu-tools-for-stm32.13.3.rel1.linux64_1.0.0.202410170706/tools/bin/../lib/gcc/arm-none-eabi/13.3.1/../../../../arm-none-eabi/lib/thumb/v6-m/nofp/libc_nano.a(libc_a-reent.o)
 .ARM.attributes
                0x00000568       0x2c /opt/st/stm32cubeide_1.19.0/plugins/com.st.stm32cube.ide.mcu.externaltools.gnu-tools-for-stm32.13.3.rel1.linux64_1.0.0.202410170706/tools/bin/../lib/gcc/arm-none-eabi/13.3.1/../../../../arm-none-eabi/lib/thumb/v6-m/nofp/libc_nano.a(libc_a-impure.o)
 .ARM.attributes
                0x00000594       0x2c /opt/st/stm32cubeide_1.19.0/plugins/com.st.stm32cube.ide.mcu.externaltools.gnu-tools-for-stm32.13.3.rel1.linux64_1.0.0.202410170706/tools/bin/../lib/gcc/arm-none-eabi/13.3.1/../../../../arm-none-eabi/lib/thumb/v6-m/nofp/libc_nano.a(libc_a-lseekr.o)
 .ARM.attributes
                0x000005c0       0x2c /opt/st/stm32cubeide_1.19.0/plugins/com.st.stm32cube.ide.mcu.externaltools.gnu-tools-for-stm32.13.3.rel1.linux64_1.0.0.202410170706/tools/bin/../lib/gcc/arm-none-eabi/13.3.1/../../../../arm-none-eabi/lib/thumb/v6-m/nofp/libc_nano.a(libc_a-readr.o)
 .ARM.attributes
                0x000005ec       0x2c /opt/st/stm32cubeide_1.19.0/plugins/com.st.stm32cube.ide.mcu.externaltools.gnu-tools-for-stm32.13.3.rel1.linux64_1.0.0.202410170706/tools/bin/../lib/gcc/arm-none-eabi/13.3.1/../../../../arm-none-eabi/lib/thumb/v6-m/nofp/libc_nano.a(libc_a-writer.o)
 .ARM.attributes
                0x00000618       0x2c /opt/st/stm32cubeide_1.19.0/plugins/com.st.stm32cube.ide.mcu.externaltools.gnu-tools-for-stm32.13.3.rel1.linux64_1.0.0.202410170706/tools/bin/../lib/gcc/arm-none-eabi/13.3.1/../../../../arm-none-eabi/lib/thumb/v6-m/nofp/libc_nano.a(libc_a-errno.o)
 .ARM.attributes
                0x00000644       0x2c /opt/st/stm32cubeide_1.19.0/plugins/com.st.stm32cube.ide.mcu.externaltools.gnu-tools-for-stm32.13.3.rel1.linux64_1.0.0.202410170706/tools/bin/../lib/gcc/arm-none-eabi/13.3.1/../../../../arm-none-eabi/lib/thumb/v6-m/nofp/libc_nano.a(libc_a-init.o)
 .ARM.attributes
                0x00000670       0x2c /opt/st/stm32cubeide_1.19.0/plugins/com.st.stm32cube.ide.mcu.externaltools.gnu-tools-for-stm32.13.3.rel1.linux64_1.0.0.202410170706/tools/bin/../lib/gcc/arm-none-eabi/13.3.1/../../../../arm-none-eabi/lib/thumb/v6-m/nofp/libc_nano.a(libc_a-lock.o)
 .ARM.attributes
                0x0000069c       0x2c /opt/st/stm32cubeide_1.19.0/plugins/com.st.stm32cube.ide.mcu.externaltools.gnu-tools-for-stm32.13.3.rel1.linux64_1.0.0.202410170706/tools/bin/../lib/gcc/arm-none-eabi/13.3.1/../../../../arm-none-eabi/lib/thumb/v6-m/nofp/libc_nano.a(libc_a-freer.o)
 .ARM.attributes
                0x000006c8       0x2c /opt/st/stm32cubeide_1.19.0/plugins/com.st.stm32cube.ide.mcu.externaltools.gnu-tools-for-stm32.13.3.rel1.linux64_1.0.0.202410170706/tools/bin/../lib/gcc/arm-none-eabi/13.3.1/../../../../arm-none-eabi/lib/thumb/v6-m/nofp/libc_nano.a(libc_a-mallocr.o)
 .ARM.attributes
                0x000006f4       0x2c /opt/st/stm32cubeide_1.19.0/plugins/com.st.stm32cube.ide.mcu.externaltools.gnu-tools-for-stm32.13.3.rel1.linux64_1.0.0.202410170706/tools/bin/../lib/gcc/arm-none-eabi/13.3.1/../../../../arm-none-eabi/lib/thumb/v6-m/nofp/libc_nano.a(libc_a-mlock.o)
 .ARM.attributes
                0x00000720       0x2c /opt/st/stm32cubeide_1.19.0/plugins/com.st.stm32cube.ide.mcu.externaltools.gnu-tools-for-stm32.13.3.rel1.linux64_1.0.0.202410170706/tools/bin/../lib/gcc/arm-none-eabi/13.3.1/../../../../arm-none-eabi/lib/thumb/v6-m/nofp/libc_nano.a(libc_a-nano-vfprintf.o)
 .ARM.attributes
                0x0000074c       0x2c /opt/st/stm32cubeide_1.19.0/plugins/com.st.stm32cube.ide.mcu.externaltools.gnu-tools-for-stm32.13.3.rel1.linux64_1.0.0.202410170706/tools/bin/../lib/gcc/arm-none-eabi/13.3.1/../../../../arm-none-eabi/lib/thumb/v6-m/nofp/libc_nano.a(libc_a-nano-vfprintf_i.o)
 .ARM.attributes
                0x00000778       0x2c /opt/st/stm32cubeide_1.19.0/plugins/com.st.stm32cube.ide.mcu.externaltools.gnu-tools-for-stm32.13.3.rel1.linux64_1.0.0.202410170706/tools/bin/../lib/gcc/arm-none-eabi/13.3.1/../../../../arm-none-eabi/lib/thumb/v6-m/nofp/libc_nano.a(libc_a-fflush.o)
 .ARM.attributes
                0x000007a4       0x2c /opt/st/stm32cubeide_1.19.0/plugins/com.st.stm32cube.ide.mcu.externaltools.gnu-tools-for-stm32.13.3.rel1.linux64_1.0.0.202410170706/tools/bin/../lib/gcc/arm-none-eabi/13.3.1/../../../../arm-none-eabi/lib/thumb/v6-m/nofp/libc_nano.a(libc_a-makebuf.o)
 .ARM.attributes
                0x000007d0       0x2c /opt/st/stm32cubeide_1.19.0/plugins/com.st.stm32cube.ide.mcu.externaltools.gnu-tools-for-stm32.13.3.rel1.linux64_1.0.0.202410170706/tools/bin/../lib/gcc/arm-none-eabi/13.3.1/../../../../arm-none-eabi/lib/thumb/v6-m/nofp/libc_nano.a(libc_a-fstatr.o)
 .ARM.attributes
                0x000007fc       0x2c /opt/st/stm32cubeide_1.19.0/plugins/com.st.stm32cube.ide.mcu.externaltools.gnu-tools-for-stm32.13.3.rel1.linux64_1.0.0.202410170706/tools/bin/../lib/gcc/arm-none-eabi/13.3.1/../../../../arm-none-eabi/lib/thumb/v6-m/nofp/libc_nano.a(libc_a-isattyr.o)
 .ARM.attributes
                0x00000828       0x2c /opt/st/stm32cubeide_1.19.0/plugins/com.st.stm32cube.ide.mcu.externaltools.gnu-tools-for-stm32.13.3.rel1.linux64_1.0.0.202410170706/tools/bin/../lib/gcc/arm-none-eabi/13.3.1/../../../../arm-none-eabi/lib/thumb/v6-m/nofp/libc_nano.a(libc_a-sbrkr.o)
 .ARM.attributes
                0x00000854       0x2c /opt/st/stm32cubeide_1.19.0/plugins/com.st.stm32cube.ide.mcu.externaltools.gnu-tools-for-stm32.13.3.rel1.linux64_1.0.0.202410170706/tools/bin/../lib/gcc/arm-none-eabi/13.3.1/../../../../arm-none-eabi/lib/thumb/v6-m/nofp/libc_nano.a(libc_a-memchr-stub.o)
 .ARM.attributes
                0x00000880       0x1e /opt/st/stm32cubeide_1.19.0/plugins/com.st.stm32cube.ide.mcu.externaltools.gnu-tools-for-stm32.13.3.rel1.linux64_1.0.0.202410170706/tools/bin/../lib/gcc/arm-none-eabi/13.3.1/thumb/v6-m/nofp/libgcc.a(_thumb1_case_shi.o)
 .ARM.attributes
                0x0000089e       0x1e /opt/st/stm32cubeide_1.19.0/plugins/com.st.stm32cube.ide.mcu.externaltools.gnu-tools-for-stm32.13.3.rel1.linux64_1.0.0.202410170706/tools/bin/../lib/gcc/arm-none-eabi/13.3.1/thumb/v6-m/nofp/libgcc.a(_udivsi3.o)
 .ARM.attributes
                0x000008bc       0x1e /opt/st/stm32cubeide_1.19.0/plugins/com.st.stm32cube.ide.mcu.externaltools.gnu-tools-for-stm32.13.3.rel1.linux64_1.0.0.202410170706/tools/bin/../lib/gcc/arm-none-eabi/13.3.1/thumb/v6-m/nofp/libgcc.a(_dvmd_tls.o)
 .ARM.attributes
                0x000008da       0x2c /opt/st/stm32cubeide_1.19.0/plugins/com.st.stm32cube.ide.mcu.externaltools.gnu-tools-for-stm32.13.3.rel1.linux64_1.0.0.202410170706/tools/bin/../lib/gcc/arm-none-eabi/13.3.1/thumb/v6-m/nofp/libgcc.a(_muldi3.o)
 .ARM.attributes
                0x00000906       0x1e /opt/st/stm32cubeide_1.19.0/plugins/com.st.stm32cube.ide.mcu.externaltools.gnu-tools-for-stm32.13.3.rel1.linux64_1.0.0.202410170706/tools/bin/../lib/gcc/arm-none-eabi/13.3.1/thumb/v6-m/nofp/crtn.o
OUTPUT(firmware1.elf elf32-littlearm)
LOAD linker stubs
LOAD /opt/st/stm32cubeide_1.19.0/plugins/com.st.stm32cube.ide.mcu.externaltools.gnu-tools-for-stm32.13.3.rel1.linux64_1.0.0.202410170706/tools/bin/../lib/gcc/arm-none-eabi/13.3.1/../../../../arm-none-eabi/lib/thumb/v6-m/nofp/libc.a
LOAD /opt/st/stm32cubeide_1.19.0/plugins/com.st.stm32cube.ide.mcu.externaltools.gnu-tools-for-stm32.13.3.rel1.linux64_1.0.0.202410170706/tools/bin/../lib/gcc/arm-none-eabi/13.3.1/../../../../arm-none-eabi/lib/thumb/v6-m/nofp/libm.a
LOAD /opt/st/stm32cubeide_1.19.0/plugins/com.st.stm32cube.ide.mcu.externaltools.gnu-tools-for-stm32.13.3.rel1.linux64_1.0.0.202410170706/tools/bin/../lib/gcc/arm-none-eabi/13.3.1/thumb/v6-m/nofp/libgcc.a

.debug_info     0x00000000     0xd18d
 .debug_info    0x00000000     0x1425 ./Core/Src/main.o
 .debug_info    0x00001425      0x414 ./Core/Src/ms58.o
 .debug_info    0x00001839      0x7d1 ./Core/Src/ms5837_hal.o
 .debug_info    0x0000200a      0xf66 ./Core/Src/stm32l0xx_hal_msp.o
 .debug_info    0x00002f70      0x695 ./Core/Src/stm32l0xx_it.o
 .debug_info    0x00003605      0x6a3 ./Core/Src/syscalls.o
 .debug_info    0x00003ca8      0x168 ./Core/Src/sysmem.o
 .debug_info    0x00003e10      0x2d0 ./Core/Src/system_stm32l0xx.o
 .debug_info    0x000040e0       0x30 ./Core/Startup/startup_stm32l072cbtx.o
 .debug_info    0x00004110      0x8a6 ./Drivers/STM32L0xx_HAL_Driver/stm32l0xx_hal.o
 .debug_info    0x000049b6      0x89c ./Drivers/STM32L0xx_HAL_Driver/stm32l0xx_hal_cortex.o
 .debug_info    0x00005252      0x83d ./Drivers/STM32L0xx_HAL_Driver/stm32l0xx_hal_dac.o
 .debug_info    0x00005a8f      0x70b ./Drivers/STM32L0xx_HAL_Driver/stm32l0xx_hal_dma.o
 .debug_info    0x0000619a      0x617 ./Drivers/STM32L0xx_HAL_Driver/stm32l0xx_hal_gpio.o
 .debug_info    0x000067b1     0x20da ./Drivers/STM32L0xx_HAL_Driver/stm32l0xx_hal_i2c.o
 .debug_info    0x0000888b      0x878 ./Drivers/STM32L0xx_HAL_Driver/stm32l0xx_hal_i2c_ex.o
 .debug_info    0x00009103      0xa2a ./Drivers/STM32L0xx_HAL_Driver/stm32l0xx_hal_rcc.o
 .debug_info    0x00009b2d      0x7e0 ./Drivers/STM32L0xx_HAL_Driver/stm32l0xx_hal_rcc_ex.o
 .debug_info    0x0000a30d     0x27d1 ./Drivers/STM32L0xx_HAL_Driver/stm32l0xx_hal_tim.o
 .debug_info    0x0000cade      0x6af ./Drivers/STM32L0xx_HAL_Driver/stm32l0xx_hal_tim_ex.o

.debug_abbrev   0x00000000     0x24c9
 .debug_abbrev  0x00000000      0x313 ./Core/Src/main.o
 .debug_abbrev  0x00000313      0x15d ./Core/Src/ms58.o
 .debug_abbrev  0x00000470      0x1e5 ./Core/Src/ms5837_hal.o
 .debug_abbrev  0x00000655      0x20c ./Core/Src/stm32l0xx_hal_msp.o
 .debug_abbrev  0x00000861      0x18d ./Core/Src/stm32l0xx_it.o
 .debug_abbrev  0x000009ee      0x1b6 ./Core/Src/syscalls.o
 .debug_abbrev  0x00000ba4       0xbc ./Core/Src/sysmem.o
 .debug_abbrev  0x00000c60      0x11c ./Core/Src/system_stm32l0xx.o
 .debug_abbrev  0x00000d7c       0x24 ./Core/Startup/startup_stm32l072cbtx.o
 .debug_abbrev  0x00000da0      0x2a0 ./Drivers/STM32L0xx_HAL_Driver/stm32l0xx_hal.o
 .debug_abbrev  0x00001040      0x29b ./Drivers/STM32L0xx_HAL_Driver/stm32l0xx_hal_cortex.o
 .debug_abbrev  0x000012db      0x160 ./Drivers/STM32L0xx_HAL_Driver/stm32l0xx_hal_dac.o
 .debug_abbrev  0x0000143b      0x1cd ./Drivers/STM32L0xx_HAL_Driver/stm32l0xx_hal_dma.o
 .debug_abbrev  0x00001608      0x1cb ./Drivers/STM32L0xx_HAL_Driver/stm32l0xx_hal_gpio.o
 .debug_abbrev  0x000017d3      0x270 ./Drivers/STM32L0xx_HAL_Driver/stm32l0xx_hal_i2c.o
 .debug_abbrev  0x00001a43      0x1b9 ./Drivers/STM32L0xx_HAL_Driver/stm32l0xx_hal_i2c_ex.o
 .debug_abbrev  0x00001bfc      0x296 ./Drivers/STM32L0xx_HAL_Driver/stm32l0xx_hal_rcc.o
 .debug_abbrev  0x00001e92      0x21a ./Drivers/STM32L0xx_HAL_Driver/stm32l0xx_hal_rcc_ex.o
 .debug_abbrev  0x000020ac      0x272 ./Drivers/STM32L0xx_HAL_Driver/stm32l0xx_hal_tim.o
 .debug_abbrev  0x0000231e      0x1ab ./Drivers/STM32L0xx_HAL_Driver/stm32l0xx_hal_tim_ex.o

.debug_aranges  0x00000000      0xe28
 .debug_aranges
                0x00000000       0x70 ./Core/Src/main.o
 .debug_aranges
                0x00000070       0x40 ./Core/Src/ms58.o
 .debug_aranges
                0x000000b0       0x38 ./Core/Src/ms5837_hal.o
 .debug_aranges
                0x000000e8       0x50 ./Core/Src/stm32l0xx_hal_msp.o
 .debug_aranges
                0x00000138       0x50 ./Core/Src/stm32l0xx_it.o
 .debug_aranges
                0x00000188       0xa8 ./Core/Src/syscalls.o
 .debug_aranges
                0x00000230       0x20 ./Core/Src/sysmem.o
 .debug_aranges
                0x00000250       0x28 ./Core/Src/system_stm32l0xx.o
 .debug_aranges
                0x00000278       0x28 ./Core/Startup/startup_stm32l072cbtx.o
 .debug_aranges
                0x000002a0      0x110 ./Drivers/STM32L0xx_HAL_Driver/stm32l0xx_hal.o
 .debug_aranges
                0x000003b0       0xe8 ./Drivers/STM32L0xx_HAL_Driver/stm32l0xx_hal_cortex.o
 .debug_aranges
                0x00000498       0xa8 ./Drivers/STM32L0xx_HAL_Driver/stm32l0xx_hal_dac.o
 .debug_aranges
                0x00000540       0x80 ./Drivers/STM32L0xx_HAL_Driver/stm32l0xx_hal_dma.o
 .debug_aranges
                0x000005c0       0x58 ./Drivers/STM32L0xx_HAL_Driver/stm32l0xx_hal_gpio.o
 .debug_aranges
                0x00000618      0x2a0 ./Drivers/STM32L0xx_HAL_Driver/stm32l0xx_hal_i2c.o
 .debug_aranges
                0x000008b8       0x48 ./Drivers/STM32L0xx_HAL_Driver/stm32l0xx_hal_i2c_ex.o
 .debug_aranges
                0x00000900       0x80 ./Drivers/STM32L0xx_HAL_Driver/stm32l0xx_hal_rcc.o
 .debug_aranges
                0x00000980       0xb0 ./Drivers/STM32L0xx_HAL_Driver/stm32l0xx_hal_rcc_ex.o
 .debug_aranges
                0x00000a30      0x3d0 ./Drivers/STM32L0xx_HAL_Driver/stm32l0xx_hal_tim.o
 .debug_aranges
                0x00000e00       0x28 ./Drivers/STM32L0xx_HAL_Driver/stm32l0xx_hal_tim_ex.o

.debug_rnglists
                0x00000000      0xad1
 .debug_rnglists
                0x00000000       0x53 ./Core/Src/main.o
 .debug_rnglists
                0x00000053       0x2d ./Core/Src/ms58.o
 .debug_rnglists
                0x00000080       0x25 ./Core/Src/ms5837_hal.o
 .debug_rnglists
                0x000000a5       0x39 ./Core/Src/stm32l0xx_hal_msp.o
 .debug_rnglists
                0x000000de       0x37 ./Core/Src/stm32l0xx_it.o
 .debug_rnglists
                0x00000115       0x79 ./Core/Src/syscalls.o
 .debug_rnglists
                0x0000018e       0x13 ./Core/Src/sysmem.o
 .debug_rnglists
                0x000001a1       0x1a ./Core/Src/system_stm32l0xx.o
 .debug_rnglists
                0x000001bb       0x19 ./Core/Startup/startup_stm32l072cbtx.o
 .debug_rnglists
                0x000001d4       0xc7 ./Drivers/STM32L0xx_HAL_Driver/stm32l0xx_hal.o
 .debug_rnglists
                0x0000029b       0xaa ./Drivers/STM32L0xx_HAL_Driver/stm32l0xx_hal_cortex.o
 .debug_rnglists
                0x00000345       0x7a ./Drivers/STM32L0xx_HAL_Driver/stm32l0xx_hal_dac.o
 .debug_rnglists
                0x000003bf       0x65 ./Drivers/STM32L0xx_HAL_Driver/stm32l0xx_hal_dma.o
 .debug_rnglists
                0x00000424       0x3f ./Drivers/STM32L0xx_HAL_Driver/stm32l0xx_hal_gpio.o
 .debug_rnglists
                0x00000463      0x229 ./Drivers/STM32L0xx_HAL_Driver/stm32l0xx_hal_i2c.o
 .debug_rnglists
                0x0000068c       0x35 ./Drivers/STM32L0xx_HAL_Driver/stm32l0xx_hal_i2c_ex.o
 .debug_rnglists
                0x000006c1       0x61 ./Drivers/STM32L0xx_HAL_Driver/stm32l0xx_hal_rcc.o
 .debug_rnglists
                0x00000722       0x85 ./Drivers/STM32L0xx_HAL_Driver/stm32l0xx_hal_rcc_ex.o
 .debug_rnglists
                0x000007a7      0x310 ./Drivers/STM32L0xx_HAL_Driver/stm32l0xx_hal_tim.o
 .debug_rnglists
                0x00000ab7       0x1a ./Drivers/STM32L0xx_HAL_Driver/stm32l0xx_hal_tim_ex.o

.debug_macro    0x00000000    0x163d1
 .debug_macro   0x00000000      0x209 ./Core/Src/main.o
 .debug_macro   0x00000209      0xaae ./Core/Src/main.o
 .debug_macro   0x00000cb7      0x125 ./Core/Src/main.o
 .debug_macro   0x00000ddc       0x2e ./Core/Src/main.o
 .debug_macro   0x00000e0a       0x28 ./Core/Src/main.o
 .debug_macro   0x00000e32       0x22 ./Core/Src/main.o
 .debug_macro   0x00000e54       0x8e ./Core/Src/main.o
 .debug_macro   0x00000ee2       0x51 ./Core/Src/main.o
 .debug_macro   0x00000f33      0x103 ./Core/Src/main.o
 .debug_macro   0x00001036       0x6a ./Core/Src/main.o
 .debug_macro   0x000010a0      0x1df ./Core/Src/main.o
 .debug_macro   0x0000127f       0x1c ./Core/Src/main.o
 .debug_macro   0x0000129b       0x22 ./Core/Src/main.o
 .debug_macro   0x000012bd       0xaf ./Core/Src/main.o
 .debug_macro   0x0000136c      0x4da ./Core/Src/main.o
 .debug_macro   0x00001846      0x11f ./Core/Src/main.o
 .debug_macro   0x00001965     0xa33b ./Core/Src/main.o
 .debug_macro   0x0000bca0       0x66 ./Core/Src/main.o
 .debug_macro   0x0000bd06     0x35ac ./Core/Src/main.o
 .debug_macro   0x0000f2b2      0x190 ./Core/Src/main.o
 .debug_macro   0x0000f442       0x5c ./Core/Src/main.o
 .debug_macro   0x0000f49e      0x8ea ./Core/Src/main.o
 .debug_macro   0x0000fd88      0xb52 ./Core/Src/main.o
 .debug_macro   0x000108da      0x197 ./Core/Src/main.o
 .debug_macro   0x00010a71      0x13f ./Core/Src/main.o
 .debug_macro   0x00010bb0      0x1ca ./Core/Src/main.o
 .debug_macro   0x00010d7a       0x82 ./Core/Src/main.o
 .debug_macro   0x00010dfc      0x28e ./Core/Src/main.o
 .debug_macro   0x0001108a      0x1e9 ./Core/Src/main.o
 .debug_macro   0x00011273      0x122 ./Core/Src/main.o
 .debug_macro   0x00011395       0xa0 ./Core/Src/main.o
 .debug_macro   0x00011435      0x13d ./Core/Src/main.o
 .debug_macro   0x00011572      0x4ac ./Core/Src/main.o
 .debug_macro   0x00011a1e      0x22c ./Core/Src/main.o
 .debug_macro   0x00011c4a       0x5b ./Core/Src/main.o
 .debug_macro   0x00011ca5       0xa5 ./Core/Src/main.o
 .debug_macro   0x00011d4a      0x186 ./Core/Src/main.o
 .debug_macro   0x00011ed0       0x16 ./Core/Src/main.o
 .debug_macro   0x00011ee6      0x788 ./Core/Src/main.o
 .debug_macro   0x0001266e       0xfc ./Core/Src/main.o
 .debug_macro   0x0001276a      0x170 ./Core/Src/main.o
 .debug_macro   0x000128da       0x4c ./Core/Src/main.o
 .debug_macro   0x00012926       0x22 ./Core/Src/main.o
 .debug_macro   0x00012948       0x7c ./Core/Src/main.o
 .debug_macro   0x000129c4      0x16c ./Core/Src/ms58.o
 .debug_macro   0x00012b30       0x61 ./Core/Src/ms58.o
 .debug_macro   0x00012b91       0x24 ./Core/Src/ms58.o
 .debug_macro   0x00012bb5       0x43 ./Core/Src/ms58.o
 .debug_macro   0x00012bf8       0x34 ./Core/Src/ms58.o
 .debug_macro   0x00012c2c       0x16 ./Core/Src/ms58.o
 .debug_macro   0x00012c42       0x9e ./Core/Src/ms58.o
 .debug_macro   0x00012ce0      0x370 ./Core/Src/ms58.o
 .debug_macro   0x00013050      0x112 ./Core/Src/ms58.o
 .debug_macro   0x00013162       0x10 ./Core/Src/ms58.o
 .debug_macro   0x00013172       0x16 ./Core/Src/ms58.o
 .debug_macro   0x00013188       0x4a ./Core/Src/ms58.o
 .debug_macro   0x000131d2       0x34 ./Core/Src/ms58.o
 .debug_macro   0x00013206       0x10 ./Core/Src/ms58.o
 .debug_macro   0x00013216       0x58 ./Core/Src/ms58.o
 .debug_macro   0x0001326e       0x8e ./Core/Src/ms58.o
 .debug_macro   0x000132fc       0x1c ./Core/Src/ms58.o
 .debug_macro   0x00013318      0x185 ./Core/Src/ms58.o
 .debug_macro   0x0001349d       0x16 ./Core/Src/ms58.o
 .debug_macro   0x000134b3       0x16 ./Core/Src/ms58.o
 .debug_macro   0x000134c9      0x146 ./Core/Src/ms58.o
 .debug_macro   0x0001360f      0x2e7 ./Core/Src/ms5837_hal.o
 .debug_macro   0x000138f6       0x3c ./Core/Src/ms5837_hal.o
 .debug_macro   0x00013932      0x1dd ./Core/Src/stm32l0xx_hal_msp.o
 .debug_macro   0x00013b0f      0x1e7 ./Core/Src/stm32l0xx_it.o
 .debug_macro   0x00013cf6      0x274 ./Core/Src/syscalls.o
 .debug_macro   0x00013f6a       0x5b ./Core/Src/syscalls.o
 .debug_macro   0x00013fc5       0x94 ./Core/Src/syscalls.o
 .debug_macro   0x00014059       0x57 ./Core/Src/syscalls.o
 .debug_macro   0x000140b0       0x10 ./Core/Src/syscalls.o
 .debug_macro   0x000140c0       0x10 ./Core/Src/syscalls.o
 .debug_macro   0x000140d0       0x10 ./Core/Src/syscalls.o
 .debug_macro   0x000140e0       0x10 ./Core/Src/syscalls.o
 .debug_macro   0x000140f0       0x1c ./Core/Src/syscalls.o
 .debug_macro   0x0001410c       0x52 ./Core/Src/syscalls.o
 .debug_macro   0x0001415e       0x22 ./Core/Src/syscalls.o
 .debug_macro   0x00014180       0x10 ./Core/Src/syscalls.o
 .debug_macro   0x00014190       0x52 ./Core/Src/syscalls.o
 .debug_macro   0x000141e2       0xcf ./Core/Src/syscalls.o
 .debug_macro   0x000142b1       0x1c ./Core/Src/syscalls.o
 .debug_macro   0x000142cd       0x3d ./Core/Src/syscalls.o
 .debug_macro   0x0001430a       0x35 ./Core/Src/syscalls.o
 .debug_macro   0x0001433f      0x12c ./Core/Src/syscalls.o
 .debug_macro   0x0001446b       0x16 ./Core/Src/syscalls.o
 .debug_macro   0x00014481       0x16 ./Core/Src/syscalls.o
 .debug_macro   0x00014497       0x29 ./Core/Src/syscalls.o
 .debug_macro   0x000144c0       0x10 ./Core/Src/syscalls.o
 .debug_macro   0x000144d0      0x242 ./Core/Src/syscalls.o
 .debug_macro   0x00014712       0x1c ./Core/Src/syscalls.o
 .debug_macro   0x0001472e       0x10 ./Core/Src/syscalls.o
 .debug_macro   0x0001473e      0x18a ./Core/Src/syscalls.o
 .debug_macro   0x000148c8       0x16 ./Core/Src/syscalls.o
 .debug_macro   0x000148de       0xce ./Core/Src/syscalls.o
 .debug_macro   0x000149ac      0x112 ./Core/Src/sysmem.o
 .debug_macro   0x00014abe      0x23c ./Core/Src/sysmem.o
 .debug_macro   0x00014cfa      0x1ce ./Core/Src/system_stm32l0xx.o
 .debug_macro   0x00014ec8      0x1f2 ./Drivers/STM32L0xx_HAL_Driver/stm32l0xx_hal.o
 .debug_macro   0x000150ba      0x1ce ./Drivers/STM32L0xx_HAL_Driver/stm32l0xx_hal_cortex.o
 .debug_macro   0x00015288      0x1cf ./Drivers/STM32L0xx_HAL_Driver/stm32l0xx_hal_dac.o
 .debug_macro   0x00015457      0x1ce ./Drivers/STM32L0xx_HAL_Driver/stm32l0xx_hal_dma.o
 .debug_macro   0x00015625      0x1d5 ./Drivers/STM32L0xx_HAL_Driver/stm32l0xx_hal_gpio.o
 .debug_macro   0x000157fa      0x29a ./Drivers/STM32L0xx_HAL_Driver/stm32l0xx_hal_i2c.o
 .debug_macro   0x00015a94      0x1ce ./Drivers/STM32L0xx_HAL_Driver/stm32l0xx_hal_i2c_ex.o
 .debug_macro   0x00015c62      0x204 ./Drivers/STM32L0xx_HAL_Driver/stm32l0xx_hal_rcc.o
 .debug_macro   0x00015e66      0x1ce ./Drivers/STM32L0xx_HAL_Driver/stm32l0xx_hal_rcc_ex.o
 .debug_macro   0x00016034      0x1cf ./Drivers/STM32L0xx_HAL_Driver/stm32l0xx_hal_tim.o
 .debug_macro   0x00016203      0x1ce ./Drivers/STM32L0xx_HAL_Driver/stm32l0xx_hal_tim_ex.o

.debug_line     0x00000000    0x114ab
 .debug_line    0x00000000      0xa75 ./Core/Src/main.o
 .debug_line    0x00000a75      0x667 ./Core/Src/ms58.o
 .debug_line    0x000010dc      0x977 ./Core/Src/ms5837_hal.o
 .debug_line    0x00001a53      0x8a8 ./Core/Src/stm32l0xx_hal_msp.o
 .debug_line    0x000022fb      0x858 ./Core/Src/stm32l0xx_it.o
 .debug_line    0x00002b53      0x7e1 ./Core/Src/syscalls.o
 .debug_line    0x00003334      0x4bd ./Core/Src/sysmem.o
 .debug_line    0x000037f1      0x854 ./Core/Src/system_stm32l0xx.o
 .debug_line    0x00004045       0x7b ./Core/Startup/startup_stm32l072cbtx.o
 .debug_line    0x000040c0      0xb4c ./Drivers/STM32L0xx_HAL_Driver/stm32l0xx_hal.o
 .debug_line    0x00004c0c      0xc1d ./Drivers/STM32L0xx_HAL_Driver/stm32l0xx_hal_cortex.o
 .debug_line    0x00005829      0x9e9 ./Drivers/STM32L0xx_HAL_Driver/stm32l0xx_hal_dac.o
 .debug_line    0x00006212      0xd0f ./Drivers/STM32L0xx_HAL_Driver/stm32l0xx_hal_dma.o
 .debug_line    0x00006f21      0xbc1 ./Drivers/STM32L0xx_HAL_Driver/stm32l0xx_hal_gpio.o
 .debug_line    0x00007ae2     0x37ef ./Drivers/STM32L0xx_HAL_Driver/stm32l0xx_hal_i2c.o
 .debug_line    0x0000b2d1      0x942 ./Drivers/STM32L0xx_HAL_Driver/stm32l0xx_hal_i2c_ex.o
 .debug_line    0x0000bc13     0x10ad ./Drivers/STM32L0xx_HAL_Driver/stm32l0xx_hal_rcc.o
 .debug_line    0x0000ccc0      0xebb ./Drivers/STM32L0xx_HAL_Driver/stm32l0xx_hal_rcc_ex.o
 .debug_line    0x0000db7b     0x30bb ./Drivers/STM32L0xx_HAL_Driver/stm32l0xx_hal_tim.o
 .debug_line    0x00010c36      0x875 ./Drivers/STM32L0xx_HAL_Driver/stm32l0xx_hal_tim_ex.o

.debug_str      0x00000000    0x8445d
 .debug_str     0x00000000    0x8445d ./Core/Src/main.o
                              0x7ba33 (size before relaxing)
 .debug_str     0x0008445d     0x7bf2 ./Core/Src/ms58.o
 .debug_str     0x0008445d    0x7e7f2 ./Core/Src/ms5837_hal.o
 .debug_str     0x0008445d    0x7b453 ./Core/Src/stm32l0xx_hal_msp.o
 .debug_str     0x0008445d    0x7ad80 ./Core/Src/stm32l0xx_it.o
 .debug_str     0x0008445d     0x98dd ./Core/Src/syscalls.o
 .debug_str     0x0008445d     0x767b ./Core/Src/sysmem.o
 .debug_str     0x0008445d    0x7a802 ./Core/Src/system_stm32l0xx.o
 .debug_str     0x0008445d       0x81 ./Core/Startup/startup_stm32l072cbtx.o
 .debug_str     0x0008445d    0x7af66 ./Drivers/STM32L0xx_HAL_Driver/stm32l0xx_hal.o
 .debug_str     0x0008445d    0x7acf2 ./Drivers/STM32L0xx_HAL_Driver/stm32l0xx_hal_cortex.o
 .debug_str     0x0008445d    0x7ac20 ./Drivers/STM32L0xx_HAL_Driver/stm32l0xx_hal_dac.o
 .debug_str     0x0008445d    0x7abaf ./Drivers/STM32L0xx_HAL_Driver/stm32l0xx_hal_dma.o
 .debug_str     0x0008445d    0x7a9db ./Drivers/STM32L0xx_HAL_Driver/stm32l0xx_hal_gpio.o
 .debug_str     0x0008445d    0x7bb46 ./Drivers/STM32L0xx_HAL_Driver/stm32l0xx_hal_i2c.o
 .debug_str     0x0008445d    0x7ad9f ./Drivers/STM32L0xx_HAL_Driver/stm32l0xx_hal_i2c_ex.o
 .debug_str     0x0008445d    0x7ad74 ./Drivers/STM32L0xx_HAL_Driver/stm32l0xx_hal_rcc.o
 .debug_str     0x0008445d    0x7ad2c ./Drivers/STM32L0xx_HAL_Driver/stm32l0xx_hal_rcc_ex.o
 .debug_str     0x0008445d    0x7bb13 ./Drivers/STM32L0xx_HAL_Driver/stm32l0xx_hal_tim.o
 .debug_str     0x0008445d    0x7acb8 ./Drivers/STM32L0xx_HAL_Driver/stm32l0xx_hal_tim_ex.o

.comment        0x00000000       0x43
 .comment       0x00000000       0x43 ./Core/Src/main.o
                                 0x44 (size before relaxing)
 .comment       0x00000043       0x44 ./Core/Src/ms58.o
 .comment       0x00000043       0x44 ./Core/Src/ms5837_hal.o
 .comment       0x00000043       0x44 ./Core/Src/stm32l0xx_hal_msp.o
 .comment       0x00000043       0x44 ./Core/Src/stm32l0xx_it.o
 .comment       0x00000043       0x44 ./Core/Src/syscalls.o
 .comment       0x00000043       0x44 ./Core/Src/sysmem.o
 .comment       0x00000043       0x44 ./Core/Src/system_stm32l0xx.o
 .comment       0x00000043       0x44 ./Drivers/STM32L0xx_HAL_Driver/stm32l0xx_hal.o
 .comment       0x00000043       0x44 ./Drivers/STM32L0xx_HAL_Driver/stm32l0xx_hal_cortex.o
 .comment       0x00000043       0x44 ./Drivers/STM32L0xx_HAL_Driver/stm32l0xx_hal_dac.o
 .comment       0x00000043       0x44 ./Drivers/STM32L0xx_HAL_Driver/stm32l0xx_hal_dma.o
 .comment       0x00000043       0x44 ./Drivers/STM32L0xx_HAL_Driver/stm32l0xx_hal_gpio.o
 .comment       0x00000043       0x44 ./Drivers/STM32L0xx_HAL_Driver/stm32l0xx_hal_i2c.o
 .comment       0x00000043       0x44 ./Drivers/STM32L0xx_HAL_Driver/stm32l0xx_hal_i2c_ex.o
 .comment       0x00000043       0x44 ./Drivers/STM32L0xx_HAL_Driver/stm32l0xx_hal_rcc.o
 .comment       0x00000043       0x44 ./Drivers/STM32L0xx_HAL_Driver/stm32l0xx_hal_rcc_ex.o
 .comment       0x00000043       0x44 ./Drivers/STM32L0xx_HAL_Driver/stm32l0xx_hal_tim.o
 .comment       0x00000043       0x44 ./Drivers/STM32L0xx_HAL_Driver/stm32l0xx_hal_tim_ex.o

.debug_frame    0x00000000     0x39dc
 .debug_frame   0x00000000      0x168 ./Core/Src/main.o
 .debug_frame   0x00000168       0xc0 ./Core/Src/ms58.o
 .debug_frame   0x00000228       0x98 ./Core/Src/ms5837_hal.o
 .debug_frame   0x000002c0       0xec ./Core/Src/stm32l0xx_hal_msp.o
 .debug_frame   0x000003ac       0xd4 ./Core/Src/stm32l0xx_it.o
 .debug_frame   0x00000480      0x244 ./Core/Src/syscalls.o
 .debug_frame   0x000006c4       0x30 ./Core/Src/sysmem.o
 .debug_frame   0x000006f4       0x4c ./Core/Src/system_stm32l0xx.o
 .debug_frame   0x00000740      0x394 ./Drivers/STM32L0xx_HAL_Driver/stm32l0xx_hal.o
 .debug_frame   0x00000ad4      0x33c ./Drivers/STM32L0xx_HAL_Driver/stm32l0xx_hal_cortex.o
 .debug_frame   0x00000e10      0x250 ./Drivers/STM32L0xx_HAL_Driver/stm32l0xx_hal_dac.o
 .debug_frame   0x00001060      0x1b0 ./Drivers/STM32L0xx_HAL_Driver/stm32l0xx_hal_dma.o
 .debug_frame   0x00001210      0x110 ./Drivers/STM32L0xx_HAL_Driver/stm32l0xx_hal_gpio.o
 .debug_frame   0x00001320      0xa68 ./Drivers/STM32L0xx_HAL_Driver/stm32l0xx_hal_i2c.o
 .debug_frame   0x00001d88       0xd0 ./Drivers/STM32L0xx_HAL_Driver/stm32l0xx_hal_i2c_ex.o
 .debug_frame   0x00001e58      0x1a4 ./Drivers/STM32L0xx_HAL_Driver/stm32l0xx_hal_rcc.o
 .debug_frame   0x00001ffc      0x244 ./Drivers/STM32L0xx_HAL_Driver/stm32l0xx_hal_rcc_ex.o
 .debug_frame   0x00002240      0xef8 ./Drivers/STM32L0xx_HAL_Driver/stm32l0xx_hal_tim.o
 .debug_frame   0x00003138       0x50 ./Drivers/STM32L0xx_HAL_Driver/stm32l0xx_hal_tim_ex.o
 .debug_frame   0x00003188      0x138 /opt/st/stm32cubeide_1.19.0/plugins/com.st.stm32cube.ide.mcu.externaltools.gnu-tools-for-stm32.13.3.rel1.linux64_1.0.0.202410170706/tools/bin/../lib/gcc/arm-none-eabi/13.3.1/../../../../arm-none-eabi/lib/thumb/v6-m/nofp/libc_nano.a(libc_a-findfp.o)
 .debug_frame   0x000032c0       0x34 /opt/st/stm32cubeide_1.19.0/plugins/com.st.stm32cube.ide.mcu.externaltools.gnu-tools-for-stm32.13.3.rel1.linux64_1.0.0.202410170706/tools/bin/../lib/gcc/arm-none-eabi/13.3.1/../../../../arm-none-eabi/lib/thumb/v6-m/nofp/libc_nano.a(libc_a-fwalk.o)
 .debug_frame   0x000032f4       0x4c /opt/st/stm32cubeide_1.19.0/plugins/com.st.stm32cube.ide.mcu.externaltools.gnu-tools-for-stm32.13.3.rel1.linux64_1.0.0.202410170706/tools/bin/../lib/gcc/arm-none-eabi/13.3.1/../../../../arm-none-eabi/lib/thumb/v6-m/nofp/libc_nano.a(libc_a-printf.o)
 .debug_frame   0x00003340       0x44 /opt/st/stm32cubeide_1.19.0/plugins/com.st.stm32cube.ide.mcu.externaltools.gnu-tools-for-stm32.13.3.rel1.linux64_1.0.0.202410170706/tools/bin/../lib/gcc/arm-none-eabi/13.3.1/../../../../arm-none-eabi/lib/thumb/v6-m/nofp/libc_nano.a(libc_a-puts.o)
 .debug_frame   0x00003384       0x90 /opt/st/stm32cubeide_1.19.0/plugins/com.st.stm32cube.ide.mcu.externaltools.gnu-tools-for-stm32.13.3.rel1.linux64_1.0.0.202410170706/tools/bin/../lib/gcc/arm-none-eabi/13.3.1/../../../../arm-none-eabi/lib/thumb/v6-m/nofp/libc_nano.a(libc_a-stdio.o)
 .debug_frame   0x00003414       0x48 /opt/st/stm32cubeide_1.19.0/plugins/com.st.stm32cube.ide.mcu.externaltools.gnu-tools-for-stm32.13.3.rel1.linux64_1.0.0.202410170706/tools/bin/../lib/gcc/arm-none-eabi/13.3.1/../../../../arm-none-eabi/lib/thumb/v6-m/nofp/libc_nano.a(libc_a-wbuf.o)
 .debug_frame   0x0000345c       0x2c /opt/st/stm32cubeide_1.19.0/plugins/com.st.stm32cube.ide.mcu.externaltools.gnu-tools-for-stm32.13.3.rel1.linux64_1.0.0.202410170706/tools/bin/../lib/gcc/arm-none-eabi/13.3.1/../../../../arm-none-eabi/lib/thumb/v6-m/nofp/libc_nano.a(libc_a-wsetup.o)
 .debug_frame   0x00003488       0x20 /opt/st/stm32cubeide_1.19.0/plugins/com.st.stm32cube.ide.mcu.externaltools.gnu-tools-for-stm32.13.3.rel1.linux64_1.0.0.202410170706/tools/bin/../lib/gcc/arm-none-eabi/13.3.1/../../../../arm-none-eabi/lib/thumb/v6-m/nofp/libc_nano.a(libc_a-memset.o)
 .debug_frame   0x000034a8       0x2c /opt/st/stm32cubeide_1.19.0/plugins/com.st.stm32cube.ide.mcu.externaltools.gnu-tools-for-stm32.13.3.rel1.linux64_1.0.0.202410170706/tools/bin/../lib/gcc/arm-none-eabi/13.3.1/../../../../arm-none-eabi/lib/thumb/v6-m/nofp/libc_nano.a(libc_a-closer.o)
 .debug_frame   0x000034d4       0x2c /opt/st/stm32cubeide_1.19.0/plugins/com.st.stm32cube.ide.mcu.externaltools.gnu-tools-for-stm32.13.3.rel1.linux64_1.0.0.202410170706/tools/bin/../lib/gcc/arm-none-eabi/13.3.1/../../../../arm-none-eabi/lib/thumb/v6-m/nofp/libc_nano.a(libc_a-reent.o)
 .debug_frame   0x00003500       0x2c /opt/st/stm32cubeide_1.19.0/plugins/com.st.stm32cube.ide.mcu.externaltools.gnu-tools-for-stm32.13.3.rel1.linux64_1.0.0.202410170706/tools/bin/../lib/gcc/arm-none-eabi/13.3.1/../../../../arm-none-eabi/lib/thumb/v6-m/nofp/libc_nano.a(libc_a-lseekr.o)
 .debug_frame   0x0000352c       0x2c /opt/st/stm32cubeide_1.19.0/plugins/com.st.stm32cube.ide.mcu.externaltools.gnu-tools-for-stm32.13.3.rel1.linux64_1.0.0.202410170706/tools/bin/../lib/gcc/arm-none-eabi/13.3.1/../../../../arm-none-eabi/lib/thumb/v6-m/nofp/libc_nano.a(libc_a-readr.o)
 .debug_frame   0x00003558       0x2c /opt/st/stm32cubeide_1.19.0/plugins/com.st.stm32cube.ide.mcu.externaltools.gnu-tools-for-stm32.13.3.rel1.linux64_1.0.0.202410170706/tools/bin/../lib/gcc/arm-none-eabi/13.3.1/../../../../arm-none-eabi/lib/thumb/v6-m/nofp/libc_nano.a(libc_a-writer.o)
 .debug_frame   0x00003584       0x20 /opt/st/stm32cubeide_1.19.0/plugins/com.st.stm32cube.ide.mcu.externaltools.gnu-tools-for-stm32.13.3.rel1.linux64_1.0.0.202410170706/tools/bin/../lib/gcc/arm-none-eabi/13.3.1/../../../../arm-none-eabi/lib/thumb/v6-m/nofp/libc_nano.a(libc_a-errno.o)
 .debug_frame   0x000035a4       0x2c /opt/st/stm32cubeide_1.19.0/plugins/com.st.stm32cube.ide.mcu.externaltools.gnu-tools-for-stm32.13.3.rel1.linux64_1.0.0.202410170706/tools/bin/../lib/gcc/arm-none-eabi/13.3.1/../../../../arm-none-eabi/lib/thumb/v6-m/nofp/libc_nano.a(libc_a-init.o)
 .debug_frame   0x000035d0       0xb0 /opt/st/stm32cubeide_1.19.0/plugins/com.st.stm32cube.ide.mcu.externaltools.gnu-tools-for-stm32.13.3.rel1.linux64_1.0.0.202410170706/tools/bin/../lib/gcc/arm-none-eabi/13.3.1/../../../../arm-none-eabi/lib/thumb/v6-m/nofp/libc_nano.a(libc_a-lock.o)
 .debug_frame   0x00003680       0x2c /opt/st/stm32cubeide_1.19.0/plugins/com.st.stm32cube.ide.mcu.externaltools.gnu-tools-for-stm32.13.3.rel1.linux64_1.0.0.202410170706/tools/bin/../lib/gcc/arm-none-eabi/13.3.1/../../../../arm-none-eabi/lib/thumb/v6-m/nofp/libc_nano.a(libc_a-freer.o)
 .debug_frame   0x000036ac       0x50 /opt/st/stm32cubeide_1.19.0/plugins/com.st.stm32cube.ide.mcu.externaltools.gnu-tools-for-stm32.13.3.rel1.linux64_1.0.0.202410170706/tools/bin/../lib/gcc/arm-none-eabi/13.3.1/../../../../arm-none-eabi/lib/thumb/v6-m/nofp/libc_nano.a(libc_a-mallocr.o)
 .debug_frame   0x000036fc       0x40 /opt/st/stm32cubeide_1.19.0/plugins/com.st.stm32cube.ide.mcu.externaltools.gnu-tools-for-stm32.13.3.rel1.linux64_1.0.0.202410170706/tools/bin/../lib/gcc/arm-none-eabi/13.3.1/../../../../arm-none-eabi/lib/thumb/v6-m/nofp/libc_nano.a(libc_a-mlock.o)
 .debug_frame   0x0000373c       0x9c /opt/st/stm32cubeide_1.19.0/plugins/com.st.stm32cube.ide.mcu.externaltools.gnu-tools-for-stm32.13.3.rel1.linux64_1.0.0.202410170706/tools/bin/../lib/gcc/arm-none-eabi/13.3.1/../../../../arm-none-eabi/lib/thumb/v6-m/nofp/libc_nano.a(libc_a-nano-vfprintf.o)
 .debug_frame   0x000037d8       0x54 /opt/st/stm32cubeide_1.19.0/plugins/com.st.stm32cube.ide.mcu.externaltools.gnu-tools-for-stm32.13.3.rel1.linux64_1.0.0.202410170706/tools/bin/../lib/gcc/arm-none-eabi/13.3.1/../../../../arm-none-eabi/lib/thumb/v6-m/nofp/libc_nano.a(libc_a-nano-vfprintf_i.o)
 .debug_frame   0x0000382c       0x68 /opt/st/stm32cubeide_1.19.0/plugins/com.st.stm32cube.ide.mcu.externaltools.gnu-tools-for-stm32.13.3.rel1.linux64_1.0.0.202410170706/tools/bin/../lib/gcc/arm-none-eabi/13.3.1/../../../../arm-none-eabi/lib/thumb/v6-m/nofp/libc_nano.a(libc_a-fflush.o)
 .debug_frame   0x00003894       0x50 /opt/st/stm32cubeide_1.19.0/plugins/com.st.stm32cube.ide.mcu.externaltools.gnu-tools-for-stm32.13.3.rel1.linux64_1.0.0.202410170706/tools/bin/../lib/gcc/arm-none-eabi/13.3.1/../../../../arm-none-eabi/lib/thumb/v6-m/nofp/libc_nano.a(libc_a-makebuf.o)
 .debug_frame   0x000038e4       0x2c /opt/st/stm32cubeide_1.19.0/plugins/com.st.stm32cube.ide.mcu.externaltools.gnu-tools-for-stm32.13.3.rel1.linux64_1.0.0.202410170706/tools/bin/../lib/gcc/arm-none-eabi/13.3.1/../../../../arm-none-eabi/lib/thumb/v6-m/nofp/libc_nano.a(libc_a-fstatr.o)
 .debug_frame   0x00003910       0x2c /opt/st/stm32cubeide_1.19.0/plugins/com.st.stm32cube.ide.mcu.externaltools.gnu-tools-for-stm32.13.3.rel1.linux64_1.0.0.202410170706/tools/bin/../lib/gcc/arm-none-eabi/13.3.1/../../../../arm-none-eabi/lib/thumb/v6-m/nofp/libc_nano.a(libc_a-isattyr.o)
 .debug_frame   0x0000393c       0x2c /opt/st/stm32cubeide_1.19.0/plugins/com.st.stm32cube.ide.mcu.externaltools.gnu-tools-for-stm32.13.3.rel1.linux64_1.0.0.202410170706/tools/bin/../lib/gcc/arm-none-eabi/13.3.1/../../../../arm-none-eabi/lib/thumb/v6-m/nofp/libc_nano.a(libc_a-sbrkr.o)
 .debug_frame   0x00003968       0x20 /opt/st/stm32cubeide_1.19.0/plugins/com.st.stm32cube.ide.mcu.externaltools.gnu-tools-for-stm32.13.3.rel1.linux64_1.0.0.202410170706/tools/bin/../lib/gcc/arm-none-eabi/13.3.1/../../../../arm-none-eabi/lib/thumb/v6-m/nofp/libc_nano.a(libc_a-memchr-stub.o)
 .debug_frame   0x00003988       0x20 /opt/st/stm32cubeide_1.19.0/plugins/com.st.stm32cube.ide.mcu.externaltools.gnu-tools-for-stm32.13.3.rel1.linux64_1.0.0.202410170706/tools/bin/../lib/gcc/arm-none-eabi/13.3.1/thumb/v6-m/nofp/libgcc.a(_udivsi3.o)
 .debug_frame   0x000039a8       0x34 /opt/st/stm32cubeide_1.19.0/plugins/com.st.stm32cube.ide.mcu.externaltools.gnu-tools-for-stm32.13.3.rel1.linux64_1.0.0.202410170706/tools/bin/../lib/gcc/arm-none-eabi/13.3.1/thumb/v6-m/nofp/libgcc.a(_muldi3.o)

.debug_line_str
                0x00000000       0x65
 .debug_line_str
                0x00000000       0x65 ./Core/Startup/startup_stm32l072cbtx.o