Archive member included to satisfy reference by file (symbol)

/opt/st/stm32cubeide_1.19.0/plugins/com.st.stm32cube.ide.mcu.externaltools.gnu-tools-for-stm32.13.3.rel1.linux64_1.0.0.202410170706/tools/bin/../lib/gcc/arm-none-eabi/13.3.1/../../../../arm-none-eabi/lib/thumb/v6-m/nofp/libc_nano.a(libc_a-exit.o)
                              /opt/st/stm32cubeide_1.19.0/plugins/com.st.stm32cube.ide.mcu.externaltools.gnu-tools-for-stm32.13.3.rel1.linux64_1.0.0.202410170706/tools/bin/../lib/gcc/arm-none-eabi/13.3.1/../../../../arm-none-eabi/lib/thumb/v6-m/nofp/crt0.o (exit)
/opt/st/stm32cubeide_1.19.0/plugins/com.st.stm32cube.ide.mcu.externaltools.gnu-tools-for-stm32.13.3.rel1.linux64_1.0.0.202410170706/tools/bin/../lib/gcc/arm-none-eabi/13.3.1/../../../../arm-none-eabi/lib/thumb/v6-m/nofp/libc_nano.a(libc_a-findfp.o)
                              /opt/st/stm32cubeide_1.19.0/plugins/com.st.stm32cube.ide.mcu.externaltools.gnu-tools-for-stm32.13.3.rel1.linux64_1.0.0.202410170706/tools/bin/../lib/gcc/arm-none-eabi/13.3.1/../../../../arm-none-eabi/lib/thumb/v6-m/nofp/libc_nano.a(libc_a-exit.o) (__stdio_exit_handler)
/opt/st/stm32cubeide_1.19.0/plugins/com.st.stm32cube.ide.mcu.externaltools.gnu-tools-for-stm32.13.3.rel1.linux64_1.0.0.202410170706/tools/bin/../lib/gcc/arm-none-eabi/13.3.1/../../../../arm-none-eabi/lib/thumb/v6-m/nofp/libc_nano.a(libc_a-fwalk.o)
                              /opt/st/stm32cubeide_1.19.0/plugins/com.st.stm32cube.ide.mcu.externaltools.gnu-tools-for-stm32.13.3.rel1.linux64_1.0.0.202410170706/tools/bin/../lib/gcc/arm-none-eabi/13.3.1/../../../../arm-none-eabi/lib/thumb/v6-m/nofp/libc_nano.a(libc_a-findfp.o) (_fwalk_sglue)
/opt/st/stm32cubeide_1.19.0/plugins/com.st.stm32cube.ide.mcu.externaltools.gnu-tools-for-stm32.13.3.rel1.linux64_1.0.0.202410170706/tools/bin/../lib/gcc/arm-none-eabi/13.3.1/../../../../arm-none-eabi/lib/thumb/v6-m/nofp/libc_nano.a(libc_a-printf.o)
                              ./Core/Src/ms58.o (printf)
/opt/st/stm32cubeide_1.19.0/plugins/com.st.stm32cube.ide.mcu.externaltools.gnu-tools-for-stm32.13.3.rel1.linux64_1.0.0.202410170706/tools/bin/../lib/gcc/arm-none-eabi/13.3.1/../../../../arm-none-eabi/lib/thumb/v6-m/nofp/libc_nano.a(libc_a-puts.o)
                              ./Core/Src/ms58.o (puts)
/opt/st/stm32cubeide_1.19.0/plugins/com.st.stm32cube.ide.mcu.externaltools.gnu-tools-for-stm32.13.3.rel1.linux64_1.0.0.202410170706/tools/bin/../lib/gcc/arm-none-eabi/13.3.1/../../../../arm-none-eabi/lib/thumb/v6-m/nofp/libc_nano.a(libc_a-stdio.o)
                              /opt/st/stm32cubeide_1.19.0/plugins/com.st.stm32cube.ide.mcu.externaltools.gnu-tools-for-stm32.13.3.rel1.linux64_1.0.0.202410170706/tools/bin/../lib/gcc/arm-none-eabi/13.3.1/../../../../arm-none-eabi/lib/thumb/v6-m/nofp/libc_nano.a(libc_a-findfp.o) (__sread)
/opt/st/stm32cubeide_1.19.0/plugins/com.st.stm32cube.ide.mcu.externaltools.gnu-tools-for-stm32.13.3.rel1.linux64_1.0.0.202410170706/tools/bin/../lib/gcc/arm-none-eabi/13.3.1/../../../../arm-none-eabi/lib/thumb/v6-m/nofp/libc_nano.a(libc_a-wbuf.o)
                              /opt/st/stm32cubeide_1.19.0/plugins/com.st.stm32cube.ide.mcu.externaltools.gnu-tools-for-stm32.13.3.rel1.linux64_1.0.0.202410170706/tools/bin/../lib/gcc/arm-none-eabi/13.3.1/../../../../arm-none-eabi/lib/thumb/v6-m/nofp/libc_nano.a(libc_a-puts.o) (__swbuf_r)
/opt/st/stm32cubeide_1.19.0/plugins/com.st.stm32cube.ide.mcu.externaltools.gnu-tools-for-stm32.13.3.rel1.linux64_1.0.0.202410170706/tools/bin/../lib/gcc/arm-none-eabi/13.3.1/../../../../arm-none-eabi/lib/thumb/v6-m/nofp/libc_nano.a(libc_a-wsetup.o)
                              /opt/st/stm32cubeide_1.19.0/plugins/com.st.stm32cube.ide.mcu.externaltools.gnu-tools-for-stm32.13.3.rel1.linux64_1.0.0.202410170706/tools/bin/../lib/gcc/arm-none-eabi/13.3.1/../../../../arm-none-eabi/lib/thumb/v6-m/nofp/libc_nano.a(libc_a-puts.o) (__swsetup_r)
/opt/st/stm32cubeide_1.19.0/plugins/com.st.stm32cube.ide.mcu.externaltools.gnu-tools-for-stm32.13.3.rel1.linux64_1.0.0.202410170706/tools/bin/../lib/gcc/arm-none-eabi/13.3.1/../../../../arm-none-eabi/lib/thumb/v6-m/nofp/libc_nano.a(libc_a-memset.o)
                              /opt/st/stm32cubeide_1.19.0/plugins/com.st.stm32cube.ide.mcu.externaltools.gnu-tools-for-stm32.13.3.rel1.linux64_1.0.0.202410170706/tools/bin/../lib/gcc/arm-none-eabi/13.3.1/../../../../arm-none-eabi/lib/thumb/v6-m/nofp/crt0.o (memset)
/opt/st/stm32cubeide_1.19.0/plugins/com.st.stm32cube.ide.mcu.externaltools.gnu-tools-for-stm32.13.3.rel1.linux64_1.0.0.202410170706/tools/bin/../lib/gcc/arm-none-eabi/13.3.1/../../../../arm-none-eabi/lib/thumb/v6-m/nofp/libc_nano.a(libc_a-closer.o)
                              /opt/st/stm32cubeide_1.19.0/plugins/com.st.stm32cube.ide.mcu.externaltools.gnu-tools-for-stm32.13.3.rel1.linux64_1.0.0.202410170706/tools/bin/../lib/gcc/arm-none-eabi/13.3.1/../../../../arm-none-eabi/lib/thumb/v6-m/nofp/libc_nano.a(libc_a-stdio.o) (_close_r)
[...]
Memory Configuration

Name             Origin             Length             Attributes
RAM              0x20000000         0x00005000         xrw
FLASH            0x08000000         0x00020000         xr
*default*        0x00000000         0xffffffff

Linker script and memory map

LOAD /opt/st/stm32cubeide_1.19.0/plugins/com.st.stm32cube.ide.mcu.externaltools.gnu-tools-for-stm32.13.3.rel1.linux64_1.0.0.202410170706/tools/bin/../lib/gcc/arm-none-eabi/13.3.1/thumb/v6-m/nofp/crti.o
LOAD /opt/st/stm32cubeide_1.19.0/plugins/com.st.stm32cube.ide.mcu.externaltools.gnu-tools-for-stm32.13.3.rel1.linux64_1.0.0.202410170706/tools/bin/../lib/gcc/arm-none-eabi/13.3.1/thumb/v6-m/nofp/crtbegin.o
LOAD /opt/st/stm32cubeide_1.19.0/plugins/com.st.stm32cube.ide.mcu.externaltools.gnu-tools-for-stm32.13.3.rel1.linux64_1.0.0.202410170706/tools/bin/../lib/gcc/arm-none-eabi/13.3.1/../../../../arm-none-eabi/lib/thumb/v6-m/nofp/crt0.o
LOAD ./Core/Src/i2c_slave_app.o
LOAD ./Core/Src/main.o
LOAD ./Core/Src/ms58.o
LOAD ./Core/Src/ms5837_hal.o
LOAD ./Core/Src/stm32l0xx_hal_msp.o
LOAD ./Core/Src/stm32l0xx_it.o
LOAD ./Core/Src/syscalls.o
LOAD ./Core/Src/sysmem.o
LOAD ./Core/Src/system_stm32l0xx.o
LOAD ./Core/Startup/startup_stm32l072cbtx.o
LOAD ./Drivers/STM32L0xx_HAL_Driver/stm32l0xx_hal.o
LOAD ./Drivers/STM32L0xx_HAL_Driver/stm32l0xx_hal_cortex.o
LOAD ./Drivers/STM32L0xx_HAL_Driver/stm32l0xx_hal_dac.o
LOAD ./Drivers/STM32L0xx_HAL_Driver/stm32l0xx_hal_dac_ex.o
LOAD ./Drivers/STM32L0xx_HAL_Driver/stm32l0xx_hal_dma.o
LOAD ./Drivers/STM32L0xx_HAL_Driver/stm32l0xx_hal_exti.o
LOAD ./Drivers/STM32L0xx_HAL_Driver/stm32l0xx_hal_flash.o
LOAD ./Drivers/STM32L0xx_HAL_Driver/stm32l0xx_hal_flash_ex.o
LOAD ./Drivers/STM32L0xx_HAL_Driver/stm32l0xx_hal_flash_ramfunc.o
LOAD ./Drivers/STM32L0xx_HAL_Driver/stm32l0xx_hal_gpio.o
LOAD ./Drivers/STM32L0xx_HAL_Driver/stm32l0xx_hal_i2c.o
LOAD ./Drivers/STM32L0xx_HAL_Driver/stm32l0xx_hal_i2c_ex.o
LOAD ./Drivers/STM32L0xx_HAL_Driver/stm32l0xx_hal_pwr.o
LOAD ./Drivers/STM32L0xx_HAL_Driver/stm32l0xx_hal_pwr_ex.o
LOAD ./Drivers/STM32L0xx_HAL_Driver/stm32l0xx_hal_rcc.o
LOAD ./Drivers/STM32L0xx_HAL_Driver/stm32l0xx_hal_rcc_ex.o
LOAD ./Drivers/STM32L0xx_HAL_Driver/stm32l0xx_hal_tim.o
LOAD ./Drivers/STM32L0xx_HAL_Driver/stm32l0xx_hal_tim_ex.o
LOAD ./drivers/dac_calib.o
LOAD ./drivers/dac_ctrl.o
START GROUP
LOAD /opt/st/stm32cubeide_1.19.0/plugins/com.st.stm32cube.ide.mcu.externaltools.gnu-tools-for-stm32.13.3.rel1.linux64_1.0.0.202410170706/tools/bin/../lib/gcc/arm-none-eabi/13.3.1/../../../../arm-none-eabi/lib/thumb/v6-m/nofp/libc_nano.a
LOAD /opt/st/stm32cubeide_1.19.0/plugins/com.st.stm32cube.ide.mcu.externaltools.gnu-tools-for-stm32.13.3.rel1.linux64_1.0.0.202410170706/tools/bin/../lib/gcc/arm-none-eabi/13.3.1/../../../../arm-none-eabi/lib/thumb/v6-m/nofp/libm.a
END GROUP
START GROUP
LOAD /opt/st/stm32cubeide_1.19.0/plugins/com.st.stm32cube.ide.mcu.externaltools.gnu-tools-for-stm32.13.3.rel1.linux64_1.0.0.202410170706/tools/bin/../lib/gcc/arm-none-eabi/13.3.1/thumb/v6-m/nofp/libgcc.a
LOAD /opt/st/stm32cubeide_1.19.0/plugins/com.st.stm32cube.ide.mcu.externaltools.gnu-tools-for-stm32.13.3.rel1.linux64_1.0.0.202410170706/tools/bin/../lib/gcc/arm-none-eabi/13.3.1/../../../../arm-none-eabi/lib/thumb/v6-m/nofp/libc_nano.a
END GROUP
START GROUP
LOAD /opt/st/stm32cubeide_1.19.0/plugins/com.st.stm32cube.ide.mcu.externaltools.gnu-tools-for-stm32.13.3.rel1.linux64_1.0.0.202410170706/tools/bin/../lib/gcc/arm-none-eabi/13.3.1/thumb/v6-m/nofp/libgcc.a
LOAD /opt/st/stm32cubeide_1.19.0/plugins/com.st.stm32cube.ide.mcu.externaltools.gnu-tools-for-stm32.13.3.rel1.linux64_1.0.0.202410170706/tools/bin/../lib/gcc/arm-none-eabi/13.3.1/../../../../arm-none-eabi/lib/thumb/v6-m/nofp/libc_nano.a
LOAD /opt/st/stm32cubeide_1.19.0/plugins/com.st.stm32cube.ide.mcu.externaltools.gnu-tools-for-stm32.13.3.rel1.linux64_1.0.0.202410170706/tools/bin/../lib/gcc/arm-none-eabi/13.3.1/../../../../arm-none-eabi/lib/thumb/v6-m/nofp/libnosys.a
END GROUP
START GROUP
LOAD /opt/st/stm32cubeide_1.19.0/plugins/com.st.stm32cube.ide.mcu.externaltools.gnu-tools-for-stm32.13.3.rel1.linux64_1.0.0.202410170706/tools/bin/../lib/gcc/arm-none-eabi/13.3.1/thumb/v6-m/nofp/libgcc.a
LOAD /opt/st/stm32cubeide_1.19.0/plugins/com.st.stm32cube.ide.mcu.externaltools.gnu-tools-for-stm32.13.3.rel1.linux64_1.0.0.202410170706/tools/bin/../lib/gcc/arm-none-eabi/13.3.1/../../../../arm-none-eabi/lib/thumb/v6-m/nofp/libc_nano.a
LOAD /opt/st/stm32cubeide_1.19.0/plugins/com.st.stm32cube.ide.mcu.externaltools.gnu-tools-for-stm32.13.3.rel1.linux64_1.0.0.202410170706/tools/bin/../lib/gcc/arm-none-eabi/13.3.1/../../../../arm-none-eabi/lib/thumb/v6-m/nofp/libnosys.a
END GROUP
LOAD /opt/st/stm32cubeide_1.19.0/plugins/com.st.stm32cube.ide.mcu.externaltools.gnu-tools-for-stm32.13.3.rel1.linux64_1.0.0.202410170706/tools/bin/../lib/gcc/arm-none-eabi/13.3.1/thumb/v6-m/nofp/crtend.o
LOAD /opt/st/stm32cubeide_1.19.0/plugins/com.st.stm32cube.ide.mcu.externaltools.gnu-tools-for-stm32.13.3.rel1.linux64_1.0.0.202410170706/tools/bin/../lib/gcc/arm-none-eabi/13.3.1/thumb/v6-m/nofp/crtn.o
                0x20005000                        _estack = (ORIGIN (RAM) + LENGTH (RAM))
                0x00000200                        _Min_Heap_Size = 0x200
                0x00000400                        _Min_Stack_Size = 0x400

.isr_vector     0x08000000       0xc0
                0x08000000                        . = ALIGN (0x4)
 *(.isr_vector)
 .isr_vector    0x08000000       0xc0 ./Core/Startup/startup_stm32l072cbtx.o
                0x08000000                g_pfnVectors
                0x080000c0                        . = ALIGN (0x4)

.text           0x080000c0     0x7a20
                0x080000c0                        . = ALIGN (0x4)
 *(.text)
 .text          0x080000c0       0x48 /opt/st/stm32cubeide_1.19.0/plugins/com.st.stm32cube.ide.mcu.externaltools.gnu-tools-for-stm32.13.3.rel1.linux64_1.0.0.202410170706/tools/bin/../lib/gcc/arm-none-eabi/13.3.1/thumb/v6-m/nofp/crtbegin.o
 .text          0x08000108       0x14 /opt/st/stm32cubeide_1.19.0/plugins/com.st.stm32cube.ide.mcu.externaltools.gnu-tools-for-stm32.13.3.rel1.linux64_1.0.0.202410170706/tools/bin/../lib/gcc/arm-none-eabi/13.3.1/thumb/v6-m/nofp/libgcc.a(_thumb1_case_shi.o)
                0x08000108                __gnu_thumb1_case_shi
 .text          0x0800011c      0x114 /opt/st/stm32cubeide_1.19.0/plugins/com.st.stm32cube.ide.mcu.externaltools.gnu-tools-for-stm32.13.3.rel1.linux64_1.0.0.202410170706/tools/bin/../lib/gcc/arm-none-eabi/13.3.1/thumb/v6-m/nofp/libgcc.a(_udivsi3.o)
                0x0800011c                __udivsi3
                0x0800011c                __aeabi_uidiv
                0x08000228                __aeabi_uidivmod
 .text          0x08000230        0x4 /opt/st/stm32cubeide_1.19.0/plugins/com.st.stm32cube.ide.mcu.externaltools.gnu-tools-for-stm32.13.3.rel1.linux64_1.0.0.202410170706/tools/bin/../lib/gcc/arm-none-eabi/13.3.1/thumb/v6-m/nofp/libgcc.a(_dvmd_tls.o)
                0x08000230                __aeabi_ldiv0
                0x08000230                __aeabi_idiv0
 .text          0x08000234       0x74 /opt/st/stm32cubeide_1.19.0/plugins/com.st.stm32cube.ide.mcu.externaltools.gnu-tools-for-stm32.13.3.rel1.linux64_1.0.0.202410170706/tools/bin/../lib/gcc/arm-none-eabi/13.3.1/thumb/v6-m/nofp/libgcc.a(_arm_cmpsf2.o)
                0x08000234                __aeabi_cfrcmple
                0x0800023c                __aeabi_cfcmple
                0x0800023c                __aeabi_cfcmpeq
                0x0800024c                __aeabi_fcmpeq
                0x08000258                __aeabi_fcmplt
                0x0800026c                __aeabi_fcmple
                0x08000280                __aeabi_fcmpgt
                0x08000294                __aeabi_fcmpge
 .text          0x080002a8       0x5c /opt/st/stm32cubeide_1.19.0/plugins/com.st.stm32cube.ide.mcu.externaltools.gnu-tools-for-stm32.13.3.rel1.linux64_1.0.0.202410170706/tools/bin/../lib/gcc/arm-none-eabi/13.3.1/thumb/v6-m/nofp/libgcc.a(_muldi3.o)
                0x080002a8                __aeabi_lmul
                0x080002a8                __muldi3
 .text          0x08000304       0x30 /opt/st/stm32cubeide_1.19.0/plugins/com.st.stm32cube.ide.mcu.externaltools.gnu-tools-for-stm32.13.3.rel1.linux64_1.0.0.202410170706/tools/bin/../lib/gcc/arm-none-eabi/13.3.1/thumb/v6-m/nofp/libgcc.a(_fixunssfsi.o)
                0x08000304                __aeabi_f2uiz
                0x08000304                __fixunssfsi
 .text          0x08000334      0x3e4 /opt/st/stm32cubeide_1.19.0/plugins/com.st.stm32cube.ide.mcu.externaltools.gnu-tools-for-stm32.13.3.rel1.linux64_1.0.0.202410170706/tools/bin/../lib/gcc/arm-none-eabi/13.3.1/thumb/v6-m/nofp/libgcc.a(addsf3.o)
                0x08000334                __aeabi_fadd
 .text          0x08000718      0x22c /opt/st/stm32cubeide_1.19.0/plugins/com.st.stm32cube.ide.mcu.externaltools.gnu-tools-for-stm32.13.3.rel1.linux64_1.0.0.202410170706/tools/bin/../lib/gcc/arm-none-eabi/13.3.1/thumb/v6-m/nofp/libgcc.a(divsf3.o)
                0x08000718                __aeabi_fdiv
 .text          0x08000944       0x50 /opt/st/stm32cubeide_1.19.0/plugins/com.st.stm32cube.ide.mcu.externaltools.gnu-tools-for-stm32.13.3.rel1.linux64_1.0.0.202410170706/tools/bin/../lib/gcc/arm-none-eabi/13.3.1/thumb/v6-m/nofp/libgcc.a(eqsf2.o)
                0x08000944                __nesf2
                0x08000944                __eqsf2
 .text          0x08000994       0x90 /opt/st/stm32cubeide_1.19.0/plugins/com.st.stm32cube.ide.mcu.externaltools.gnu-tools-for-stm32.13.3.rel1.linux64_1.0.0.202410170706/tools/bin/../lib/gcc/arm-none-eabi/13.3.1/thumb/v6-m/nofp/libgcc.a(gesf2.o)
                0x08000994                __gtsf2
                0x08000994                __gesf2
 .text          0x08000a24       0x90 /opt/st/stm32cubeide_1.19.0/plugins/com.st.stm32cube.ide.mcu.externaltools.gnu-tools-for-stm32.13.3.rel1.linux64_1.0.0.202410170706/tools/bin/../lib/gcc/arm-none-eabi/13.3.1/thumb/v6-m/nofp/libgcc.a(lesf2.o)
                0x08000a24                __lesf2
                0x08000a24                __ltsf2
 .text          0x08000ab4      0x2b4 /opt/st/stm32cubeide_1.19.0/plugins/com.st.stm32cube.ide.mcu.externaltools.gnu-tools-for-stm32.13.3.rel1.linux64_1.0.0.202410170706/tools/bin/../lib/gcc/arm-none-eabi/13.3.1/thumb/v6-m/nofp/libgcc.a(mulsf3.o)
                0x08000ab4                __aeabi_fmul
 .text          0x08000d68      0x4c8 /opt/st/stm32cubeide_1.19.0/plugins/com.st.stm32cube.ide.mcu.externaltools.gnu-tools-for-stm32.13.3.rel1.linux64_1.0.0.202410170706/tools/bin/../lib/gcc/arm-none-eabi/13.3.1/thumb/v6-m/nofp/libgcc.a(subsf3.o)
                0x08000d68                __aeabi_fsub
 .text          0x08001230       0x40 /opt/st/stm32cubeide_1.19.0/plugins/com.st.stm32cube.ide.mcu.externaltools.gnu-tools-for-stm32.13.3.rel1.linux64_1.0.0.202410170706/tools/bin/../lib/gcc/arm-none-eabi/13.3.1/thumb/v6-m/nofp/libgcc.a(fixsfsi.o)
                0x08001230                __aeabi_f2iz
 .text          0x08001270       0xa0 /opt/st/stm32cubeide_1.19.0/plugins/com.st.stm32cube.ide.mcu.externaltools.gnu-tools-for-stm32.13.3.rel1.linux64_1.0.0.202410170706/tools/bin/../lib/gcc/arm-none-eabi/13.3.1/thumb/v6-m/nofp/libgcc.a(floatsisf.o)
                0x08001270                __aeabi_i2f
 .text          0x08001310       0x8c /opt/st/stm32cubeide_1.19.0/plugins/com.st.stm32cube.ide.mcu.externaltools.gnu-tools-for-stm32.13.3.rel1.linux64_1.0.0.202410170706/tools/bin/../lib/gcc/arm-none-eabi/13.3.1/thumb/v6-m/nofp/libgcc.a(floatunsisf.o)
                0x08001310                __aeabi_ui2f
 .text          0x0800139c       0x3c /opt/st/stm32cubeide_1.19.0/plugins/com.st.stm32cube.ide.mcu.externaltools.gnu-tools-for-stm32.13.3.rel1.linux64_1.0.0.202410170706/tools/bin/../lib/gcc/arm-none-eabi/13.3.1/thumb/v6-m/nofp/libgcc.a(_clzsi2.o)
                0x0800139c                __clzsi2
 *(.text*)
 .text.HAL_I2C_ListenCpltCallback
                0x080013d8       0x28 ./Core/Src/i2c_slave_app.o
                0x080013d8                HAL_I2C_ListenCpltCallback
 .text.HAL_I2C_AddrCallback
                0x08001400       0x8c ./Core/Src/i2c_slave_app.o
                0x08001400                HAL_I2C_AddrCallback
 .text.HAL_I2C_SlaveRxCpltCallback
                0x0800148c       0x54 ./Core/Src/i2c_slave_app.o
                0x0800148c                HAL_I2C_SlaveRxCpltCallback
 .text.HAL_I2C_SlaveTxCpltCallback
                0x080014e0        0xe ./Core/Src/i2c_slave_app.o
                0x080014e0                HAL_I2C_SlaveTxCpltCallback
 *fill*         0x080014ee        0x2 
 .text.HAL_I2C_ErrorCallback
                0x080014f0       0x44 ./Core/Src/i2c_slave_app.o
                0x080014f0                HAL_I2C_ErrorCallback
 .text.__NVIC_EnableIRQ
                0x08001534       0x34 ./Core/Src/main.o
 .text.__NVIC_DisableIRQ
                0x08001568       0x44 ./Core/Src/main.o
 .text.sensor_init_once
                0x080015ac       0x40 ./Core/Src/main.o
 .text.sensor_do_blocking_read
                0x080015ec       0x78 ./Core/Src/main.o
 .text.pressure_to_kpa
                0x08001664       0x28 ./Core/Src/main.o
 .text.apply_calib_and_clip
                0x0800168c       0x48 ./Core/Src/main.o
 .text.HAL_TIM_PeriodElapsedCallback
                0x080016d4       0x28 ./Core/Src/main.o
                0x080016d4                HAL_TIM_PeriodElapsedCallback
 .text.main     0x080016fc      0x174 ./Core/Src/main.o
                0x080016fc                main
 .text.SystemClock_Config
                0x08001870       0xe4 ./Core/Src/main.o
                0x08001870                SystemClock_Config
 .text.MX_DAC_Init
                0x08001954       0x70 ./Core/Src/main.o
 .text.MX_I2C1_Init
                0x080019c4       0x80 ./Core/Src/main.o
 .text.MX_I2C2_Init
                0x08001a44       0x80 ./Core/Src/main.o
 .text.MX_TIM2_Init
                0x08001ac4       0xa8 ./Core/Src/main.o
 .text.MX_GPIO_Init
                0x08001b6c       0x5c ./Core/Src/main.o
 .text.Error_Handler
                0x08001bc8        0xc ./Core/Src/main.o
                0x08001bc8                Error_Handler
 .text.ms5837_reset
                0x08001bd4       0x38 ./Core/Src/ms58.o
                0x08001bd4                ms5837_reset
 .text.ms5837_read_prom
                0x08001c0c       0xf8 ./Core/Src/ms58.o
                0x08001c0c                ms5837_read_prom
 .text.ms5837_read_adc
                0x08001d04       0x70 ./Core/Src/ms58.o
                0x08001d04                ms5837_read_adc
 .text.ms5837_start_conversion
                0x08001d74       0x24 ./Core/Src/ms58.o
                0x08001d74                ms5837_start_conversion
 .text.ms5837_read_temperature_and_pressure
                0x08001d98      0x350 ./Core/Src/ms58.o
                0x08001d98                ms5837_read_temperature_and_pressure
 .text.hal_write_cmd
                0x080020e8       0x40 ./Core/Src/ms5837_hal.o
 .text.hal_read_data
                0x08002128       0x40 ./Core/Src/ms5837_hal.o
 .text.hal_delay
                0x08002168       0x1e ./Core/Src/ms5837_hal.o
 *fill*         0x08002186        0x2 
 .text.ms5837_hal_handle_init
                0x08002188       0x30 ./Core/Src/ms5837_hal.o
                0x08002188                ms5837_hal_handle_init
 .text.HAL_MspInit
                0x080021b8       0x28 ./Core/Src/stm32l0xx_hal_msp.o
                0x080021b8                HAL_MspInit
 .text.HAL_DAC_MspInit
                0x080021e0       0x78 ./Core/Src/stm32l0xx_hal_msp.o
                0x080021e0                HAL_DAC_MspInit
 .text.HAL_I2C_MspInit
                0x08002258      0x110 ./Core/Src/stm32l0xx_hal_msp.o
                0x08002258                HAL_I2C_MspInit
 .text.HAL_TIM_Base_MspInit
                0x08002368       0x3c ./Core/Src/stm32l0xx_hal_msp.o
                0x08002368                HAL_TIM_Base_MspInit
 .text.NMI_Handler
                0x080023a4        0x8 ./Core/Src/stm32l0xx_it.o
                0x080023a4                NMI_Handler
 .text.HardFault_Handler
                0x080023ac        0x8 ./Core/Src/stm32l0xx_it.o
                0x080023ac                HardFault_Handler
 .text.SVC_Handler
                0x080023b4        0xa ./Core/Src/stm32l0xx_it.o
                0x080023b4                SVC_Handler
 .text.PendSV_Handler
                0x080023be        0xa ./Core/Src/stm32l0xx_it.o
                0x080023be                PendSV_Handler
 .text.SysTick_Handler
                0x080023c8        0xe ./Core/Src/stm32l0xx_it.o
                0x080023c8                SysTick_Handler
 *fill*         0x080023d6        0x2 
 .text.TIM2_IRQHandler
                0x080023d8       0x18 ./Core/Src/stm32l0xx_it.o
                0x080023d8                TIM2_IRQHandler
 .text.I2C1_IRQHandler
                0x080023f0       0x30 ./Core/Src/stm32l0xx_it.o
                0x080023f0                I2C1_IRQHandler
 .text.I2C2_IRQHandler
                0x08002420       0x30 ./Core/Src/stm32l0xx_it.o
                0x08002420                I2C2_IRQHandler
 .text._read    0x08002450       0x3a ./Core/Src/syscalls.o
                0x08002450                _read
 .text._write   0x0800248a       0x38 ./Core/Src/syscalls.o
                0x0800248a                _write
 .text._close   0x080024c2       0x14 ./Core/Src/syscalls.o
                0x080024c2                _close
 .text._fstat   0x080024d6       0x1c ./Core/Src/syscalls.o
                0x080024d6                _fstat
 .text._isatty  0x080024f2       0x12 ./Core/Src/syscalls.o
                0x080024f2                _isatty
 .text._lseek   0x08002504       0x16 ./Core/Src/syscalls.o
                0x08002504                _lseek
 *fill*         0x0800251a        0x2 
 .text._sbrk    0x0800251c       0x6c ./Core/Src/sysmem.o
                0x0800251c                _sbrk
 .text.SystemInit
                0x08002588        0xa ./Core/Src/system_stm32l0xx.o
                0x08002588                SystemInit
 *fill*         0x08002592        0x2 
 .text.Reset_Handler
                0x08002594       0x50 ./Core/Startup/startup_stm32l072cbtx.o
                0x08002594                Reset_Handler
 .text.Default_Handler
                0x080025e4        0x2 ./Core/Startup/startup_stm32l072cbtx.o
                0x080025e4                TSC_IRQHandler
                0x080025e4                ADC1_COMP_IRQHandler
                0x080025e4                PVD_IRQHandler
                0x080025e4                RCC_CRS_IRQHandler
                0x080025e4                SPI1_IRQHandler
                0x080025e4                TIM6_DAC_IRQHandler
                0x080025e4                EXTI2_3_IRQHandler
                0x080025e4                RTC_IRQHandler
                0x080025e4                DMA1_Channel4_5_6_7_IRQHandler
                0x080025e4                TIM3_IRQHandler
                0x080025e4                EXTI4_15_IRQHandler
                0x080025e4                DMA1_Channel1_IRQHandler
                0x080025e4                USART4_5_IRQHandler
                0x080025e4                Default_Handler
                0x080025e4                TIM22_IRQHandler
                0x080025e4                TIM7_IRQHandler
                0x080025e4                EXTI0_1_IRQHandler
                0x080025e4                USB_IRQHandler
                0x080025e4                I2C3_IRQHandler
                0x080025e4                SPI2_IRQHandler
                0x080025e4                TIM21_IRQHandler
                0x080025e4                WWDG_IRQHandler
                0x080025e4                DMA1_Channel2_3_IRQHandler
                0x080025e4                USART2_IRQHandler
                0x080025e4                FLASH_IRQHandler
                0x080025e4                USART1_IRQHandler
                0x080025e4                RNG_LPUART1_IRQHandler
                0x080025e4                LPTIM1_IRQHandler
 *fill*         0x080025e6        0x2 
 .text.HAL_Init
                0x080025e8       0x40 ./Drivers/STM32L0xx_HAL_Driver/stm32l0xx_hal.o
                0x080025e8                HAL_Init
 .text.HAL_InitTick
                0x08002628       0x68 ./Drivers/STM32L0xx_HAL_Driver/stm32l0xx_hal.o
                0x08002628                HAL_InitTick
 .text.HAL_IncTick
                0x08002690       0x24 ./Drivers/STM32L0xx_HAL_Driver/stm32l0xx_hal.o
                0x08002690                HAL_IncTick
 .text.HAL_GetTick
                0x080026b4       0x14 ./Drivers/STM32L0xx_HAL_Driver/stm32l0xx_hal.o
                0x080026b4                HAL_GetTick
 .text.HAL_Delay
                0x080026c8       0x48 ./Drivers/STM32L0xx_HAL_Driver/stm32l0xx_hal.o
                0x080026c8                HAL_Delay
 .text.__NVIC_EnableIRQ
                0x08002710       0x34 ./Drivers/STM32L0xx_HAL_Driver/stm32l0xx_hal_cortex.o
 .text.__NVIC_SetPriority
                0x08002744       0xdc ./Drivers/STM32L0xx_HAL_Driver/stm32l0xx_hal_cortex.o
 .text.SysTick_Config
                0x08002820       0x48 ./Drivers/STM32L0xx_HAL_Driver/stm32l0xx_hal_cortex.o
 .text.HAL_NVIC_SetPriority
                0x08002868       0x2a ./Drivers/STM32L0xx_HAL_Driver/stm32l0xx_hal_cortex.o
                0x08002868                HAL_NVIC_SetPriority
 .text.HAL_NVIC_EnableIRQ
                0x08002892       0x20 ./Drivers/STM32L0xx_HAL_Driver/stm32l0xx_hal_cortex.o
                0x08002892                HAL_NVIC_EnableIRQ
 .text.HAL_SYSTICK_Config
                0x080028b2       0x1a ./Drivers/STM32L0xx_HAL_Driver/stm32l0xx_hal_cortex.o
                0x080028b2                HAL_SYSTICK_Config
 .text.HAL_DAC_Init
                0x080028cc       0x46 ./Drivers/STM32L0xx_HAL_Driver/stm32l0xx_hal_dac.o
                0x080028cc                HAL_DAC_Init
 *fill*         0x08002912        0x2 
 .text.HAL_DAC_ConfigChannel
                0x08002914       0x98 ./Drivers/STM32L0xx_HAL_Driver/stm32l0xx_hal_dac.o
                0x08002914                HAL_DAC_ConfigChannel
 .text.HAL_DAC_Start
                0x080029ac       0xd0 ./Drivers/STM32L0xx_HAL_Driver/stm32l0xx_hal_dac_ex.o
                0x080029ac                HAL_DAC_Start
 .text.HAL_DAC_SetValue
                0x08002a7c       0x44 ./Drivers/STM32L0xx_HAL_Driver/stm32l0xx_hal_dac_ex.o
                0x08002a7c                HAL_DAC_SetValue
 .text.HAL_DMA_Abort_IT
                0x08002ac0       0x8e ./Drivers/STM32L0xx_HAL_Driver/stm32l0xx_hal_dma.o
                0x08002ac0                HAL_DMA_Abort_IT
 .text.HAL_DMA_GetState
                0x08002b4e       0x18 ./Drivers/STM32L0xx_HAL_Driver/stm32l0xx_hal_dma.o
                0x08002b4e                HAL_DMA_GetState
 *fill*         0x08002b66        0x2 
 .text.HAL_GPIO_Init
                0x08002b68      0x2fc ./Drivers/STM32L0xx_HAL_Driver/stm32l0xx_hal_gpio.o
                0x08002b68                HAL_GPIO_Init
 .text.HAL_I2C_Init
                0x08002e64      0x14c ./Drivers/STM32L0xx_HAL_Driver/stm32l0xx_hal_i2c.o
                0x08002e64                HAL_I2C_Init
 .text.HAL_I2C_Master_Transmit
                0x08002fb0      0x254 ./Drivers/STM32L0xx_HAL_Driver/stm32l0xx_hal_i2c.o
                0x08002fb0                HAL_I2C_Master_Transmit
 .text.HAL_I2C_Master_Receive
                0x08003204      0x210 ./Drivers/STM32L0xx_HAL_Driver/stm32l0xx_hal_i2c.o
                0x08003204                HAL_I2C_Master_Receive
 .text.HAL_I2C_Slave_Transmit_IT
                0x08003414       0xe8 ./Drivers/STM32L0xx_HAL_Driver/stm32l0xx_hal_i2c.o
                0x08003414                HAL_I2C_Slave_Transmit_IT
 .text.HAL_I2C_Slave_Receive_IT
                0x080034fc       0xac ./Drivers/STM32L0xx_HAL_Driver/stm32l0xx_hal_i2c.o
                0x080034fc                HAL_I2C_Slave_Receive_IT
 .text.HAL_I2C_EnableListen_IT
                0x080035a8       0x44 ./Drivers/STM32L0xx_HAL_Driver/stm32l0xx_hal_i2c.o
                0x080035a8                HAL_I2C_EnableListen_IT
 .text.HAL_I2C_EV_IRQHandler
                0x080035ec       0x34 ./Drivers/STM32L0xx_HAL_Driver/stm32l0xx_hal_i2c.o
                0x080035ec                HAL_I2C_EV_IRQHandler
 .text.HAL_I2C_ER_IRQHandler
                0x08003620       0xc4 ./Drivers/STM32L0xx_HAL_Driver/stm32l0xx_hal_i2c.o
                0x08003620                HAL_I2C_ER_IRQHandler
 .text.HAL_I2C_MasterTxCpltCallback
                0x080036e4       0x10 ./Drivers/STM32L0xx_HAL_Driver/stm32l0xx_hal_i2c.o
                0x080036e4                HAL_I2C_MasterTxCpltCallback
 .text.HAL_I2C_MasterRxCpltCallback
                0x080036f4       0x10 ./Drivers/STM32L0xx_HAL_Driver/stm32l0xx_hal_i2c.o
                0x080036f4                HAL_I2C_MasterRxCpltCallback
 .text.HAL_I2C_MemTxCpltCallback
                0x08003704       0x10 ./Drivers/STM32L0xx_HAL_Driver/stm32l0xx_hal_i2c.o
                0x08003704                HAL_I2C_MemTxCpltCallback
 .text.HAL_I2C_MemRxCpltCallback
                0x08003714       0x10 ./Drivers/STM32L0xx_HAL_Driver/stm32l0xx_hal_i2c.o
                0x08003714                HAL_I2C_MemRxCpltCallback
 .text.HAL_I2C_AbortCpltCallback
                0x08003724       0x10 ./Drivers/STM32L0xx_HAL_Driver/stm32l0xx_hal_i2c.o
                0x08003724                HAL_I2C_AbortCpltCallback
 .text.HAL_I2C_GetError
                0x08003734       0x14 ./Drivers/STM32L0xx_HAL_Driver/stm32l0xx_hal_i2c.o
                0x08003734                HAL_I2C_GetError
 .text.I2C_Slave_ISR_IT
                0x08003748      0x228 ./Drivers/STM32L0xx_HAL_Driver/stm32l0xx_hal_i2c.o
 .text.I2C_Master_ISR_DMA
                0x08003970      0x234 ./Drivers/STM32L0xx_HAL_Driver/stm32l0xx_hal_i2c.o
 .text.I2C_Mem_ISR_DMA
                0x08003ba4      0x2bc ./Drivers/STM32L0xx_HAL_Driver/stm32l0xx_hal_i2c.o
 .text.I2C_Slave_ISR_DMA
                0x08003e60      0x1f0 ./Drivers/STM32L0xx_HAL_Driver/stm32l0xx_hal_i2c.o
 .text.I2C_ITAddrCplt
                0x08004050      0x148 ./Drivers/STM32L0xx_HAL_Driver/stm32l0xx_hal_i2c.o
 .text.I2C_ITMasterSeqCplt
                0x08004198       0x82 ./Drivers/STM32L0xx_HAL_Driver/stm32l0xx_hal_i2c.o
 *fill*         0x0800421a        0x2 
 .text.I2C_ITSlaveSeqCplt
                0x0800421c       0xcc ./Drivers/STM32L0xx_HAL_Driver/stm32l0xx_hal_i2c.o
 .text.I2C_ITMasterCplt
                0x080042e8      0x1a4 ./Drivers/STM32L0xx_HAL_Driver/stm32l0xx_hal_i2c.o
 .text.I2C_ITSlaveCplt
                0x0800448c      0x320 ./Drivers/STM32L0xx_HAL_Driver/stm32l0xx_hal_i2c.o
 .text.I2C_ITListenCplt
                0x080047ac       0xb4 ./Drivers/STM32L0xx_HAL_Driver/stm32l0xx_hal_i2c.o
 .text.I2C_ITError
                0x08004860      0x204 ./Drivers/STM32L0xx_HAL_Driver/stm32l0xx_hal_i2c.o
 .text.I2C_TreatErrorCallback
                0x08004a64       0x52 ./Drivers/STM32L0xx_HAL_Driver/stm32l0xx_hal_i2c.o
 .text.I2C_Flush_TXDR
                0x08004ab6       0x44 ./Drivers/STM32L0xx_HAL_Driver/stm32l0xx_hal_i2c.o
 .text.I2C_DMAAbort
                0x08004afa       0x3e ./Drivers/STM32L0xx_HAL_Driver/stm32l0xx_hal_i2c.o
 .text.I2C_WaitOnFlagUntilTimeout
                0x08004b38       0xb0 ./Drivers/STM32L0xx_HAL_Driver/stm32l0xx_hal_i2c.o
 .text.I2C_WaitOnTXISFlagUntilTimeout
                0x08004be8       0x8c ./Drivers/STM32L0xx_HAL_Driver/stm32l0xx_hal_i2c.o
 .text.I2C_WaitOnSTOPFlagUntilTimeout
                0x08004c74       0x86 ./Drivers/STM32L0xx_HAL_Driver/stm32l0xx_hal_i2c.o
 *fill*         0x08004cfa        0x2 
 .text.I2C_WaitOnRXNEFlagUntilTimeout
                0x08004cfc      0x13c ./Drivers/STM32L0xx_HAL_Driver/stm32l0xx_hal_i2c.o
 .text.I2C_IsErrorOccurred
                0x08004e38      0x1f0 ./Drivers/STM32L0xx_HAL_Driver/stm32l0xx_hal_i2c.o
 .text.I2C_TransferConfig
                0x08005028       0x74 ./Drivers/STM32L0xx_HAL_Driver/stm32l0xx_hal_i2c.o
 .text.I2C_Enable_IRQ
                0x0800509c      0x114 ./Drivers/STM32L0xx_HAL_Driver/stm32l0xx_hal_i2c.o
 .text.I2C_Disable_IRQ
                0x080051b0       0xc6 ./Drivers/STM32L0xx_HAL_Driver/stm32l0xx_hal_i2c.o
 *fill*         0x08005276        0x2 
 .text.HAL_I2CEx_ConfigAnalogFilter
                0x08005278       0x98 ./Drivers/STM32L0xx_HAL_Driver/stm32l0xx_hal_i2c_ex.o
                0x08005278                HAL_I2CEx_ConfigAnalogFilter
 .text.HAL_I2CEx_ConfigDigitalFilter
                0x08005310       0x98 ./Drivers/STM32L0xx_HAL_Driver/stm32l0xx_hal_i2c_ex.o
                0x08005310                HAL_I2CEx_ConfigDigitalFilter
 .text.HAL_RCC_OscConfig
                0x080053a8      0x7a8 ./Drivers/STM32L0xx_HAL_Driver/stm32l0xx_hal_rcc.o
                0x080053a8                HAL_RCC_OscConfig
 .text.HAL_RCC_ClockConfig
                0x08005b50      0x290 ./Drivers/STM32L0xx_HAL_Driver/stm32l0xx_hal_rcc.o
                0x08005b50                HAL_RCC_ClockConfig
 .text.HAL_RCC_GetSysClockFreq
                0x08005de0      0x10c ./Drivers/STM32L0xx_HAL_Driver/stm32l0xx_hal_rcc.o
                0x08005de0                HAL_RCC_GetSysClockFreq
 .text.HAL_RCCEx_PeriphCLKConfig
                0x08005eec      0x2b8 ./Drivers/STM32L0xx_HAL_Driver/stm32l0xx_hal_rcc_ex.o
                0x08005eec                HAL_RCCEx_PeriphCLKConfig
 .text.HAL_TIM_Base_Init
                0x080061a4       0x80 ./Drivers/STM32L0xx_HAL_Driver/stm32l0xx_hal_tim.o
                0x080061a4                HAL_TIM_Base_Init
 .text.HAL_TIM_Base_Start_IT
                0x08006224       0xa4 ./Drivers/STM32L0xx_HAL_Driver/stm32l0xx_hal_tim.o
                0x08006224                HAL_TIM_Base_Start_IT
 .text.HAL_TIM_IRQHandler
                0x080062c8      0x198 ./Drivers/STM32L0xx_HAL_Driver/stm32l0xx_hal_tim.o
                0x080062c8                HAL_TIM_IRQHandler
 .text.HAL_TIM_ConfigClockSource
                0x08006460      0x1a8 ./Drivers/STM32L0xx_HAL_Driver/stm32l0xx_hal_tim.o
                0x08006460                HAL_TIM_ConfigClockSource
 .text.HAL_TIM_OC_DelayElapsedCallback
                0x08006608       0x10 ./Drivers/STM32L0xx_HAL_Driver/stm32l0xx_hal_tim.o
                0x08006608                HAL_TIM_OC_DelayElapsedCallback
 .text.HAL_TIM_IC_CaptureCallback
                0x08006618       0x10 ./Drivers/STM32L0xx_HAL_Driver/stm32l0xx_hal_tim.o
                0x08006618                HAL_TIM_IC_CaptureCallback
 .text.HAL_TIM_PWM_PulseFinishedCallback
                0x08006628       0x10 ./Drivers/STM32L0xx_HAL_Driver/stm32l0xx_hal_tim.o
                0x08006628                HAL_TIM_PWM_PulseFinishedCallback
 .text.HAL_TIM_TriggerCallback
                0x08006638       0x10 ./Drivers/STM32L0xx_HAL_Driver/stm32l0xx_hal_tim.o
                0x08006638                HAL_TIM_TriggerCallback
 .text.TIM_Base_SetConfig
                0x08006648       0xc8 ./Drivers/STM32L0xx_HAL_Driver/stm32l0xx_hal_tim.o
 .text.TIM_TI1_ConfigInputStage
                0x08006710       0x5c ./Drivers/STM32L0xx_HAL_Driver/stm32l0xx_hal_tim.o
 .text.TIM_TI2_ConfigInputStage
                0x0800676c       0x64 ./Drivers/STM32L0xx_HAL_Driver/stm32l0xx_hal_tim.o
 .text.TIM_ITRx_SetConfig
                0x080067d0       0x32 ./Drivers/STM32L0xx_HAL_Driver/stm32l0xx_hal_tim.o
 *fill*         0x08006802        0x2 
 .text.TIM_ETR_SetConfig
                0x08006804       0x40 ./Drivers/STM32L0xx_HAL_Driver/stm32l0xx_hal_tim.o
 .text.HAL_TIMEx_MasterConfigSynchronization
                0x08006844       0xbc ./Drivers/STM32L0xx_HAL_Driver/stm32l0xx_hal_tim_ex.o
                0x08006844                HAL_TIMEx_MasterConfigSynchronization
 .text.dac_calib_init
                0x08006900       0x2c ./drivers/dac_calib.o
                0x08006900                dac_calib_init
 .text.dac_calib_apply
                0x0800692c       0x64 ./drivers/dac_calib.o
                0x0800692c                dac_calib_apply
 .text.volts_to_code
                0x08006990       0x7c ./drivers/dac_ctrl.o
 .text.clampf   0x08006a0c       0x36 ./drivers/dac_ctrl.o
 *fill*         0x08006a42        0x2 
 .text.dac_init
                0x08006a44       0x50 ./drivers/dac_ctrl.o
                0x08006a44                dac_init
 .text.write_dac_channel
                0x08006a94       0x3c ./drivers/dac_ctrl.o
 .text.dac_set_voltage_ch1
                0x08006ad0       0x3c ./drivers/dac_ctrl.o
                0x08006ad0                dac_set_voltage_ch1
 .text.dac_set_voltage_ch2
                0x08006b0c       0x3c ./drivers/dac_ctrl.o
                0x08006b0c                dac_set_voltage_ch2
 .text.std      0x08006b48       0x6c /opt/st/stm32cubeide_1.19.0/plugins/com.st.stm32cube.ide.mcu.externaltools.gnu-tools-for-stm32.13.3.rel1.linux64_1.0.0.202410170706/tools/bin/../lib/gcc/arm-none-eabi/13.3.1/../../../../arm-none-eabi/lib/thumb/v6-m/nofp/libc_nano.a(libc_a-findfp.o)
 .text.stdio_exit_handler
                0x08006bb4       0x1c /opt/st/stm32cubeide_1.19.0/plugins/com.st.stm32cube.ide.mcu.externaltools.gnu-tools-for-stm32.13.3.rel1.linux64_1.0.0.202410170706/tools/bin/../lib/gcc/arm-none-eabi/13.3.1/../../../../arm-none-eabi/lib/thumb/v6-m/nofp/libc_nano.a(libc_a-findfp.o)
 .text.cleanup_stdio
                0x08006bd0       0x3c /opt/st/stm32cubeide_1.19.0/plugins/com.st.stm32cube.ide.mcu.externaltools.gnu-tools-for-stm32.13.3.rel1.linux64_1.0.0.202410170706/tools/bin/../lib/gcc/arm-none-eabi/13.3.1/../../../../arm-none-eabi/lib/thumb/v6-m/nofp/libc_nano.a(libc_a-findfp.o)
 .text.global_stdio_init.part.0
                0x08006c0c       0x3c /opt/st/stm32cubeide_1.19.0/plugins/com.st.stm32cube.ide.mcu.externaltools.gnu-tools-for-stm32.13.3.rel1.linux64_1.0.0.202410170706/tools/bin/../lib/gcc/arm-none-eabi/13.3.1/../../../../arm-none-eabi/lib/thumb/v6-m/nofp/libc_nano.a(libc_a-findfp.o)
 .text.__sfp_lock_acquire
                0x08006c48       0x10 /opt/st/stm32cubeide_1.19.0/plugins/com.st.stm32cube.ide.mcu.externaltools.gnu-tools-for-stm32.13.3.rel1.linux64_1.0.0.202410170706/tools/bin/../lib/gcc/arm-none-eabi/13.3.1/../../../../arm-none-eabi/lib/thumb/v6-m/nofp/libc_nano.a(libc_a-findfp.o)
                0x08006c48                __sfp_lock_acquire
 .text.__sfp_lock_release
                0x08006c58       0x10 /opt/st/stm32cubeide_1.19.0/plugins/com.st.stm32cube.ide.mcu.externaltools.gnu-tools-for-stm32.13.3.rel1.linux64_1.0.0.202410170706/tools/bin/../lib/gcc/arm-none-eabi/13.3.1/../../../../arm-none-eabi/lib/thumb/v6-m/nofp/libc_nano.a(libc_a-findfp.o)
                0x08006c58                __sfp_lock_release
 .text.__sinit  0x08006c68       0x30 /opt/st/stm32cubeide_1.19.0/plugins/com.st.stm32cube.ide.mcu.externaltools.gnu-tools-for-stm32.13.3.rel1.linux64_1.0.0.202410170706/tools/bin/../lib/gcc/arm-none-eabi/13.3.1/../../../../arm-none-eabi/lib/thumb/v6-m/nofp/libc_nano.a(libc_a-findfp.o)
                0x08006c68                __sinit
 .text._fwalk_sglue
                0x08006c98       0x38 /opt/st/stm32cubeide_1.19.0/plugins/com.st.stm32cube.ide.mcu.externaltools.gnu-tools-for-stm32.13.3.rel1.linux64_1.0.0.202410170706/tools/bin/../lib/gcc/arm-none-eabi/13.3.1/../../../../arm-none-eabi/lib/thumb/v6-m/nofp/libc_nano.a(libc_a-fwalk.o)
                0x08006c98                _fwalk_sglue
 .text.printf   0x08006cd0       0x20 /opt/st/stm32cubeide_1.19.0/plugins/com.st.stm32cube.ide.mcu.externaltools.gnu-tools-for-stm32.13.3.rel1.linux64_1.0.0.202410170706/tools/bin/../lib/gcc/arm-none-eabi/13.3.1/../../../../arm-none-eabi/lib/thumb/v6-m/nofp/libc_nano.a(libc_a-printf.o)
                0x08006cd0                printf
                0x08006cd0                iprintf
 .text._puts_r  0x08006cf0       0xac /opt/st/stm32cubeide_1.19.0/plugins/com.st.stm32cube.ide.mcu.externaltools.gnu-tools-for-stm32.13.3.rel1.linux64_1.0.0.202410170706/tools/bin/../lib/gcc/arm-none-eabi/13.3.1/../../../../arm-none-eabi/lib/thumb/v6-m/nofp/libc_nano.a(libc_a-puts.o)
                0x08006cf0                _puts_r
 .text.puts     0x08006d9c       0x14 /opt/st/stm32cubeide_1.19.0/plugins/com.st.stm32cube.ide.mcu.externaltools.gnu-tools-for-stm32.13.3.rel1.linux64_1.0.0.202410170706/tools/bin/../lib/gcc/arm-none-eabi/13.3.1/../../../../arm-none-eabi/lib/thumb/v6-m/nofp/libc_nano.a(libc_a-puts.o)
                0x08006d9c                puts
 .text.__sread  0x08006db0       0x28 /opt/st/stm32cubeide_1.19.0/plugins/com.st.stm32cube.ide.mcu.externaltools.gnu-tools-for-stm32.13.3.rel1.linux64_1.0.0.202410170706/tools/bin/../lib/gcc/arm-none-eabi/13.3.1/../../../../arm-none-eabi/lib/thumb/v6-m/nofp/libc_nano.a(libc_a-stdio.o)
                0x08006db0                __sread
 .text.__swrite
                0x08006dd8       0x38 /opt/st/stm32cubeide_1.19.0/plugins/com.st.stm32cube.ide.mcu.externaltools.gnu-tools-for-stm32.13.3.rel1.linux64_1.0.0.202410170706/tools/bin/../lib/gcc/arm-none-eabi/13.3.1/../../../../arm-none-eabi/lib/thumb/v6-m/nofp/libc_nano.a(libc_a-stdio.o)
                0x08006dd8                __swrite
 .text.__sseek  0x08006e10       0x2c /opt/st/stm32cubeide_1.19.0/plugins/com.st.stm32cube.ide.mcu.externaltools.gnu-tools-for-stm32.13.3.rel1.linux64_1.0.0.202410170706/tools/bin/../lib/gcc/arm-none-eabi/13.3.1/../../../../arm-none-eabi/lib/thumb/v6-m/nofp/libc_nano.a(libc_a-stdio.o)
                0x08006e10                __sseek
 .text.__sclose
                0x08006e3c        0xc /opt/st/stm32cubeide_1.19.0/plugins/com.st.stm32cube.ide.mcu.externaltools.gnu-tools-for-stm32.13.3.rel1.linux64_1.0.0.202410170706/tools/bin/../lib/gcc/arm-none-eabi/13.3.1/../../../../arm-none-eabi/lib/thumb/v6-m/nofp/libc_nano.a(libc_a-stdio.o)
                0x08006e3c                __sclose
 .text.__swbuf_r
                0x08006e48       0x84 /opt/st/stm32cubeide_1.19.0/plugins/com.st.stm32cube.ide.mcu.externaltools.gnu-tools-for-stm32.13.3.rel1.linux64_1.0.0.202410170706/tools/bin/../lib/gcc/arm-none-eabi/13.3.1/../../../../arm-none-eabi/lib/thumb/v6-m/nofp/libc_nano.a(libc_a-wbuf.o)
                0x08006e48                __swbuf_r
 .text.__swsetup_r
                0x08006ecc       0xbc /opt/st/stm32cubeide_1.19.0/plugins/com.st.stm32cube.ide.mcu.externaltools.gnu-tools-for-stm32.13.3.rel1.linux64_1.0.0.202410170706/tools/bin/../lib/gcc/arm-none-eabi/13.3.1/../../../../arm-none-eabi/lib/thumb/v6-m/nofp/libc_nano.a(libc_a-wsetup.o)
                0x08006ecc                __swsetup_r
 .text.memset   0x08006f88       0x10 /opt/st/stm32cubeide_1.19.0/plugins/com.st.stm32cube.ide.mcu.externaltools.gnu-tools-for-stm32.13.3.rel1.linux64_1.0.0.202410170706/tools/bin/../lib/gcc/arm-none-eabi/13.3.1/../../../../arm-none-eabi/lib/thumb/v6-m/nofp/libc_nano.a(libc_a-memset.o)
                0x08006f88                memset
 .text._close_r
                0x08006f98       0x24 /opt/st/stm32cubeide_1.19.0/plugins/com.st.stm32cube.ide.mcu.externaltools.gnu-tools-for-stm32.13.3.rel1.linux64_1.0.0.202410170706/tools/bin/../lib/gcc/arm-none-eabi/13.3.1/../../../../arm-none-eabi/lib/thumb/v6-m/nofp/libc_nano.a(libc_a-closer.o)
                0x08006f98                _close_r
 .text._lseek_r
                0x08006fbc       0x28 /opt/st/stm32cubeide_1.19.0/plugins/com.st.stm32cube.ide.mcu.externaltools.gnu-tools-for-stm32.13.3.rel1.linux64_1.0.0.202410170706/tools/bin/../lib/gcc/arm-none-eabi/13.3.1/../../../../arm-none-eabi/lib/thumb/v6-m/nofp/libc_nano.a(libc_a-lseekr.o)
                0x08006fbc                _lseek_r
 .text._read_r  0x08006fe4       0x28 /opt/st/stm32cubeide_1.19.0/plugins/com.st.stm32cube.ide.mcu.externaltools.gnu-tools-for-stm32.13.3.rel1.linux64_1.0.0.202410170706/tools/bin/../lib/gcc/arm-none-eabi/13.3.1/../../../../arm-none-eabi/lib/thumb/v6-m/nofp/libc_nano.a(libc_a-readr.o)
                0x08006fe4                _read_r
 .text._write_r
                0x0800700c       0x28 /opt/st/stm32cubeide_1.19.0/plugins/com.st.stm32cube.ide.mcu.externaltools.gnu-tools-for-stm32.13.3.rel1.linux64_1.0.0.202410170706/tools/bin/../lib/gcc/arm-none-eabi/13.3.1/../../../../arm-none-eabi/lib/thumb/v6-m/nofp/libc_nano.a(libc_a-writer.o)
                0x0800700c                _write_r
 .text.__errno  0x08007034        0xc /opt/st/stm32cubeide_1.19.0/plugins/com.st.stm32cube.ide.mcu.externaltools.gnu-tools-for-stm32.13.3.rel1.linux64_1.0.0.202410170706/tools/bin/../lib/gcc/arm-none-eabi/13.3.1/../../../../arm-none-eabi/lib/thumb/v6-m/nofp/libc_nano.a(libc_a-errno.o)
                0x08007034                __errno
 .text.__libc_init_array
                0x08007040       0x48 /opt/st/stm32cubeide_1.19.0/plugins/com.st.stm32cube.ide.mcu.externaltools.gnu-tools-for-stm32.13.3.rel1.linux64_1.0.0.202410170706/tools/bin/../lib/gcc/arm-none-eabi/13.3.1/../../../../arm-none-eabi/lib/thumb/v6-m/nofp/libc_nano.a(libc_a-init.o)
                0x08007040                __libc_init_array
 .text.__retarget_lock_init_recursive
                0x08007088        0x2 /opt/st/stm32cubeide_1.19.0/plugins/com.st.stm32cube.ide.mcu.externaltools.gnu-tools-for-stm32.13.3.rel1.linux64_1.0.0.202410170706/tools/bin/../lib/gcc/arm-none-eabi/13.3.1/../../../../arm-none-eabi/lib/thumb/v6-m/nofp/libc_nano.a(libc_a-lock.o)
                0x08007088                __retarget_lock_init_recursive
 .text.__retarget_lock_acquire_recursive
                0x0800708a        0x2 /opt/st/stm32cubeide_1.19.0/plugins/com.st.stm32cube.ide.mcu.externaltools.gnu-tools-for-stm32.13.3.rel1.linux64_1.0.0.202410170706/tools/bin/../lib/gcc/arm-none-eabi/13.3.1/../../../../arm-none-eabi/lib/thumb/v6-m/nofp/libc_nano.a(libc_a-lock.o)
                0x0800708a                __retarget_lock_acquire_recursive
 .text.__retarget_lock_release_recursive
                0x0800708c        0x2 /opt/st/stm32cubeide_1.19.0/plugins/com.st.stm32cube.ide.mcu.externaltools.gnu-tools-for-stm32.13.3.rel1.linux64_1.0.0.202410170706/tools/bin/../lib/gcc/arm-none-eabi/13.3.1/../../../../arm-none-eabi/lib/thumb/v6-m/nofp/libc_nano.a(libc_a-lock.o)
                0x0800708c                __retarget_lock_release_recursive
 *fill*         0x0800708e        0x2 
 .text._free_r  0x08007090       0x94 /opt/st/stm32cubeide_1.19.0/plugins/com.st.stm32cube.ide.mcu.externaltools.gnu-tools-for-stm32.13.3.rel1.linux64_1.0.0.202410170706/tools/bin/../lib/gcc/arm-none-eabi/13.3.1/../../../../arm-none-eabi/lib/thumb/v6-m/nofp/libc_nano.a(libc_a-freer.o)
                0x08007090                _free_r
 .text.sbrk_aligned
                0x08007124       0x44 /opt/st/stm32cubeide_1.19.0/plugins/com.st.stm32cube.ide.mcu.externaltools.gnu-tools-for-stm32.13.3.rel1.linux64_1.0.0.202410170706/tools/bin/../lib/gcc/arm-none-eabi/13.3.1/../../../../arm-none-eabi/lib/thumb/v6-m/nofp/libc_nano.a(libc_a-mallocr.o)
 .text._malloc_r
                0x08007168      0x100 /opt/st/stm32cubeide_1.19.0/plugins/com.st.stm32cube.ide.mcu.externaltools.gnu-tools-for-stm32.13.3.rel1.linux64_1.0.0.202410170706/tools/bin/../lib/gcc/arm-none-eabi/13.3.1/../../../../arm-none-eabi/lib/thumb/v6-m/nofp/libc_nano.a(libc_a-mallocr.o)
                0x08007168                _malloc_r
 .text.__malloc_lock
                0x08007268       0x10 /opt/st/stm32cubeide_1.19.0/plugins/com.st.stm32cube.ide.mcu.externaltools.gnu-tools-for-stm32.13.3.rel1.linux64_1.0.0.202410170706/tools/bin/../lib/gcc/arm-none-eabi/13.3.1/../../../../arm-none-eabi/lib/thumb/v6-m/nofp/libc_nano.a(libc_a-mlock.o)
                0x08007268                __malloc_lock
 .text.__malloc_unlock
                0x08007278       0x10 /opt/st/stm32cubeide_1.19.0/plugins/com.st.stm32cube.ide.mcu.externaltools.gnu-tools-for-stm32.13.3.rel1.linux64_1.0.0.202410170706/tools/bin/../lib/gcc/arm-none-eabi/13.3.1/../../../../arm-none-eabi/lib/thumb/v6-m/nofp/libc_nano.a(libc_a-mlock.o)
                0x08007278                __malloc_unlock
 .text.__sfputc_r
                0x08007288       0x2a /opt/st/stm32cubeide_1.19.0/plugins/com.st.stm32cube.ide.mcu.externaltools.gnu-tools-for-stm32.13.3.rel1.linux64_1.0.0.202410170706/tools/bin/../lib/gcc/arm-none-eabi/13.3.1/../../../../arm-none-eabi/lib/thumb/v6-m/nofp/libc_nano.a(libc_a-nano-vfprintf.o)
 .text.__sfputs_r
                0x080072b2       0x24 /opt/st/stm32cubeide_1.19.0/plugins/com.st.stm32cube.ide.mcu.externaltools.gnu-tools-for-stm32.13.3.rel1.linux64_1.0.0.202410170706/tools/bin/../lib/gcc/arm-none-eabi/13.3.1/../../../../arm-none-eabi/lib/thumb/v6-m/nofp/libc_nano.a(libc_a-nano-vfprintf.o)
                0x080072b2                __sfputs_r
 *fill*         0x080072d6        0x2 
 .text._vfprintf_r
                0x080072d8      0x238 /opt/st/stm32cubeide_1.19.0/plugins/com.st.stm32cube.ide.mcu.externaltools.gnu-tools-for-stm32.13.3.rel1.linux64_1.0.0.202410170706/tools/bin/../lib/gcc/arm-none-eabi/13.3.1/../../../../arm-none-eabi/lib/thumb/v6-m/nofp/libc_nano.a(libc_a-nano-vfprintf.o)
                0x080072d8                _vfiprintf_r
                0x080072d8                _vfprintf_r
 .text._printf_common
                0x08007510       0xde /opt/st/stm32cubeide_1.19.0/plugins/com.st.stm32cube.ide.mcu.externaltools.gnu-tools-for-stm32.13.3.rel1.linux64_1.0.0.202410170706/tools/bin/../lib/gcc/arm-none-eabi/13.3.1/../../../../arm-none-eabi/lib/thumb/v6-m/nofp/libc_nano.a(libc_a-nano-vfprintf_i.o)
                0x08007510                _printf_common
 *fill*         0x080075ee        0x2 
 .text._printf_i
                0x080075f0      0x218 /opt/st/stm32cubeide_1.19.0/plugins/com.st.stm32cube.ide.mcu.externaltools.gnu-tools-for-stm32.13.3.rel1.linux64_1.0.0.202410170706/tools/bin/../lib/gcc/arm-none-eabi/13.3.1/../../../../arm-none-eabi/lib/thumb/v6-m/nofp/libc_nano.a(libc_a-nano-vfprintf_i.o)
                0x080075f0                _printf_i
 .text.__sflush_r
                0x08007808      0x10c /opt/st/stm32cubeide_1.19.0/plugins/com.st.stm32cube.ide.mcu.externaltools.gnu-tools-for-stm32.13.3.rel1.linux64_1.0.0.202410170706/tools/bin/../lib/gcc/arm-none-eabi/13.3.1/../../../../arm-none-eabi/lib/thumb/v6-m/nofp/libc_nano.a(libc_a-fflush.o)
                0x08007808                __sflush_r
 .text._fflush_r
                0x08007914       0x56 /opt/st/stm32cubeide_1.19.0/plugins/com.st.stm32cube.ide.mcu.externaltools.gnu-tools-for-stm32.13.3.rel1.linux64_1.0.0.202410170706/tools/bin/../lib/gcc/arm-none-eabi/13.3.1/../../../../arm-none-eabi/lib/thumb/v6-m/nofp/libc_nano.a(libc_a-fflush.o)
                0x08007914                _fflush_r
 *fill*         0x0800796a        0x2 
 .text.__swhatbuf_r
                0x0800796c       0x54 /opt/st/stm32cubeide_1.19.0/plugins/com.st.stm32cube.ide.mcu.externaltools.gnu-tools-for-stm32.13.3.rel1.linux64_1.0.0.202410170706/tools/bin/../lib/gcc/arm-none-eabi/13.3.1/../../../../arm-none-eabi/lib/thumb/v6-m/nofp/libc_nano.a(libc_a-makebuf.o)
                0x0800796c                __swhatbuf_r
 .text.__smakebuf_r
                0x080079c0       0x82 /opt/st/stm32cubeide_1.19.0/plugins/com.st.stm32cube.ide.mcu.externaltools.gnu-tools-for-stm32.13.3.rel1.linux64_1.0.0.202410170706/tools/bin/../lib/gcc/arm-none-eabi/13.3.1/../../../../arm-none-eabi/lib/thumb/v6-m/nofp/libc_nano.a(libc_a-makebuf.o)
                0x080079c0                __smakebuf_r
 *fill*         0x08007a42        0x2 
 .text._fstat_r
                0x08007a44       0x24 /opt/st/stm32cubeide_1.19.0/plugins/com.st.stm32cube.ide.mcu.externaltools.gnu-tools-for-stm32.13.3.rel1.linux64_1.0.0.202410170706/tools/bin/../lib/gcc/arm-none-eabi/13.3.1/../../../../arm-none-eabi/lib/thumb/v6-m/nofp/libc_nano.a(libc_a-fstatr.o)
                0x08007a44                _fstat_r
 .text._isatty_r
                0x08007a68       0x24 /opt/st/stm32cubeide_1.19.0/plugins/com.st.stm32cube.ide.mcu.externaltools.gnu-tools-for-stm32.13.3.rel1.linux64_1.0.0.202410170706/tools/bin/../lib/gcc/arm-none-eabi/13.3.1/../../../../arm-none-eabi/lib/thumb/v6-m/nofp/libc_nano.a(libc_a-isattyr.o)
                0x08007a68                _isatty_r
 .text._sbrk_r  0x08007a8c       0x24 /opt/st/stm32cubeide_1.19.0/plugins/com.st.stm32cube.ide.mcu.externaltools.gnu-tools-for-stm32.13.3.rel1.linux64_1.0.0.202410170706/tools/bin/../lib/gcc/arm-none-eabi/13.3.1/../../../../arm-none-eabi/lib/thumb/v6-m/nofp/libc_nano.a(libc_a-sbrkr.o)
                0x08007a8c                _sbrk_r
 .text.memchr   0x08007ab0       0x16 /opt/st/stm32cubeide_1.19.0/plugins/com.st.stm32cube.ide.mcu.externaltools.gnu-tools-for-stm32.13.3.rel1.linux64_1.0.0.202410170706/tools/bin/../lib/gcc/arm-none-eabi/13.3.1/../../../../arm-none-eabi/lib/thumb/v6-m/nofp/libc_nano.a(libc_a-memchr-stub.o)
                0x08007ab0                memchr
 *(.glue_7)
 .glue_7        0x08007ac6        0x0 linker stubs
 *(.glue_7t)
 .glue_7t       0x08007ac6        0x0 linker stubs
 *(.eh_frame)
 *fill*         0x08007ac6        0x2 
 .eh_frame      0x08007ac8        0x0 /opt/st/stm32cubeide_1.19.0/plugins/com.st.stm32cube.ide.mcu.externaltools.gnu-tools-for-stm32.13.3.rel1.linux64_1.0.0.202410170706/tools/bin/../lib/gcc/arm-none-eabi/13.3.1/thumb/v6-m/nofp/crtbegin.o
 *(.init)
 .init          0x08007ac8        0x4 /opt/st/stm32cubeide_1.19.0/plugins/com.st.stm32cube.ide.mcu.externaltools.gnu-tools-for-stm32.13.3.rel1.linux64_1.0.0.202410170706/tools/bin/../lib/gcc/arm-none-eabi/13.3.1/thumb/v6-m/nofp/crti.o
                0x08007ac8                _init
 .init          0x08007acc        0x8 /opt/st/stm32cubeide_1.19.0/plugins/com.st.stm32cube.ide.mcu.externaltools.gnu-tools-for-stm32.13.3.rel1.linux64_1.0.0.202410170706/tools/bin/../lib/gcc/arm-none-eabi/13.3.1/thumb/v6-m/nofp/crtn.o
 *(.fini)
 .fini          0x08007ad4        0x4 /opt/st/stm32cubeide_1.19.0/plugins/com.st.stm32cube.ide.mcu.externaltools.gnu-tools-for-stm32.13.3.rel1.linux64_1.0.0.202410170706/tools/bin/../lib/gcc/arm-none-eabi/13.3.1/thumb/v6-m/nofp/crti.o
                0x08007ad4                _fini
 .fini          0x08007ad8        0x8 /opt/st/stm32cubeide_1.19.0/plugins/com.st.stm32cube.ide.mcu.externaltools.gnu-tools-for-stm32.13.3.rel1.linux64_1.0.0.202410170706/tools/bin/../lib/gcc/arm-none-eabi/13.3.1/thumb/v6-m/nofp/crtn.o
                0x08007ae0                        . = ALIGN (0x4)
                0x08007ae0                        _etext = .

.vfp11_veneer   0x08007ae0        0x0
 .vfp11_veneer  0x08007ae0        0x0 linker stubs

.v4_bx          0x08007ae0        0x0
 .v4_bx         0x08007ae0        0x0 linker stubs

.iplt           0x08007ae0        0x0
 .iplt          0x08007ae0        0x0 /opt/st/stm32cubeide_1.19.0/plugins/com.st.stm32cube.ide.mcu.externaltools.gnu-tools-for-stm32.13.3.rel1.linux64_1.0.0.202410170706/tools/bin/../lib/gcc/arm-none-eabi/13.3.1/thumb/v6-m/nofp/crtbegin.o

.rodata         0x08007ae0      0x1a0
                0x08007ae0                        . = ALIGN (0x4)
 *(.rodata)
 .rodata        0x08007ae0       0xd8 ./Core/Src/ms58.o
 .rodata        0x08007bb8       0x7c /opt/st/stm32cubeide_1.19.0/plugins/com.st.stm32cube.ide.mcu.externaltools.gnu-tools-for-stm32.13.3.rel1.linux64_1.0.0.202410170706/tools/bin/../lib/gcc/arm-none-eabi/13.3.1/thumb/v6-m/nofp/libgcc.a(divsf3.o)
 *(.rodata*)
 .rodata.AHBPrescTable
                0x08007c34       0x10 ./Core/Src/system_stm32l0xx.o
                0x08007c34                AHBPrescTable
 .rodata.PLLMulTable
                0x08007c44        0x9 ./Core/Src/system_stm32l0xx.o
                0x08007c44                PLLMulTable
 .rodata._vfprintf_r.str1.1
                0x08007c4d       0x33 /opt/st/stm32cubeide_1.19.0/plugins/com.st.stm32cube.ide.mcu.externaltools.gnu-tools-for-stm32.13.3.rel1.linux64_1.0.0.202410170706/tools/bin/../lib/gcc/arm-none-eabi/13.3.1/../../../../arm-none-eabi/lib/thumb/v6-m/nofp/libc_nano.a(libc_a-nano-vfprintf.o)
                                 0x11 (size before relaxing)
 .rodata._printf_i.str1.1
                0x08007c80       0x22 /opt/st/stm32cubeide_1.19.0/plugins/com.st.stm32cube.ide.mcu.externaltools.gnu-tools-for-stm32.13.3.rel1.linux64_1.0.0.202410170706/tools/bin/../lib/gcc/arm-none-eabi/13.3.1/../../../../arm-none-eabi/lib/thumb/v6-m/nofp/libc_nano.a(libc_a-nano-vfprintf_i.o)
                0x08007ca4                        . = ALIGN (0x4)

.ARM.extab      0x08007c80        0x0
                0x08007c80                        . = ALIGN (0x4)
 *(.ARM.extab* .gnu.linkonce.armextab.*)
                0x08007c80                        . = ALIGN (0x4)

.ARM            0x08007c80        0x0
                0x08007c80                        . = ALIGN (0x4)
                0x08007c80                        __exidx_start = .
 *(.ARM.exidx*)
                0x08007c80                        __exidx_end = .
                0x08007c80                        . = ALIGN (0x4)

.preinit_array  0x08007c80        0x0
                0x08007c80                        . = ALIGN (0x4)
                0x08007c80                        PROVIDE (__preinit_array_start = .)
 *(.preinit_array*)
                0x08007c80                        PROVIDE (__preinit_array_end = .)
                0x08007c80                        . = ALIGN (0x4)

.init_array     0x08007c80        0x4
                0x08007c80                        . = ALIGN (0x4)
                0x08007c80                        PROVIDE (__init_array_start = .)
 *(SORT_BY_NAME(.init_array.*))
 *(.init_array*)
 .init_array    0x08007c80        0x4 /opt/st/stm32cubeide_1.19.0/plugins/com.st.stm32cube.ide.mcu.externaltools.gnu-tools-for-stm32.13.3.rel1.linux64_1.0.0.202410170706/tools/bin/../lib/gcc/arm-none-eabi/13.3.1/thumb/v6-m/nofp/crtbegin.o
                0x08007c84                        PROVIDE (__init_array_end = .)
                0x08007c84                        . = ALIGN (0x4)

.fini_array     0x08007c84        0x4
                0x08007c84                        . = ALIGN (0x4)
                [!provide]                        PROVIDE (__fini_array_start = .)
 *(SORT_BY_NAME(.fini_array.*))
 *(.fini_array*)
 .fini_array    0x08007c84        0x4 /opt/st/stm32cubeide_1.19.0/plugins/com.st.stm32cube.ide.mcu.externaltools.gnu-tools-for-stm32.13.3.rel1.linux64_1.0.0.202410170706/tools/bin/../lib/gcc/arm-none-eabi/13.3.1/thumb/v6-m/nofp/crtbegin.o
                [!provide]                        PROVIDE (__fini_array_end = .)
                0x08007c88                        . = ALIGN (0x4)
                0x08007c88                        _sidata = LOADADDR (.data)

.rel.dyn        0x08007c88        0x0
 .rel.iplt      0x08007c88        0x0 /opt/st/stm32cubeide_1.19.0/plugins/com.st.stm32cube.ide.mcu.externaltools.gnu-tools-for-stm32.13.3.rel1.linux64_1.0.0.202410170706/tools/bin/../lib/gcc/arm-none-eabi/13.3.1/thumb/v6-m/nofp/crtbegin.o

.data           0x20000000       0x6c load address 0x08007c88
                0x20000000                        . = ALIGN (0x4)
                0x20000000                        _sdata = .
 *(.data)
 *(.data*)
 .data.response_value
                0x20000000        0x4 ./Core/Src/i2c_slave_app.o
                0x20000000                response_value
 .data.SystemCoreClock
                0x20000004        0x4 ./Core/Src/system_stm32l0xx.o
                0x20000004                SystemCoreClock
 .data.uwTickPrio
                0x20000008        0x4 ./Drivers/STM32L0xx_HAL_Driver/stm32l0xx_hal.o
                0x20000008                uwTickPrio
 .data.uwTickFreq
                0x2000000c        0x1 ./Drivers/STM32L0xx_HAL_Driver/stm32l0xx_hal.o
                0x2000000c                uwTickFreq
 *fill*         0x2000000d        0x3 
 .data.__sglue  0x20000010        0xc /opt/st/stm32cubeide_1.19.0/plugins/com.st.stm32cube.ide.mcu.externaltools.gnu-tools-for-stm32.13.3.rel1.linux64_1.0.0.202410170706/tools/bin/../lib/gcc/arm-none-eabi/13.3.1/../../../../arm-none-eabi/lib/thumb/v6-m/nofp/libc_nano.a(libc_a-findfp.o)
                0x20000010                __sglue
 .data._impure_ptr
                0x2000001c        0x4 /opt/st/stm32cubeide_1.19.0/plugins/com.st.stm32cube.ide.mcu.externaltools.gnu-tools-for-stm32.13.3.rel1.linux64_1.0.0.202410170706/tools/bin/../lib/gcc/arm-none-eabi/13.3.1/../../../../arm-none-eabi/lib/thumb/v6-m/nofp/libc_nano.a(libc_a-impure.o)
                0x2000001c                _impure_ptr
 .data._impure_data
                0x20000020       0x4c /opt/st/stm32cubeide_1.19.0/plugins/com.st.stm32cube.ide.mcu.externaltools.gnu-tools-for-stm32.13.3.rel1.linux64_1.0.0.202410170706/tools/bin/../lib/gcc/arm-none-eabi/13.3.1/../../../../arm-none-eabi/lib/thumb/v6-m/nofp/libc_nano.a(libc_a-impure.o)
                0x20000020                _impure_data
 *(.RamFunc)
 *(.RamFunc*)
                0x2000006c                        . = ALIGN (0x4)
                0x2000006c                        _edata = .

.igot.plt       0x2000006c        0x0 load address 0x08007cf4
 .igot.plt      0x2000006c        0x0 /opt/st/stm32cubeide_1.19.0/plugins/com.st.stm32cube.ide.mcu.externaltools.gnu-tools-for-stm32.13.3.rel1.linux64_1.0.0.202410170706/tools/bin/../lib/gcc/arm-none-eabi/13.3.1/thumb/v6-m/nofp/crtbegin.o
                0x2000006c                        . = ALIGN (0x4)

.bss            0x2000006c      0x2bc load address 0x08007cf4
                0x2000006c                        _sbss = .
                0x2000006c                        __bss_start__ = _sbss
 *(.bss)
 .bss           0x2000006c       0x1c /opt/st/stm32cubeide_1.19.0/plugins/com.st.stm32cube.ide.mcu.externaltools.gnu-tools-for-stm32.13.3.rel1.linux64_1.0.0.202410170706/tools/bin/../lib/gcc/arm-none-eabi/13.3.1/thumb/v6-m/nofp/crtbegin.o
 *(.bss*)
 .bss.i2c2_rx_buf
                0x20000088        0x4 ./Core/Src/i2c_slave_app.o
 .bss.i2c2_tx_buf
                0x2000008c        0x4 ./Core/Src/i2c_slave_app.o
 .bss.i2c2_rx_complete
                0x20000090        0x1 ./Core/Src/i2c_slave_app.o
                0x20000090                i2c2_rx_complete
 *fill*         0x20000091        0x3 
 .bss.received_cmd_value
                0x20000094        0x4 ./Core/Src/i2c_slave_app.o
                0x20000094                received_cmd_value
 .bss.hdac      0x20000098       0x14 ./Core/Src/main.o
                0x20000098                hdac
 .bss.hi2c1     0x200000ac       0x54 ./Core/Src/main.o
                0x200000ac                hi2c1
 .bss.hi2c2     0x20000100       0x54 ./Core/Src/main.o
                0x20000100                hi2c2
 .bss.htim2     0x20000154       0x40 ./Core/Src/main.o
                0x20000154                htim2
 .bss.ref       0x20000194        0xc ./Core/Src/main.o
                0x20000194                ref
 .bss.pressure  0x200001a0        0x4 ./Core/Src/main.o
                0x200001a0                pressure
 .bss.temperature
                0x200001a4        0x4 ./Core/Src/main.o
                0x200001a4                temperature
 .bss.ms_calib  0x200001a8       0x10 ./Core/Src/main.o
                0x200001a8                ms_calib
 .bss.dac1_calib
                0x200001b8        0xc ./Core/Src/main.o
                0x200001b8                dac1_calib
 .bss.dac2_calib
                0x200001c4        0xc ./Core/Src/main.o
                0x200001c4                dac2_calib
 .bss.pressure_sample_requested
                0x200001d0        0x1 ./Core/Src/main.o
                0x200001d0                pressure_sample_requested
 .bss.pressure_read_in_progress
                0x200001d1        0x1 ./Core/Src/main.o
                0x200001d1                pressure_read_in_progress
 *fill*         0x200001d2        0x2 
 .bss.__sbrk_heap_end
                0x200001d4        0x4 ./Core/Src/sysmem.o
 .bss.uwTick    0x200001d8        0x4 ./Drivers/STM32L0xx_HAL_Driver/stm32l0xx_hal.o
                0x200001d8                uwTick
 .bss.__sf      0x200001dc      0x138 /opt/st/stm32cubeide_1.19.0/plugins/com.st.stm32cube.ide.mcu.externaltools.gnu-tools-for-stm32.13.3.rel1.linux64_1.0.0.202410170706/tools/bin/../lib/gcc/arm-none-eabi/13.3.1/../../../../arm-none-eabi/lib/thumb/v6-m/nofp/libc_nano.a(libc_a-findfp.o)
                0x200001dc                __sf
 .bss.__stdio_exit_handler
                0x20000314        0x4 /opt/st/stm32cubeide_1.19.0/plugins/com.st.stm32cube.ide.mcu.externaltools.gnu-tools-for-stm32.13.3.rel1.linux64_1.0.0.202410170706/tools/bin/../lib/gcc/arm-none-eabi/13.3.1/../../../../arm-none-eabi/lib/thumb/v6-m/nofp/libc_nano.a(libc_a-findfp.o)
                0x20000314                __stdio_exit_handler
 .bss.errno     0x20000318        0x4 /opt/st/stm32cubeide_1.19.0/plugins/com.st.stm32cube.ide.mcu.externaltools.gnu-tools-for-stm32.13.3.rel1.linux64_1.0.0.202410170706/tools/bin/../lib/gcc/arm-none-eabi/13.3.1/../../../../arm-none-eabi/lib/thumb/v6-m/nofp/libc_nano.a(libc_a-reent.o)
                0x20000318                errno
 .bss.__lock___malloc_recursive_mutex
                0x2000031c        0x1 /opt/st/stm32cubeide_1.19.0/plugins/com.st.stm32cube.ide.mcu.externaltools.gnu-tools-for-stm32.13.3.rel1.linux64_1.0.0.202410170706/tools/bin/../lib/gcc/arm-none-eabi/13.3.1/../../../../arm-none-eabi/lib/thumb/v6-m/nofp/libc_nano.a(libc_a-lock.o)
                0x2000031c                __lock___malloc_recursive_mutex
 .bss.__lock___sfp_recursive_mutex
                0x2000031d        0x1 /opt/st/stm32cubeide_1.19.0/plugins/com.st.stm32cube.ide.mcu.externaltools.gnu-tools-for-stm32.13.3.rel1.linux64_1.0.0.202410170706/tools/bin/../lib/gcc/arm-none-eabi/13.3.1/../../../../arm-none-eabi/lib/thumb/v6-m/nofp/libc_nano.a(libc_a-lock.o)
                0x2000031d                __lock___sfp_recursive_mutex
 *fill*         0x2000031e        0x2 
 .bss.__malloc_sbrk_start
                0x20000320        0x4 /opt/st/stm32cubeide_1.19.0/plugins/com.st.stm32cube.ide.mcu.externaltools.gnu-tools-for-stm32.13.3.rel1.linux64_1.0.0.202410170706/tools/bin/../lib/gcc/arm-none-eabi/13.3.1/../../../../arm-none-eabi/lib/thumb/v6-m/nofp/libc_nano.a(libc_a-mallocr.o)
                0x20000320                __malloc_sbrk_start
 .bss.__malloc_free_list
                0x20000324        0x4 /opt/st/stm32cubeide_1.19.0/plugins/com.st.stm32cube.ide.mcu.externaltools.gnu-tools-for-stm32.13.3.rel1.linux64_1.0.0.202410170706/tools/bin/../lib/gcc/arm-none-eabi/13.3.1/../../../../arm-none-eabi/lib/thumb/v6-m/nofp/libc_nano.a(libc_a-mallocr.o)
                0x20000324                __malloc_free_list
 *(COMMON)
                0x20000328                        . = ALIGN (0x4)
                0x20000328                        _ebss = .
                0x20000328                        __bss_end__ = _ebss

._user_heap_stack
                0x20000328      0x600 load address 0x08007cf4
                0x20000328                        . = ALIGN (0x8)
                [!provide]                        PROVIDE (end = .)
                0x20000328                        PROVIDE (_end = .)
                0x20000528                        . = (. + _Min_Heap_Size)
 *fill*         0x20000328      0x200 
                0x20000928                        . = (. + _Min_Stack_Size)
 *fill*         0x20000528      0x400 
                0x20000928                        . = ALIGN (0x8)

/DISCARD/
 libc.a(*)
 libm.a(*)
 libgcc.a(*)

.ARM.attributes
                0x00000000       0x28
 *(.ARM.attributes)
 .ARM.attributes
                0x00000000       0x1e /opt/st/stm32cubeide_1.19.0/plugins/com.st.stm32cube.ide.mcu.externaltools.gnu-tools-for-stm32.13.3.rel1.linux64_1.0.0.202410170706/tools/bin/../lib/gcc/arm-none-eabi/13.3.1/thumb/v6-m/nofp/crti.o
 .ARM.attributes
                0x0000001e       0x2c /opt/st/stm32cubeide_1.19.0/plugins/com.st.stm32cube.ide.mcu.externaltools.gnu-tools-for-stm32.13.3.rel1.linux64_1.0.0.202410170706/tools/bin/../lib/gcc/arm-none-eabi/13.3.1/thumb/v6-m/nofp/crtbegin.o
 .ARM.attributes
                0x0000004a       0x2c ./Core/Src/i2c_slave_app.o
 .ARM.attributes
                0x00000076       0x2c ./Core/Src/main.o
 .ARM.attributes
                0x000000a2       0x2c ./Core/Src/ms58.o
 .ARM.attributes
                0x000000ce       0x2c ./Core/Src/ms5837_hal.o
 .ARM.attributes
                0x000000fa       0x2c ./Core/Src/stm32l0xx_hal_msp.o
 .ARM.attributes
                0x00000126       0x2c ./Core/Src/stm32l0xx_it.o
 .ARM.attributes
                0x00000152       0x2c ./Core/Src/syscalls.o
 .ARM.attributes
                0x0000017e       0x2c ./Core/Src/sysmem.o
 .ARM.attributes
                0x000001aa       0x2c ./Core/Src/system_stm32l0xx.o
 .ARM.attributes
                0x000001d6       0x22 ./Core/Startup/startup_stm32l072cbtx.o
 .ARM.attributes
                0x000001f8       0x2c ./Drivers/STM32L0xx_HAL_Driver/stm32l0xx_hal.o
 .ARM.attributes
                0x00000224       0x2c ./Drivers/STM32L0xx_HAL_Driver/stm32l0xx_hal_cortex.o
 .ARM.attributes
                0x00000250       0x2c ./Drivers/STM32L0xx_HAL_Driver/stm32l0xx_hal_dac.o
 .ARM.attributes
                0x0000027c       0x2c ./Drivers/STM32L0xx_HAL_Driver/stm32l0xx_hal_dac_ex.o
 .ARM.attributes
                0x000002a8       0x2c ./Drivers/STM32L0xx_HAL_Driver/stm32l0xx_hal_dma.o
 .ARM.attributes
                0x000002d4       0x2c ./Drivers/STM32L0xx_HAL_Driver/stm32l0xx_hal_gpio.o
 .ARM.attributes
                0x00000300       0x2c ./Drivers/STM32L0xx_HAL_Driver/stm32l0xx_hal_i2c.o
 .ARM.attributes
                0x0000032c       0x2c ./Drivers/STM32L0xx_HAL_Driver/stm32l0xx_hal_i2c_ex.o
 .ARM.attributes
                0x00000358       0x2c ./Drivers/STM32L0xx_HAL_Driver/stm32l0xx_hal_rcc.o
 .ARM.attributes
                0x00000384       0x2c ./Drivers/STM32L0xx_HAL_Driver/stm32l0xx_hal_rcc_ex.o
 .ARM.attributes
                0x000003b0       0x2c ./Drivers/STM32L0xx_HAL_Driver/stm32l0xx_hal_tim.o
 .ARM.attributes
                0x000003dc       0x2c ./Drivers/STM32L0xx_HAL_Driver/stm32l0xx_hal_tim_ex.o
 .ARM.attributes
                0x00000408       0x2c ./drivers/dac_calib.o
 .ARM.attributes
                0x00000434       0x2c ./drivers/dac_ctrl.o
 .ARM.attributes
                0x00000460       0x2c /opt/st/stm32cubeide_1.19.0/plugins/com.st.stm32cube.ide.mcu.externaltools.gnu-tools-for-stm32.13.3.rel1.linux64_1.0.0.202410170706/tools/bin/../lib/gcc/arm-none-eabi/13.3.1/../../../../arm-none-eabi/lib/thumb/v6-m/nofp/libc_nano.a(libc_a-findfp.o)
 .ARM.attributes
                0x0000048c       0x2c /opt/st/stm32cubeide_1.19.0/plugins/com.st.stm32cube.ide.mcu.externaltools.gnu-tools-for-stm32.13.3.rel1.linux64_1.0.0.202410170706/tools/bin/../lib/gcc/arm-none-eabi/13.3.1/../../../../arm-none-eabi/lib/thumb/v6-m/nofp/libc_nano.a(libc_a-fwalk.o)
 .ARM.attributes
                0x000004b8       0x2c /opt/st/stm32cubeide_1.19.0/plugins/com.st.stm32cube.ide.mcu.externaltools.gnu-tools-for-stm32.13.3.rel1.linux64_1.0.0.202410170706/tools/bin/../lib/gcc/arm-none-eabi/13.3.1/../../../../arm-none-eabi/lib/thumb/v6-m/nofp/libc_nano.a(libc_a-printf.o)
 .ARM.attributes
                0x000004e4       0x2c /opt/st/stm32cubeide_1.19.0/plugins/com.st.stm32cube.ide.mcu.externaltools.gnu-tools-for-stm32.13.3.rel1.linux64_1.0.0.202410170706/tools/bin/../lib/gcc/arm-none-eabi/13.3.1/../../../../arm-none-eabi/lib/thumb/v6-m/nofp/libc_nano.a(libc_a-puts.o)
 .ARM.attributes
                0x00000510       0x2c /opt/st/stm32cubeide_1.19.0/plugins/com.st.stm32cube.ide.mcu.externaltools.gnu-tools-for-stm32.13.3.rel1.linux64_1.0.0.202410170706/tools/bin/../lib/gcc/arm-none-eabi/13.3.1/../../../../arm-none-eabi/lib/thumb/v6-m/nofp/libc_nano.a(libc_a-stdio.o)
 .ARM.attributes
                0x0000053c       0x2c /opt/st/stm32cubeide_1.19.0/plugins/com.st.stm32cube.ide.mcu.externaltools.gnu-tools-for-stm32.13.3.rel1.linux64_1.0.0.202410170706/tools/bin/../lib/gcc/arm-none-eabi/13.3.1/../../../../arm-none-eabi/lib/thumb/v6-m/nofp/libc_nano.a(libc_a-wbuf.o)
 .ARM.attributes
                0x00000568       0x2c /opt/st/stm32cubeide_1.19.0/plugins/com.st.stm32cube.ide.mcu.externaltools.gnu-tools-for-stm32.13.3.rel1.linux64_1.0.0.202410170706/tools/bin/../lib/gcc/arm-none-eabi/13.3.1/../../../../arm-none-eabi/lib/thumb/v6-m/nofp/libc_nano.a(libc_a-wsetup.o)
 .ARM.attributes
                0x00000594       0x2c /opt/st/stm32cubeide_1.19.0/plugins/com.st.stm32cube.ide.mcu.externaltools.gnu-tools-for-stm32.13.3.rel1.linux64_1.0.0.202410170706/tools/bin/../lib/gcc/arm-none-eabi/13.3.1/../../../../arm-none-eabi/lib/thumb/v6-m/nofp/libc_nano.a(libc_a-memset.o)
 .ARM.attributes
                0x000005c0       0x2c /opt/st/stm32cubeide_1.19.0/plugins/com.st.stm32cube.ide.mcu.externaltools.gnu-tools-for-stm32.13.3.rel1.linux64_1.0.0.202410170706/tools/bin/../lib/gcc/arm-none-eabi/13.3.1/../../../../arm-none-eabi/lib/thumb/v6-m/nofp/libc_nano.a(libc_a-closer.o)
 .ARM.attributes
                0x000005ec       0x2c /opt/st/stm32cubeide_1.19.0/plugins/com.st.stm32cube.ide.mcu.externaltools.gnu-tools-for-stm32.13.3.rel1.linux64_1.0.0.202410170706/tools/bin/../lib/gcc/arm-none-eabi/13.3.1/../../../../arm-none-eabi/lib/thumb/v6-m/nofp/libc_nano.a(libc_a-reent.o)
 .ARM.attributes
                0x00000618       0x2c /opt/st/stm32cubeide_1.19.0/plugins/com.st.stm32cube.ide.mcu.externaltools.gnu-tools-for-stm32.13.3.rel1.linux64_1.0.0.202410170706/tools/bin/../lib/gcc/arm-none-eabi/13.3.1/../../../../arm-none-eabi/lib/thumb/v6-m/nofp/libc_nano.a(libc_a-impure.o)
 .ARM.attributes
                0x00000644       0x2c /opt/st/stm32cubeide_1.19.0/plugins/com.st.stm32cube.ide.mcu.externaltools.gnu-tools-for-stm32.13.3.rel1.linux64_1.0.0.202410170706/tools/bin/../lib/gcc/arm-none-eabi/13.3.1/../../../../arm-none-eabi/lib/thumb/v6-m/nofp/libc_nano.a(libc_a-lseekr.o)
 .ARM.attributes
                0x00000670       0x2c /opt/st/stm32cubeide_1.19.0/plugins/com.st.stm32cube.ide.mcu.externaltools.gnu-tools-for-stm32.13.3.rel1.linux64_1.0.0.202410170706/tools/bin/../lib/gcc/arm-none-eabi/13.3.1/../../../../arm-none-eabi/lib/thumb/v6-m/nofp/libc_nano.a(libc_a-readr.o)
 .ARM.attributes
                0x0000069c       0x2c /opt/st/stm32cubeide_1.19.0/plugins/com.st.stm32cube.ide.mcu.externaltools.gnu-tools-for-stm32.13.3.rel1.linux64_1.0.0.202410170706/tools/bin/../lib/gcc/arm-none-eabi/13.3.1/../../../../arm-none-eabi/lib/thumb/v6-m/nofp/libc_nano.a(libc_a-writer.o)
 .ARM.attributes
                0x000006c8       0x2c /opt/st/stm32cubeide_1.19.0/plugins/com.st.stm32cube.ide.mcu.externaltools.gnu-tools-for-stm32.13.3.rel1.linux64_1.0.0.202410170706/tools/bin/../lib/gcc/arm-none-eabi/13.3.1/../../../../arm-none-eabi/lib/thumb/v6-m/nofp/libc_nano.a(libc_a-errno.o)
 .ARM.attributes
                0x000006f4       0x2c /opt/st/stm32cubeide_1.19.0/plugins/com.st.stm32cube.ide.mcu.externaltools.gnu-tools-for-stm32.13.3.rel1.linux64_1.0.0.202410170706/tools/bin/../lib/gcc/arm-none-eabi/13.3.1/../../../../arm-none-eabi/lib/thumb/v6-m/nofp/libc_nano.a(libc_a-init.o)
 .ARM.attributes
                0x00000720       0x2c /opt/st/stm32cubeide_1.19.0/plugins/com.st.stm32cube.ide.mcu.externaltools.gnu-tools-for-stm32.13.3.rel1.linux64_1.0.0.202410170706/tools/bin/../lib/gcc/arm-none-eabi/13.3.1/../../../../arm-none-eabi/lib/thumb/v6-m/nofp/libc_nano.a(libc_a-lock.o)
 .ARM.attributes
                0x0000074c       0x2c /opt/st/stm32cubeide_1.19.0/plugins/com.st.stm32cube.ide.mcu.externaltools.gnu-tools-for-stm32.13.3.rel1.linux64_1.0.0.202410170706/tools/bin/../lib/gcc/arm-none-eabi/13.3.1/../../../../arm-none-eabi/lib/thumb/v6-m/nofp/libc_nano.a(libc_a-freer.o)
 .ARM.attributes
                0x00000778       0x2c /opt/st/stm32cubeide_1.19.0/plugins/com.st.stm32cube.ide.mcu.externaltools.gnu-tools-for-stm32.13.3.rel1.linux64_1.0.0.202410170706/tools/bin/../lib/gcc/arm-none-eabi/13.3.1/../../../../arm-none-eabi/lib/thumb/v6-m/nofp/libc_nano.a(libc_a-mallocr.o)
 .ARM.attributes
                0x000007a4       0x2c /opt/st/stm32cubeide_1.19.0/plugins/com.st.stm32cube.ide.mcu.externaltools.gnu-tools-for-stm32.13.3.rel1.linux64_1.0.0.202410170706/tools/bin/../lib/gcc/arm-none-eabi/13.3.1/../../../../arm-none-eabi/lib/thumb/v6-m/nofp/libc_nano.a(libc_a-mlock.o)
 .ARM.attributes
                0x000007d0       0x2c /opt/st/stm32cubeide_1.19.0/plugins/com.st.stm32cube.ide.mcu.externaltools.gnu-tools-for-stm32.13.3.rel1.linux64_1.0.0.202410170706/tools/bin/../lib/gcc/arm-none-eabi/13.3.1/../../../../arm-none-eabi/lib/thumb/v6-m/nofp/libc_nano.a(libc_a-nano-vfprintf.o)
 .ARM.attributes
                0x000007fc       0x2c /opt/st/stm32cubeide_1.19.0/plugins/com.st.stm32cube.ide.mcu.externaltools.gnu-tools-for-stm32.13.3.rel1.linux64_1.0.0.202410170706/tools/bin/../lib/gcc/arm-none-eabi/13.3.1/../../../../arm-none-eabi/lib/thumb/v6-m/nofp/libc_nano.a(libc_a-nano-vfprintf_i.o)
 .ARM.attributes
                0x00000828       0x2c /opt/st/stm32cubeide_1.19.0/plugins/com.st.stm32cube.ide.mcu.externaltools.gnu-tools-for-stm32.13.3.rel1.linux64_1.0.0.202410170706/tools/bin/../lib/gcc/arm-none-eabi/13.3.1/../../../../arm-none-eabi/lib/thumb/v6-m/nofp/libc_nano.a(libc_a-fflush.o)
 .ARM.attributes
                0x00000854       0x2c /opt/st/stm32cubeide_1.19.0/plugins/com.st.stm32cube.ide.mcu.externaltools.gnu-tools-for-stm32.13.3.rel1.linux64_1.0.0.202410170706/tools/bin/../lib/gcc/arm-none-eabi/13.3.1/../../../../arm-none-eabi/lib/thumb/v6-m/nofp/libc_nano.a(libc_a-makebuf.o)
 .ARM.attributes
                0x00000880       0x2c /opt/st/stm32cubeide_1.19.0/plugins/com.st.stm32cube.ide.mcu.externaltools.gnu-tools-for-stm32.13.3.rel1.linux64_1.0.0.202410170706/tools/bin/../lib/gcc/arm-none-eabi/13.3.1/../../../../arm-none-eabi/lib/thumb/v6-m/nofp/libc_nano.a(libc_a-fstatr.o)
 .ARM.attributes
                0x000008ac       0x2c /opt/st/stm32cubeide_1.19.0/plugins/com.st.stm32cube.ide.mcu.externaltools.gnu-tools-for-stm32.13.3.rel1.linux64_1.0.0.202410170706/tools/bin/../lib/gcc/arm-none-eabi/13.3.1/../../../../arm-none-eabi/lib/thumb/v6-m/nofp/libc_nano.a(libc_a-isattyr.o)
 .ARM.attributes
                0x000008d8       0x2c /opt/st/stm32cubeide_1.19.0/plugins/com.st.stm32cube.ide.mcu.externaltools.gnu-tools-for-stm32.13.3.rel1.linux64_1.0.0.202410170706/tools/bin/../lib/gcc/arm-none-eabi/13.3.1/../../../../arm-none-eabi/lib/thumb/v6-m/nofp/libc_nano.a(libc_a-sbrkr.o)
 .ARM.attributes
                0x00000904       0x2c /opt/st/stm32cubeide_1.19.0/plugins/com.st.stm32cube.ide.mcu.externaltools.gnu-tools-for-stm32.13.3.rel1.linux64_1.0.0.202410170706/tools/bin/../lib/gcc/arm-none-eabi/13.3.1/../../../../arm-none-eabi/lib/thumb/v6-m/nofp/libc_nano.a(libc_a-memchr-stub.o)
 .ARM.attributes
                0x00000930       0x1e /opt/st/stm32cubeide_1.19.0/plugins/com.st.stm32cube.ide.mcu.externaltools.gnu-tools-for-stm32.13.3.rel1.linux64_1.0.0.202410170706/tools/bin/../lib/gcc/arm-none-eabi/13.3.1/thumb/v6-m/nofp/libgcc.a(_thumb1_case_shi.o)
 .ARM.attributes
                0x0000094e       0x1e /opt/st/stm32cubeide_1.19.0/plugins/com.st.stm32cube.ide.mcu.externaltools.gnu-tools-for-stm32.13.3.rel1.linux64_1.0.0.202410170706/tools/bin/../lib/gcc/arm-none-eabi/13.3.1/thumb/v6-m/nofp/libgcc.a(_udivsi3.o)
 .ARM.attributes
                0x0000096c       0x1e /opt/st/stm32cubeide_1.19.0/plugins/com.st.stm32cube.ide.mcu.externaltools.gnu-tools-for-stm32.13.3.rel1.linux64_1.0.0.202410170706/tools/bin/../lib/gcc/arm-none-eabi/13.3.1/thumb/v6-m/nofp/libgcc.a(_dvmd_tls.o)
 .ARM.attributes
                0x0000098a       0x1e /opt/st/stm32cubeide_1.19.0/plugins/com.st.stm32cube.ide.mcu.externaltools.gnu-tools-for-stm32.13.3.rel1.linux64_1.0.0.202410170706/tools/bin/../lib/gcc/arm-none-eabi/13.3.1/thumb/v6-m/nofp/libgcc.a(_arm_cmpsf2.o)
 .ARM.attributes
                0x000009a8       0x2c /opt/st/stm32cubeide_1.19.0/plugins/com.st.stm32cube.ide.mcu.externaltools.gnu-tools-for-stm32.13.3.rel1.linux64_1.0.0.202410170706/tools/bin/../lib/gcc/arm-none-eabi/13.3.1/thumb/v6-m/nofp/libgcc.a(_muldi3.o)
 .ARM.attributes
                0x000009d4       0x2c /opt/st/stm32cubeide_1.19.0/plugins/com.st.stm32cube.ide.mcu.externaltools.gnu-tools-for-stm32.13.3.rel1.linux64_1.0.0.202410170706/tools/bin/../lib/gcc/arm-none-eabi/13.3.1/thumb/v6-m/nofp/libgcc.a(_fixunssfsi.o)
 .ARM.attributes
                0x00000a00       0x2c /opt/st/stm32cubeide_1.19.0/plugins/com.st.stm32cube.ide.mcu.externaltools.gnu-tools-for-stm32.13.3.rel1.linux64_1.0.0.202410170706/tools/bin/../lib/gcc/arm-none-eabi/13.3.1/thumb/v6-m/nofp/libgcc.a(addsf3.o)
 .ARM.attributes
                0x00000a2c       0x2c /opt/st/stm32cubeide_1.19.0/plugins/com.st.stm32cube.ide.mcu.externaltools.gnu-tools-for-stm32.13.3.rel1.linux64_1.0.0.202410170706/tools/bin/../lib/gcc/arm-none-eabi/13.3.1/thumb/v6-m/nofp/libgcc.a(divsf3.o)
 .ARM.attributes
                0x00000a58       0x2c /opt/st/stm32cubeide_1.19.0/plugins/com.st.stm32cube.ide.mcu.externaltools.gnu-tools-for-stm32.13.3.rel1.linux64_1.0.0.202410170706/tools/bin/../lib/gcc/arm-none-eabi/13.3.1/thumb/v6-m/nofp/libgcc.a(eqsf2.o)
 .ARM.attributes
                0x00000a84       0x2c /opt/st/stm32cubeide_1.19.0/plugins/com.st.stm32cube.ide.mcu.externaltools.gnu-tools-for-stm32.13.3.rel1.linux64_1.0.0.202410170706/tools/bin/../lib/gcc/arm-none-eabi/13.3.1/thumb/v6-m/nofp/libgcc.a(gesf2.o)
 .ARM.attributes
                0x00000ab0       0x2c /opt/st/stm32cubeide_1.19.0/plugins/com.st.stm32cube.ide.mcu.externaltools.gnu-tools-for-stm32.13.3.rel1.linux64_1.0.0.202410170706/tools/bin/../lib/gcc/arm-none-eabi/13.3.1/thumb/v6-m/nofp/libgcc.a(lesf2.o)
 .ARM.attributes
                0x00000adc       0x2c /opt/st/stm32cubeide_1.19.0/plugins/com.st.stm32cube.ide.mcu.externaltools.gnu-tools-for-stm32.13.3.rel1.linux64_1.0.0.202410170706/tools/bin/../lib/gcc/arm-none-eabi/13.3.1/thumb/v6-m/nofp/libgcc.a(mulsf3.o)
 .ARM.attributes
                0x00000b08       0x2c /opt/st/stm32cubeide_1.19.0/plugins/com.st.stm32cube.ide.mcu.externaltools.gnu-tools-for-stm32.13.3.rel1.linux64_1.0.0.202410170706/tools/bin/../lib/gcc/arm-none-eabi/13.3.1/thumb/v6-m/nofp/libgcc.a(subsf3.o)
 .ARM.attributes
                0x00000b34       0x2c /opt/st/stm32cubeide_1.19.0/plugins/com.st.stm32cube.ide.mcu.externaltools.gnu-tools-for-stm32.13.3.rel1.linux64_1.0.0.202410170706/tools/bin/../lib/gcc/arm-none-eabi/13.3.1/thumb/v6-m/nofp/libgcc.a(fixsfsi.o)
 .ARM.attributes
                0x00000b60       0x2c /opt/st/stm32cubeide_1.19.0/plugins/com.st.stm32cube.ide.mcu.externaltools.gnu-tools-for-stm32.13.3.rel1.linux64_1.0.0.202410170706/tools/bin/../lib/gcc/arm-none-eabi/13.3.1/thumb/v6-m/nofp/libgcc.a(floatsisf.o)
 .ARM.attributes
                0x00000b8c       0x2c /opt/st/stm32cubeide_1.19.0/plugins/com.st.stm32cube.ide.mcu.externaltools.gnu-tools-for-stm32.13.3.rel1.linux64_1.0.0.202410170706/tools/bin/../lib/gcc/arm-none-eabi/13.3.1/thumb/v6-m/nofp/libgcc.a(floatunsisf.o)
 .ARM.attributes
                0x00000bb8       0x1e /opt/st/stm32cubeide_1.19.0/plugins/com.st.stm32cube.ide.mcu.externaltools.gnu-tools-for-stm32.13.3.rel1.linux64_1.0.0.202410170706/tools/bin/../lib/gcc/arm-none-eabi/13.3.1/thumb/v6-m/nofp/libgcc.a(_clzsi2.o)
 .ARM.attributes
                0x00000bd6       0x1e /opt/st/stm32cubeide_1.19.0/plugins/com.st.stm32cube.ide.mcu.externaltools.gnu-tools-for-stm32.13.3.rel1.linux64_1.0.0.202410170706/tools/bin/../lib/gcc/arm-none-eabi/13.3.1/thumb/v6-m/nofp/crtn.o
OUTPUT(firmware1.elf elf32-littlearm)
LOAD linker stubs
LOAD /opt/st/stm32cubeide_1.19.0/plugins/com.st.stm32cube.ide.mcu.externaltools.gnu-tools-for-stm32.13.3.rel1.linux64_1.0.0.202410170706/tools/bin/../lib/gcc/arm-none-eabi/13.3.1/../../../../arm-none-eabi/lib/thumb/v6-m/nofp/libc.a
LOAD /opt/st/stm32cubeide_1.19.0/plugins/com.st.stm32cube.ide.mcu.externaltools.gnu-tools-for-stm32.13.3.rel1.linux64_1.0.0.202410170706/tools/bin/../lib/gcc/arm-none-eabi/13.3.1/../../../../arm-none-eabi/lib/thumb/v6-m/nofp/libm.a
LOAD /opt/st/stm32cubeide_1.19.0/plugins/com.st.stm32cube.ide.mcu.externaltools.gnu-tools-for-stm32.13.3.rel1.linux64_1.0.0.202410170706/tools/bin/../lib/gcc/arm-none-eabi/13.3.1/thumb/v6-m/nofp/libgcc.a

.debug_info     0x00000000     0xf431
 .debug_info    0x00000000      0x7e0 ./Core/Src/i2c_slave_app.o
 .debug_info    0x000007e0     0x18c5 ./Core/Src/main.o
 .debug_info    0x000020a5      0x414 ./Core/Src/ms58.o
 .debug_info    0x000024b9      0x7d1 ./Core/Src/ms5837_hal.o
 .debug_info    0x00002c8a      0xf66 ./Core/Src/stm32l0xx_hal_msp.o
 .debug_info    0x00003bf0      0x9da ./Core/Src/stm32l0xx_it.o
 .debug_info    0x000045ca      0x6a3 ./Core/Src/syscalls.o
 .debug_info    0x00004c6d      0x168 ./Core/Src/sysmem.o
 .debug_info    0x00004dd5      0x2d0 ./Core/Src/system_stm32l0xx.o
 .debug_info    0x000050a5       0x30 ./Core/Startup/startup_stm32l072cbtx.o
 .debug_info    0x000050d5      0x8a6 ./Drivers/STM32L0xx_HAL_Driver/stm32l0xx_hal.o
 .debug_info    0x0000597b      0x89c ./Drivers/STM32L0xx_HAL_Driver/stm32l0xx_hal_cortex.o
 .debug_info    0x00006217      0x83d ./Drivers/STM32L0xx_HAL_Driver/stm32l0xx_hal_dac.o
 .debug_info    0x00006a54      0x9b5 ./Drivers/STM32L0xx_HAL_Driver/stm32l0xx_hal_dac_ex.o
 .debug_info    0x00007409      0x70b ./Drivers/STM32L0xx_HAL_Driver/stm32l0xx_hal_dma.o
 .debug_info    0x00007b14      0x617 ./Drivers/STM32L0xx_HAL_Driver/stm32l0xx_hal_gpio.o
 .debug_info    0x0000812b     0x20da ./Drivers/STM32L0xx_HAL_Driver/stm32l0xx_hal_i2c.o
 .debug_info    0x0000a205      0x878 ./Drivers/STM32L0xx_HAL_Driver/stm32l0xx_hal_i2c_ex.o
 .debug_info    0x0000aa7d      0xa2a ./Drivers/STM32L0xx_HAL_Driver/stm32l0xx_hal_rcc.o
 .debug_info    0x0000b4a7      0x7e0 ./Drivers/STM32L0xx_HAL_Driver/stm32l0xx_hal_rcc_ex.o
 .debug_info    0x0000bc87     0x27d1 ./Drivers/STM32L0xx_HAL_Driver/stm32l0xx_hal_tim.o
 .debug_info    0x0000e458      0x6af ./Drivers/STM32L0xx_HAL_Driver/stm32l0xx_hal_tim_ex.o
 .debug_info    0x0000eb07      0x19a ./drivers/dac_calib.o
 .debug_info    0x0000eca1      0x790 ./drivers/dac_ctrl.o

.debug_abbrev   0x00000000     0x2c69
 .debug_abbrev  0x00000000      0x211 ./Core/Src/i2c_slave_app.o
 .debug_abbrev  0x00000211      0x3dd ./Core/Src/main.o
 .debug_abbrev  0x000005ee      0x15d ./Core/Src/ms58.o
 .debug_abbrev  0x0000074b      0x1e5 ./Core/Src/ms5837_hal.o
 .debug_abbrev  0x00000930      0x20c ./Core/Src/stm32l0xx_hal_msp.o
 .debug_abbrev  0x00000b3c      0x1b0 ./Core/Src/stm32l0xx_it.o
 .debug_abbrev  0x00000cec      0x1b6 ./Core/Src/syscalls.o
 .debug_abbrev  0x00000ea2       0xbc ./Core/Src/sysmem.o
 .debug_abbrev  0x00000f5e      0x11c ./Core/Src/system_stm32l0xx.o
 .debug_abbrev  0x0000107a       0x24 ./Core/Startup/startup_stm32l072cbtx.o
 .debug_abbrev  0x0000109e      0x2a0 ./Drivers/STM32L0xx_HAL_Driver/stm32l0xx_hal.o
 .debug_abbrev  0x0000133e      0x29b ./Drivers/STM32L0xx_HAL_Driver/stm32l0xx_hal_cortex.o
 .debug_abbrev  0x000015d9      0x160 ./Drivers/STM32L0xx_HAL_Driver/stm32l0xx_hal_dac.o
 .debug_abbrev  0x00001739      0x22b ./Drivers/STM32L0xx_HAL_Driver/stm32l0xx_hal_dac_ex.o
 .debug_abbrev  0x00001964      0x1cd ./Drivers/STM32L0xx_HAL_Driver/stm32l0xx_hal_dma.o
 .debug_abbrev  0x00001b31      0x1cb ./Drivers/STM32L0xx_HAL_Driver/stm32l0xx_hal_gpio.o
 .debug_abbrev  0x00001cfc      0x270 ./Drivers/STM32L0xx_HAL_Driver/stm32l0xx_hal_i2c.o
 .debug_abbrev  0x00001f6c      0x1b9 ./Drivers/STM32L0xx_HAL_Driver/stm32l0xx_hal_i2c_ex.o
 .debug_abbrev  0x00002125      0x296 ./Drivers/STM32L0xx_HAL_Driver/stm32l0xx_hal_rcc.o
 .debug_abbrev  0x000023bb      0x21a ./Drivers/STM32L0xx_HAL_Driver/stm32l0xx_hal_rcc_ex.o
 .debug_abbrev  0x000025d5      0x272 ./Drivers/STM32L0xx_HAL_Driver/stm32l0xx_hal_tim.o
 .debug_abbrev  0x00002847      0x1ab ./Drivers/STM32L0xx_HAL_Driver/stm32l0xx_hal_tim_ex.o
 .debug_abbrev  0x000029f2       0xda ./drivers/dac_calib.o
 .debug_abbrev  0x00002acc      0x19d ./drivers/dac_ctrl.o

.debug_aranges  0x00000000      0xfe0
 .debug_aranges
                0x00000000       0x48 ./Core/Src/i2c_slave_app.o
 .debug_aranges
                0x00000048       0x90 ./Core/Src/main.o
 .debug_aranges
                0x000000d8       0x40 ./Core/Src/ms58.o
 .debug_aranges
                0x00000118       0x38 ./Core/Src/ms5837_hal.o
 .debug_aranges
                0x00000150       0x50 ./Core/Src/stm32l0xx_hal_msp.o
 .debug_aranges
                0x000001a0       0x58 ./Core/Src/stm32l0xx_it.o
 .debug_aranges
                0x000001f8       0xa8 ./Core/Src/syscalls.o
 .debug_aranges
                0x000002a0       0x20 ./Core/Src/sysmem.o
 .debug_aranges
                0x000002c0       0x28 ./Core/Src/system_stm32l0xx.o
 .debug_aranges
                0x000002e8       0x28 ./Core/Startup/startup_stm32l072cbtx.o
 .debug_aranges
                0x00000310      0x110 ./Drivers/STM32L0xx_HAL_Driver/stm32l0xx_hal.o
 .debug_aranges
                0x00000420       0xe8 ./Drivers/STM32L0xx_HAL_Driver/stm32l0xx_hal_cortex.o
 .debug_aranges
                0x00000508       0xa8 ./Drivers/STM32L0xx_HAL_Driver/stm32l0xx_hal_dac.o
 .debug_aranges
                0x000005b0       0xb8 ./Drivers/STM32L0xx_HAL_Driver/stm32l0xx_hal_dac_ex.o
 .debug_aranges
                0x00000668       0x80 ./Drivers/STM32L0xx_HAL_Driver/stm32l0xx_hal_dma.o
 .debug_aranges
                0x000006e8       0x58 ./Drivers/STM32L0xx_HAL_Driver/stm32l0xx_hal_gpio.o
 .debug_aranges
                0x00000740      0x2a0 ./Drivers/STM32L0xx_HAL_Driver/stm32l0xx_hal_i2c.o
 .debug_aranges
                0x000009e0       0x48 ./Drivers/STM32L0xx_HAL_Driver/stm32l0xx_hal_i2c_ex.o
 .debug_aranges
                0x00000a28       0x80 ./Drivers/STM32L0xx_HAL_Driver/stm32l0xx_hal_rcc.o
 .debug_aranges
                0x00000aa8       0xb0 ./Drivers/STM32L0xx_HAL_Driver/stm32l0xx_hal_rcc_ex.o
 .debug_aranges
                0x00000b58      0x3d0 ./Drivers/STM32L0xx_HAL_Driver/stm32l0xx_hal_tim.o
 .debug_aranges
                0x00000f28       0x28 ./Drivers/STM32L0xx_HAL_Driver/stm32l0xx_hal_tim_ex.o
 .debug_aranges
                0x00000f50       0x30 ./drivers/dac_calib.o
 .debug_aranges
                0x00000f80       0x60 ./drivers/dac_ctrl.o

.debug_rnglists
                0x00000000      0xc0e
 .debug_rnglists
                0x00000000       0x32 ./Core/Src/i2c_slave_app.o
 .debug_rnglists
                0x00000032       0x6c ./Core/Src/main.o
 .debug_rnglists
                0x0000009e       0x2d ./Core/Src/ms58.o
 .debug_rnglists
                0x000000cb       0x25 ./Core/Src/ms5837_hal.o
 .debug_rnglists
                0x000000f0       0x39 ./Core/Src/stm32l0xx_hal_msp.o
 .debug_rnglists
                0x00000129       0x3d ./Core/Src/stm32l0xx_it.o
 .debug_rnglists
                0x00000166       0x79 ./Core/Src/syscalls.o
 .debug_rnglists
                0x000001df       0x13 ./Core/Src/sysmem.o
 .debug_rnglists
                0x000001f2       0x1a ./Core/Src/system_stm32l0xx.o
 .debug_rnglists
                0x0000020c       0x19 ./Core/Startup/startup_stm32l072cbtx.o
 .debug_rnglists
                0x00000225       0xc7 ./Drivers/STM32L0xx_HAL_Driver/stm32l0xx_hal.o
 .debug_rnglists
                0x000002ec       0xaa ./Drivers/STM32L0xx_HAL_Driver/stm32l0xx_hal_cortex.o
 .debug_rnglists
                0x00000396       0x7a ./Drivers/STM32L0xx_HAL_Driver/stm32l0xx_hal_dac.o
 .debug_rnglists
                0x00000410       0x89 ./Drivers/STM32L0xx_HAL_Driver/stm32l0xx_hal_dac_ex.o
 .debug_rnglists
                0x00000499       0x65 ./Drivers/STM32L0xx_HAL_Driver/stm32l0xx_hal_dma.o
 .debug_rnglists
                0x000004fe       0x3f ./Drivers/STM32L0xx_HAL_Driver/stm32l0xx_hal_gpio.o
 .debug_rnglists
                0x0000053d      0x229 ./Drivers/STM32L0xx_HAL_Driver/stm32l0xx_hal_i2c.o
 .debug_rnglists
                0x00000766       0x35 ./Drivers/STM32L0xx_HAL_Driver/stm32l0xx_hal_i2c_ex.o
 .debug_rnglists
                0x0000079b       0x61 ./Drivers/STM32L0xx_HAL_Driver/stm32l0xx_hal_rcc.o
 .debug_rnglists
                0x000007fc       0x85 ./Drivers/STM32L0xx_HAL_Driver/stm32l0xx_hal_rcc_ex.o
 .debug_rnglists
                0x00000881      0x310 ./Drivers/STM32L0xx_HAL_Driver/stm32l0xx_hal_tim.o
 .debug_rnglists
                0x00000b91       0x1a ./Drivers/STM32L0xx_HAL_Driver/stm32l0xx_hal_tim_ex.o
 .debug_rnglists
                0x00000bab       0x20 ./drivers/dac_calib.o
 .debug_rnglists
                0x00000bcb       0x43 ./drivers/dac_ctrl.o

.debug_macro    0x00000000    0x16e4c
 .debug_macro   0x00000000      0x1f4 ./Core/Src/i2c_slave_app.o
 .debug_macro   0x000001f4      0xab4 ./Core/Src/i2c_slave_app.o
 .debug_macro   0x00000ca8      0x125 ./Core/Src/i2c_slave_app.o
 .debug_macro   0x00000dcd       0x2e ./Core/Src/i2c_slave_app.o
 .debug_macro   0x00000dfb       0x28 ./Core/Src/i2c_slave_app.o
 .debug_macro   0x00000e23       0x22 ./Core/Src/i2c_slave_app.o
 .debug_macro   0x00000e45       0x8e ./Core/Src/i2c_slave_app.o
 .debug_macro   0x00000ed3       0x51 ./Core/Src/i2c_slave_app.o
 .debug_macro   0x00000f24      0x103 ./Core/Src/i2c_slave_app.o
 .debug_macro   0x00001027       0x6a ./Core/Src/i2c_slave_app.o
 .debug_macro   0x00001091      0x1df ./Core/Src/i2c_slave_app.o
 .debug_macro   0x00001270       0x1c ./Core/Src/i2c_slave_app.o
 .debug_macro   0x0000128c       0x22 ./Core/Src/i2c_slave_app.o
 .debug_macro   0x000012ae       0xaf ./Core/Src/i2c_slave_app.o
 .debug_macro   0x0000135d      0x4da ./Core/Src/i2c_slave_app.o
 .debug_macro   0x00001837      0x11f ./Core/Src/i2c_slave_app.o
 .debug_macro   0x00001956     0xa33b ./Core/Src/i2c_slave_app.o
 .debug_macro   0x0000bc91       0x66 ./Core/Src/i2c_slave_app.o
 .debug_macro   0x0000bcf7     0x35ac ./Core/Src/i2c_slave_app.o
 .debug_macro   0x0000f2a3      0x190 ./Core/Src/i2c_slave_app.o
 .debug_macro   0x0000f433       0x5c ./Core/Src/i2c_slave_app.o
 .debug_macro   0x0000f48f      0x8ea ./Core/Src/i2c_slave_app.o
 .debug_macro   0x0000fd79      0xb52 ./Core/Src/i2c_slave_app.o
 .debug_macro   0x000108cb      0x197 ./Core/Src/i2c_slave_app.o
 .debug_macro   0x00010a62      0x13f ./Core/Src/i2c_slave_app.o
 .debug_macro   0x00010ba1      0x1ca ./Core/Src/i2c_slave_app.o
 .debug_macro   0x00010d6b       0x82 ./Core/Src/i2c_slave_app.o
 .debug_macro   0x00010ded      0x28e ./Core/Src/i2c_slave_app.o
 .debug_macro   0x0001107b      0x1e9 ./Core/Src/i2c_slave_app.o
 .debug_macro   0x00011264      0x122 ./Core/Src/i2c_slave_app.o
 .debug_macro   0x00011386       0xa0 ./Core/Src/i2c_slave_app.o
 .debug_macro   0x00011426      0x13d ./Core/Src/i2c_slave_app.o
 .debug_macro   0x00011563      0x4ac ./Core/Src/i2c_slave_app.o
 .debug_macro   0x00011a0f      0x22c ./Core/Src/i2c_slave_app.o
 .debug_macro   0x00011c3b       0x5b ./Core/Src/i2c_slave_app.o
 .debug_macro   0x00011c96       0xa5 ./Core/Src/i2c_slave_app.o
 .debug_macro   0x00011d3b      0x186 ./Core/Src/i2c_slave_app.o
 .debug_macro   0x00011ec1       0x16 ./Core/Src/i2c_slave_app.o
 .debug_macro   0x00011ed7      0x788 ./Core/Src/i2c_slave_app.o
 .debug_macro   0x0001265f       0xfc ./Core/Src/i2c_slave_app.o
 .debug_macro   0x0001275b      0x170 ./Core/Src/i2c_slave_app.o
 .debug_macro   0x000128cb       0x4c ./Core/Src/i2c_slave_app.o
 .debug_macro   0x00012917       0x22 ./Core/Src/i2c_slave_app.o
 .debug_macro   0x00012939      0x2eb ./Core/Src/main.o
 .debug_macro   0x00012c24       0x7c ./Core/Src/main.o
 .debug_macro   0x00012ca0       0x16 ./Core/Src/main.o
 .debug_macro   0x00012cb6       0x61 ./Core/Src/main.o
 .debug_macro   0x00012d17       0x24 ./Core/Src/main.o
 .debug_macro   0x00012d3b       0x43 ./Core/Src/main.o
 .debug_macro   0x00012d7e       0x34 ./Core/Src/main.o
 .debug_macro   0x00012db2      0x370 ./Core/Src/main.o
 .debug_macro   0x00013122       0x16 ./Core/Src/main.o
 .debug_macro   0x00013138       0x4a ./Core/Src/main.o
 .debug_macro   0x00013182       0x34 ./Core/Src/main.o
 .debug_macro   0x000131b6       0x10 ./Core/Src/main.o
 .debug_macro   0x000131c6       0x58 ./Core/Src/main.o
 .debug_macro   0x0001321e       0x8e ./Core/Src/main.o
 .debug_macro   0x000132ac       0x1c ./Core/Src/main.o
 .debug_macro   0x000132c8      0x185 ./Core/Src/main.o
 .debug_macro   0x0001344d      0x19b ./Core/Src/main.o
 .debug_macro   0x000135e8      0x16c ./Core/Src/ms58.o
 .debug_macro   0x00013754       0x16 ./Core/Src/ms58.o
 .debug_macro   0x0001376a       0x9e ./Core/Src/ms58.o
 .debug_macro   0x00013808      0x112 ./Core/Src/ms58.o
 .debug_macro   0x0001391a       0x10 ./Core/Src/ms58.o
 .debug_macro   0x0001392a       0x16 ./Core/Src/ms58.o
 .debug_macro   0x00013940       0x16 ./Core/Src/ms58.o
 .debug_macro   0x00013956      0x146 ./Core/Src/ms58.o
 .debug_macro   0x00013a9c      0x2e7 ./Core/Src/ms5837_hal.o
 .debug_macro   0x00013d83       0x3c ./Core/Src/ms5837_hal.o
 .debug_macro   0x00013dbf      0x1dd ./Core/Src/stm32l0xx_hal_msp.o
 .debug_macro   0x00013f9c      0x1e7 ./Core/Src/stm32l0xx_it.o
 .debug_macro   0x00014183      0x274 ./Core/Src/syscalls.o
 .debug_macro   0x000143f7       0x5b ./Core/Src/syscalls.o
 .debug_macro   0x00014452       0x94 ./Core/Src/syscalls.o
 .debug_macro   0x000144e6       0x57 ./Core/Src/syscalls.o
 .debug_macro   0x0001453d       0x10 ./Core/Src/syscalls.o
 .debug_macro   0x0001454d       0x10 ./Core/Src/syscalls.o
 .debug_macro   0x0001455d       0x10 ./Core/Src/syscalls.o
 .debug_macro   0x0001456d       0x10 ./Core/Src/syscalls.o
 .debug_macro   0x0001457d       0x1c ./Core/Src/syscalls.o
 .debug_macro   0x00014599       0x52 ./Core/Src/syscalls.o
 .debug_macro   0x000145eb       0x22 ./Core/Src/syscalls.o
 .debug_macro   0x0001460d       0x10 ./Core/Src/syscalls.o
 .debug_macro   0x0001461d       0x52 ./Core/Src/syscalls.o
 .debug_macro   0x0001466f       0xcf ./Core/Src/syscalls.o
 .debug_macro   0x0001473e       0x1c ./Core/Src/syscalls.o
 .debug_macro   0x0001475a       0x3d ./Core/Src/syscalls.o
 .debug_macro   0x00014797       0x35 ./Core/Src/syscalls.o
 .debug_macro   0x000147cc      0x12c ./Core/Src/syscalls.o
 .debug_macro   0x000148f8       0x16 ./Core/Src/syscalls.o
 .debug_macro   0x0001490e       0x16 ./Core/Src/syscalls.o
 .debug_macro   0x00014924       0x29 ./Core/Src/syscalls.o
 .debug_macro   0x0001494d       0x10 ./Core/Src/syscalls.o
 .debug_macro   0x0001495d      0x242 ./Core/Src/syscalls.o
 .debug_macro   0x00014b9f       0x1c ./Core/Src/syscalls.o
 .debug_macro   0x00014bbb       0x10 ./Core/Src/syscalls.o
 .debug_macro   0x00014bcb      0x18a ./Core/Src/syscalls.o
 .debug_macro   0x00014d55       0x16 ./Core/Src/syscalls.o
 .debug_macro   0x00014d6b       0xce ./Core/Src/syscalls.o
 .debug_macro   0x00014e39      0x112 ./Core/Src/sysmem.o
 .debug_macro   0x00014f4b      0x23c ./Core/Src/sysmem.o
 .debug_macro   0x00015187      0x1ce ./Core/Src/system_stm32l0xx.o