../Core/Src/main.c:82:13:sensor_init_once	8	static
../Core/Src/main.c:95:13:sensor_do_blocking_read	40	static
../Core/Src/main.c:109:6:HAL_TIM_PeriodElapsedCallback	16	static
../Core/Src/main.c:123:5:main	8	static
../Core/Src/main.c:188:6:SystemClock_Config	128	static
../Core/Src/main.c:239:13:MX_DAC_Init	16	static
../Core/Src/main.c:286:13:MX_I2C1_Init	8	static
../Core/Src/main.c:334:13:MX_I2C2_Init	8	static
../Core/Src/main.c:382:13:MX_TIM2_Init	32	static
../Core/Src/main.c:427:13:MX_GPIO_Init	24	static
../Core/Src/main.c:451:6:Error_Handler	8	static,ignoring_inline_asm
